
Running 71 tests using 1 worker

(node:1544) Warning: The 'NO_COLOR' env is ignored due to the 'FORCE_COLOR' env being set.
(Use `node --trace-warnings ...` to show where the warning was created)
(node:1544) Warning: The 'NO_COLOR' env is ignored due to the 'FORCE_COLOR' env being set.
(Use `node --trace-warnings ...` to show where the warning was created)
  ok  1 tests\build.spec.ts:4:1 › prebattle skill selection and in-battle purchases use normal UI (14.6s)
  ok  2 tests\build.spec.ts:12:1 › compact build panel is usable and blocks movement input (7.4s)
  ok  3 tests\build.spec.ts:16:1 › prebattle dual professions preserve preferences, real battle swaps refresh the equipped skill (29.8s)
  ok  4 tests\build.spec.ts:28:1 › unlock presets enforce caps without discarding already purchased branches (16.8s)
  ok  5 tests\build.spec.ts:32:1 › changing the initial test mode does not refund purchases or erase configured skills (12.8s)
  ok  6 tests\personal.spec.ts:4:1 › number selection and held WASD preserve selected character, release and blur stop movement (8.7s)
  ok  7 tests\personal.spec.ts:5:1 › E keeps selection, stops held movement and does not silently resume; pause survives right cancel (4.8s)
  ok  8 tests\personal.spec.ts:6:1 › mouse-only blink, separate copy control and healthy shadow return use actual buttons (12.4s)
  ok  9 tests\personal.spec.ts:7:1 › Shift uses held direction and cannot blink hunter while another character selected (5.1s)
  ok 10 tests\personal.spec.ts:8:1 › real map keyboard recall, redeployment and explicit casualty rescue form one loop (9.8s)
  ok 11 tests\personal.spec.ts:23:1 › menu interruption requires release and press again; right cancel keeps submitted recall (7.2s)
  ok 12 tests\personal.spec.ts:27:1 › compact reduced-motion controls remain reachable and render ten reserve marks (6.5s)
  ok 13 tests\t017.spec.ts:7:34 › full viewport centers the tower and fits the ground at 1920x1080 (11.0s)
  ok 14 tests\t017.spec.ts:7:34 › full viewport centers the tower and fits the ground at 1600x900 (11.2s)
  ok 15 tests\t017.spec.ts:7:34 › full viewport centers the tower and fits the ground at 1440x1000 (9.6s)
  ok 16 tests\t017.spec.ts:7:34 › full viewport centers the tower and fits the ground at 1280x720 (8.2s)
  ok 17 tests\t017.spec.ts:11:1 › visible HUD backgrounds consume input while transparent HUD space remains a world surface (6.0s)
  ok 18 tests\t017.spec.ts:15:1 › captured roster drag released over HUD cannot deploy into the valid ground behind it (16.8s)
  ok 19 tests\t017.spec.ts:20:39 › tower UI toggles and sale drag never change a static world's projection (22.8s)
  ok 20 tests\t017.spec.ts:20:39 › explore UI toggles and sale drag never change a static world's projection (13.3s)
  ok 21 tests\t017.spec.ts:29:35 › exploration retains paused hunter follow and bounded companion offset, reduced=false (10.8s)
  ok 22 tests\t017.spec.ts:29:35 › exploration retains paused hunter follow and bounded companion offset, reduced=true (9.8s)
  ok 23 tests\t017.spec.ts:34:1 › workbench tower shares the full viewport fit and centered world (7.7s)
  x  24 tests\t018.spec.ts:3:1 › standalone imported map, hand drawer, campfire restoration and exit victory (10.8s)
(node:24872) Warning: The 'NO_COLOR' env is ignored due to the 'FORCE_COLOR' env being set.
(Use `node --trace-warnings ...` to show where the warning was created)
(node:24872) Warning: The 'NO_COLOR' env is ignored due to the 'FORCE_COLOR' env being set.
(Use `node --trace-warnings ...` to show where the warning was created)
  ok 25 tests\t018.spec.ts:24:1 › drawer locks for selected cards and imported corridors accept actual movement (8.7s)
  ok 26 tests\t019.spec.ts:5:1 › departure requires one companion and permits changing it before leaving (9.3s)
  ok 27 tests\t019.spec.ts:11:1 › two-person roster and clones survive a completed run and a different companion next run (16.3s)
  ok 28 tests\t019.spec.ts:22:1 › real-time WASD and seeded encounter debug evidence use EC01 tuning (14.1s)
  ok 29 tests\t020.spec.ts:6:1 › real C and numbers change DirectActor even paused; clone observation keeps skill and control (13.0s)
  ok 30 tests\t020.spec.ts:14:1 › modal aim and panels block quick control without canceling the action (10.6s)
  ok 31 tests\t020.spec.ts:20:1 › camera follows current primary with capped offset, smooth switching and fixed projection (20.5s)
  ok 32 tests\t020.spec.ts:28:1 › skill input stays on controlled companion and incapacitation updates control without revival theft (21.3s)
  ok 33 tests\t020.spec.ts:33:1 › blink, item, drag, economy and exit confirmation retain exclusive input (14.8s)
  ok 34 tests\t021.spec.ts:8:1 › Shift follows actual C control, independent stock, pause and partner HUD (11.8s)
  ok 35 tests\t021.spec.ts:15:1 › ranger real stop-shot-WASD-stop cycle keeps attack period and plays movement (19.3s)
  ok 36 tests\t021.spec.ts:33:1 › partner mouse aim, no battlefield direction and exclusive UI do not consume accidentally (10.7s)
  ok 37 tests\t021.spec.ts:41:1 › evasion feedback borrows live texture without disposing it and asset fallback is explicit (8.7s)
  ok 38 tests\t022.spec.ts:5:38 › melee telegraph uses locked core geometry and real WASD can avoid (13.3s)
  ok 39 tests\t022.spec.ts:5:38 › ranged telegraph uses locked core geometry and real WASD can avoid (14.6s)
  ok 40 tests\t022.spec.ts:6:1 › standing in a ranged line receives damage and reduced motion still distinguishes lock (12.5s)
  ok 41 tests\t022.spec.ts:7:1 › enemy attack animation begins with tracking intent (8.2s)
  ok 42 tests\t022.spec.ts:8:1 › heavy locked area resolves against both originals in the browser (13.5s)
  ok 43 tests\t022.spec.ts:9:30 › real Shift active window inside a locked heavy area (9.0s)
  ok 44 tests\t022.spec.ts:9:30 › real Shift expired window inside a locked heavy area (9.2s)
  ok 45 tests\t022.spec.ts:19:1 › paused tracking and locked screenshots preserve world picking (12.1s)
  ok 46 tests\t023.spec.ts:9:1 › real hunter attack, C handoff and Arl skill button produce push then wall pin (13.4s)
  ok 47 tests\t023.spec.ts:30:42 › browser tracking persists Broken and disappears at Break (8.1s)
  ok 48 tests\t023.spec.ts:30:42 › browser locked persists Broken and disappears at Break (8.2s)
  ok 49 tests\t023.spec.ts:34:1 › one real heavy intent pushes hunter farther than Ines and control recovers (8.9s)
  ok 50 tests\t024.spec.ts:5:1 › same Heavy and build front/back damage and Broken counts, ordinary enemies remain neutral (7.1s)
  ok 51 tests\t024.spec.ts:10:1 › real C and WASD let Arl circle a locked Heavy, show short weakpoint feedback and debug only indicators (13.9s)
  ok 52 tests\t024.spec.ts:20:1 › back Broken followed by real Arl enhanced arrow pins Heavy to an existing dungeon wall (13.8s)
  ok 53 tests\t024.spec.ts:25:1 › reduced motion keeps the weakpoint label readable without a growing ring (9.8s)
  ok 54 tests\t025.spec.ts:10:1 › Ranger real E toggle survives automatic Rain, third slot is empty and Build swaps only run slots (16.5s)
  ok 55 tests\t025.spec.ts:19:1 › Shieldguard real R casts Sanctuary while Pain counts independently; foreground cannot be unloaded (15.3s)
  ok 56 tests\t025.spec.ts:26:1 › Scythe mode remains enabled across Reap; slot preview, clone view and actor switch stay separate (15.0s)
  ok 57 tests\t026.spec.ts:15:1 › Melee selects Cleave, lock stays frozen, Basic remains, real direct hit starts delayed side step (12.3s)
  ok 58 tests\t026.spec.ts:24:1 › Ranged Power Shot resolves through shared hit; real W proximity triggers delayed Backstep with finite cooldown (11.5s)
  ok 59 tests\t026.spec.ts:32:1 › Heavy Slam hits both originals and Brace has a visible tell, front armour, real C/W back Weakpoint (13.7s)
  ok 60 tests\t026.spec.ts:39:42 › real hit Break interrupts tracking ability, no Resolve and cooldown retained (9.6s)
  ok 61 tests\t026.spec.ts:39:42 › real hit Break interrupts locked ability, no Resolve and cooldown retained (8.8s)
  ok 62 tests\t026.spec.ts:43:1 › normal four-role encounter runs multiple cycles with deterministic offsets and readable telegraphs (9.0s)
  ok 63 tests\t026.spec.ts:46:1 › reduced motion preserves ability double edge, reaction tell, debug cooldowns and world picking (13.6s)
  ok 64 tests\t027.spec.ts:14:1 › AI Al crosses the old two-unit limit inside its encounter without pulling an inactive group (8.7s)
  ok 65 tests\t027.spec.ts:15:1 › Al autonomously flanks Heavy and produces a real directional hit (8.7s)
  ok 66 tests\t027.spec.ts:16:1 › visible Slam has a real reaction delay and walking preserves mobility charges (9.6s)
  ok 67 tests\t027.spec.ts:17:1 › companion under real Slow consumes real Evade when walking cannot finish before Slam (9.8s)
  ok 68 tests\t027.spec.ts:18:1 › real C leaves Hunter as AI and emergency Blink consumes its charge (10.3s)
  ok 69 tests\t027.spec.ts:19:1 › Ines crosses the old radius to peel a threat to the DirectActor (9.1s)
  ok 70 tests\t027.spec.ts:20:1 › explicit move then real C finishes the destination before AI freely resumes; 20 seconds remain stable (11.5s)
  ok 71 tests\t027.spec.ts:21:1 › generated Normal encounter runs twenty simulation seconds with real AI, fog and terrain (15.0s)


  1) tests\t018.spec.ts:3:1 › standalone imported map, hand drawer, campfire restoration and exit victory 

    Error: expect(received).toBeGreaterThanOrEqual(expected)

    Expected: >= 697.359375
    Received:    632.078125

      13 |  await page.keyboard.press('Tab');await expect(page.locator('#tactical-hand')).toHaveAttribute('aria-hidden','true');
      14 |  await page.mouse.move(300,895);await expect(page.locator('#tactical-hand')).toHaveAttribute('aria-hidden','false');await page.mouse.move(700,350);await expect(page.locator('#tactical-hand')).toHaveAttribute('aria-hidden','true');
    > 15 |  await page.locator('[data-unit="ines"]').click();await page.locator('[data-unit="hunter"]').click();await expect(page.locator('#unit-detail')).toBeVisible();await expect(page.locator('#personal-controls')).toBeVisible();const detail=await page.locator('#unit-detail').boundingBox(),controls=await page.locator('#personal-controls').boundingBox();expect(controls!.y).toBeGreaterThanOrEqual(detail!.y+detail!.height);expect(controls!.x).toBeLessThan(100);
         |                                                                                                                                                                                                                                                                                                                                                                                ^
      16 |  await page.evaluate(()=>{const s=(window as any).prototype.state,h=s.units.find((u:any)=>u.id==='hunter');h.hp=10;h.stress=65;h.posture=1;h.grayHp=20;h.skillCd=12;});
      17 |  await page.locator('[data-exploration-point="campfire-1"]').click();await expect(page.locator('[data-exploration-point="campfire-1"]')).toBeDisabled();
      18 |  expect(await page.evaluate(()=>{const h=(window as any).prototype.state.units.find((u:any)=>u.id==='hunter');return {hp:h.hp,stress:h.stress,cd:h.skillCd,gray:h.grayHp};})).toEqual({hp:190,stress:25,cd:0,gray:0});
        at E:\WORLDCREATOR\XingHaiHuiLang\Origin\game\tests\t018.spec.ts:15:368

    Error Context: ..\work\browser-results\t018-standalone-imported-m-172a1-estoration-and-exit-victory\error-context.md

  1 failed
    tests\t018.spec.ts:3:1 › standalone imported map, hand drawer, campfire restoration and exit victory 
  70 passed (14.0m)
