
Running 10 tests using 1 worker

(node:112804) Warning: The 'NO_COLOR' env is ignored due to the 'FORCE_COLOR' env being set.
(Use `node --trace-warnings ...` to show where the warning was created)
(node:112804) Warning: The 'NO_COLOR' env is ignored due to the 'FORCE_COLOR' env being set.
(Use `node --trace-warnings ...` to show where the warning was created)
  ok  1 tests\t018.spec.ts:3:1 › standalone imported map, hand drawer, campfire restoration and exit victory (9.9s)
  ok  2 tests\t018.spec.ts:24:1 › drawer locks for selected cards and imported corridors accept actual movement (8.3s)
  ok  3 tests\t027.spec.ts:14:1 › AI Al crosses the old two-unit limit inside its encounter without pulling an inactive group (7.9s)
  ok  4 tests\t027.spec.ts:15:1 › Al autonomously flanks Heavy and produces a real directional hit (9.6s)
  ok  5 tests\t027.spec.ts:16:1 › visible Slam has a real reaction delay and walking preserves mobility charges (9.4s)
  ok  6 tests\t027.spec.ts:17:1 › companion under real Slow consumes real Evade when walking cannot finish before Slam (8.5s)
  ok  7 tests\t027.spec.ts:18:1 › real C leaves Hunter as AI and emergency Blink consumes its charge (11.9s)
  ok  8 tests\t027.spec.ts:19:1 › Ines crosses the old radius to peel a threat to the DirectActor (10.0s)
  x   9 tests\t027.spec.ts:20:1 › explicit move then real C finishes the destination before AI freely resumes; 20 seconds remain stable (9.3s)
(node:88512) Warning: The 'NO_COLOR' env is ignored due to the 'FORCE_COLOR' env being set.
(Use `node --trace-warnings ...` to show where the warning was created)
(node:88512) Warning: The 'NO_COLOR' env is ignored due to the 'FORCE_COLOR' env being set.
(Use `node --trace-warnings ...` to show where the warning was created)
  x  10 tests\t027.spec.ts:21:1 › generated Normal encounter runs twenty simulation seconds with real AI, fog and terrain (10.4s)


  1) tests\t027.spec.ts:20:1 › explicit move then real C finishes the destination before AI freely resumes; 20 seconds remain stable 

    Error: expect(received).toBe(expected) // Object.is equality

    Expected: "move"
    Received: undefined

      18 | test('real C leaves Hunter as AI and emergency Blink consumes its charge',async({page})=>{await begin(page);await fixture(page);await page.keyboard.press('c');expect(await page.evaluate(()=>(window as any).prototype.state.controlledBodyId)).toBe('ranger');await page.evaluate(async()=>{const s=(window as any).prototype.state,h=s.units[0],e=s.units[2],{startIntent}=await import('/src/core/attack-intent.ts' as string);e.statuses=[];h.pos={x:e.pos.x+1,y:e.pos.y};h.statuses=[{kind:'slow',power:.9,remaining:5}];startIntent(s,e,h,'heavy-ground-slam');});await advance(page,.25);const v=await proof(page,'ai-blink');expect(v.bodies[0].blink.charges).toBe(9);expect(v.bodies[0].ai.mobilityEscape).toBe('blink');});
      19 | test('Ines crosses the old radius to peel a threat to the DirectActor',async({page})=>{await begin(page,'ines');await fixture(page);await advance(page,.05);const a=await page.evaluate(()=>(window as any).prototype.state.units[1].companionCombat);expect(a.intent).toBe('peel');const from=await page.evaluate(()=>(window as any).prototype.state.units[1].pos);await advance(page,2);const v=await proof(page,'ines-peel');expect(Math.hypot(v.bodies[1].pos.x-from.x,v.bodies[1].pos.y-from.y)).toBeGreaterThan(2);});
    > 20 | test('explicit move then real C finishes the destination before AI freely resumes; 20 seconds remain stable',async({page})=>{test.setTimeout(90000);await begin(page);await fixture(page);await page.keyboard.press('c');await expect.poll(()=>page.evaluate(()=>{const p=(window as any).prototype,u=p.state.units[1],q=p.project({x:u.pos.x+1,y:u.pos.y-1});return !!document.elementFromPoint(q.x,q.y)?.closest('#scene')&&!!p.scene.pick(q.x,q.y).tile;})).toBe(true);const to=await page.evaluate(()=>{const p=(window as any).prototype,u=p.state.units[1],q=p.project({x:u.pos.x+1,y:u.pos.y-1});return {...q,hit:p.scene.pick(q.x,q.y).tile};});expect(to.hit).toBeTruthy();await page.mouse.click(to.x,to.y);expect(await page.evaluate(()=>(window as any).prototype.state.units[1].ai.command)).toBe('move');await page.keyboard.press('c');await advance(page,.3);expect(await page.evaluate(()=>(window as any).prototype.state.units[1].ai.command)).toBe('move');await advance(page,1.5);expect(await page.evaluate(()=>(window as any).prototype.state.units[1].ai.command)).toBeUndefined();await advance(page,18.2);const v=await proof(page,'stability');expect(v.time).toBeCloseTo(20);expect(v.bodies[1].ai.targetId).toBeTruthy();expect(await page.evaluate(()=>(window as any).prototype.state.units[1].path.length)).toBe(0);});
         |                                                                                                                                                                                                                                                                                                                                                                                                                                                                                                                                                                                                                                                                                                                                                                                                            ^
      21 | test('generated Normal encounter runs twenty simulation seconds with real AI, fog and terrain',async({page})=>{
      22 |  test.setTimeout(120000);await begin(page);
      23 |  const baseline=await page.evaluate(async()=>{
        at E:\WORLDCREATOR\XingHaiHuiLang\Origin\game\tests\t027.spec.ts:20:780

    Error Context: ..\work\browser-results\t027-explicit-move-then-re-9fa85-es-20-seconds-remain-stable\error-context.md

  2) tests\t027.spec.ts:21:1 › generated Normal encounter runs twenty simulation seconds with real AI, fog and terrain 

    Error: expect(received).toBeLessThanOrEqual(expected)

    Expected: <= 5.5
    Received:    7.987693142390977

      36 |   return {baseline,frames,reversals,stats:s.stats,events:s.combatEvents,bodyHp:[s.units[0].hp,s.units.find((u:any)=>u.id==='ranger').hp]};
      37 |  },baseline);
    > 38 |  writeFileSync(folder+'/normal-group-simulation.json',JSON.stringify(report,null,2));expect(report.frames.at(-1).time).toBeCloseTo(20);expect(report.reversals).toBeLessThan(5);expect(report.frames.at(-1).separation).toBeLessThanOrEqual(5.5);expect(new Set(report.frames.flatMap(f=>f.rooms))).toEqual(new Set([baseline.room]));expect(report.stats.enemyAbilitiesReleased||0).toBeGreaterThan(0);expect(report.stats.aiWalkingAvoids||report.stats.aiMobilityEscapes||0).toBeGreaterThan(0);expect(report.bodyHp[0]+report.bodyHp[1]).toBeLessThan(baseline.hp[0]+baseline.hp[1]);await proof(page,'normal-group');await page.keyboard.press('Tab');await page.locator('[data-action="debug"]').click();await expect(page.locator('#debug-readings')).toContainText('AI2');await expect(page.locator('#debug-readings')).toContainText('Rooms');await expect(page.locator('#debug-readings')).toContainText('Hazard');await proof(page,'debug-domain');
         |                                                                                                                                                                                                                         ^
      39 | });
      40 |
      41 |
        at E:\WORLDCREATOR\XingHaiHuiLang\Origin\game\tests\t027.spec.ts:38:217

    Error Context: ..\work\browser-results\t027-generated-Normal-enco-dfc26-ith-real-AI-fog-and-terrain\error-context.md

  2 failed
    tests\t027.spec.ts:20:1 › explicit move then real C finishes the destination before AI freely resumes; 20 seconds remain stable 
    tests\t027.spec.ts:21:1 › generated Normal encounter runs twenty simulation seconds with real AI, fog and terrain 
  8 passed (1.6m)
