
Running 43 tests using 1 worker

(node:32388) Warning: The 'NO_COLOR' env is ignored due to the 'FORCE_COLOR' env being set.
(Use `node --trace-warnings ...` to show where the warning was created)
(node:32388) Warning: The 'NO_COLOR' env is ignored due to the 'FORCE_COLOR' env being set.
(Use `node --trace-warnings ...` to show where the warning was created)
  ok  1 tests\build.spec.ts:4:1 › prebattle skill selection and in-battle purchases use normal UI (16.3s)
  ok  2 tests\build.spec.ts:12:1 › compact build panel is usable and blocks movement input (7.9s)
  x   3 tests\build.spec.ts:16:1 › prebattle dual professions preserve preferences, real battle swaps refresh the equipped skill (29.7s)
(node:88692) Warning: The 'NO_COLOR' env is ignored due to the 'FORCE_COLOR' env being set.
(Use `node --trace-warnings ...` to show where the warning was created)
(node:88692) Warning: The 'NO_COLOR' env is ignored due to the 'FORCE_COLOR' env being set.
(Use `node --trace-warnings ...` to show where the warning was created)
  ok  4 tests\build.spec.ts:28:1 › unlock presets enforce caps without discarding already purchased branches (11.8s)
  ok  5 tests\build.spec.ts:32:1 › changing the initial test mode does not refund purchases or erase configured skills (13.1s)
  ok  6 tests\personal.spec.ts:4:1 › number selection and held WASD preserve selected character, release and blur stop movement (11.6s)
  ok  7 tests\personal.spec.ts:5:1 › E keeps selection, stops held movement and does not silently resume; pause survives right cancel (4.8s)
  ok  8 tests\personal.spec.ts:6:1 › mouse-only blink, separate copy control and healthy shadow return use actual buttons (12.9s)
  ok  9 tests\personal.spec.ts:7:1 › Shift uses held direction and cannot blink hunter while another character selected (5.2s)
  ok 10 tests\personal.spec.ts:8:1 › real map keyboard recall, redeployment and explicit casualty rescue form one loop (9.9s)
  ok 11 tests\personal.spec.ts:23:1 › menu interruption requires release and press again; right cancel keeps submitted recall (7.4s)
  ok 12 tests\personal.spec.ts:27:1 › compact reduced-motion controls remain reachable and render ten reserve marks (5.7s)
  ok 13 tests\t019.spec.ts:5:1 › departure requires one companion and permits changing it before leaving (10.4s)
  ok 14 tests\t019.spec.ts:11:1 › two-person roster and clones survive a completed run and a different companion next run (16.7s)
  ok 15 tests\t019.spec.ts:22:1 › real-time WASD and seeded encounter debug evidence use EC01 tuning (15.7s)
  ok 16 tests\t020.spec.ts:6:1 › real C and numbers change DirectActor even paused; clone observation keeps skill and control (13.3s)
  ok 17 tests\t020.spec.ts:14:1 › modal aim and panels block quick control without canceling the action (11.6s)
  ok 18 tests\t020.spec.ts:20:1 › camera follows current primary with capped offset, smooth switching and fixed projection (22.8s)
  ok 19 tests\t020.spec.ts:28:1 › skill input stays on controlled companion and incapacitation updates control without revival theft (21.8s)
  ok 20 tests\t020.spec.ts:33:1 › blink, item, drag, economy and exit confirmation retain exclusive input (15.1s)
  ok 21 tests\t021.spec.ts:8:1 › Shift follows actual C control, independent stock, pause and partner HUD (14.7s)
  ok 22 tests\t021.spec.ts:15:1 › ranger real stop-shot-WASD-stop cycle keeps attack period and plays movement (19.9s)
  ok 23 tests\t021.spec.ts:33:1 › partner mouse aim, no battlefield direction and exclusive UI do not consume accidentally (10.2s)
  ok 24 tests\t021.spec.ts:41:1 › evasion feedback borrows live texture without disposing it and asset fallback is explicit (10.7s)
  ok 25 tests\t022.spec.ts:5:38 › melee telegraph uses locked core geometry and real WASD can avoid (13.6s)
  ok 26 tests\t022.spec.ts:5:38 › ranged telegraph uses locked core geometry and real WASD can avoid (15.0s)
  ok 27 tests\t022.spec.ts:6:1 › standing in a ranged line receives damage and reduced motion still distinguishes lock (13.2s)
  ok 28 tests\t022.spec.ts:7:1 › enemy attack animation begins with tracking intent (9.6s)
  ok 29 tests\t022.spec.ts:8:1 › heavy locked area resolves against both originals in the browser (13.7s)
  x  30 tests\t022.spec.ts:9:30 › real Shift active window inside a locked heavy area (10.1s)
(node:19280) Warning: The 'NO_COLOR' env is ignored due to the 'FORCE_COLOR' env being set.
(Use `node --trace-warnings ...` to show where the warning was created)
(node:19280) Warning: The 'NO_COLOR' env is ignored due to the 'FORCE_COLOR' env being set.
(Use `node --trace-warnings ...` to show where the warning was created)
  ok 31 tests\t022.spec.ts:9:30 › real Shift expired window inside a locked heavy area (6.9s)
  ok 32 tests\t022.spec.ts:19:1 › paused tracking and locked screenshots preserve world picking (11.2s)
  ok 33 tests\t023.spec.ts:9:1 › real hunter attack, C handoff and Arl skill button produce push then wall pin (13.6s)
  ok 34 tests\t023.spec.ts:30:42 › browser tracking persists Broken and disappears at Break (8.7s)
  ok 35 tests\t023.spec.ts:30:42 › browser locked persists Broken and disappears at Break (8.3s)
  ok 36 tests\t023.spec.ts:34:1 › one real heavy intent pushes hunter farther than Ines and control recovers (8.3s)
  ok 37 tests\t024.spec.ts:5:1 › same Heavy and build front/back damage and Broken counts, ordinary enemies remain neutral (8.1s)
  ok 38 tests\t024.spec.ts:10:1 › real C and WASD let Arl circle a locked Heavy, show short weakpoint feedback and debug only indicators (14.4s)
  ok 39 tests\t024.spec.ts:20:1 › back Broken followed by real Arl enhanced arrow pins Heavy to an existing dungeon wall (13.7s)
  ok 40 tests\t024.spec.ts:25:1 › reduced motion keeps the weakpoint label readable without a growing ring (11.0s)
  ok 41 tests\t025.spec.ts:10:1 › Ranger real E toggle survives automatic Rain, third slot is empty and Build swaps only run slots (15.5s)
  ok 42 tests\t025.spec.ts:19:1 › Shieldguard real R casts Sanctuary while Pain counts independently; foreground cannot be unloaded (9.5s)
  ok 43 tests\t025.spec.ts:23:1 › Scythe mode remains enabled across Reap; slot preview, clone view and actor switch stay separate (15.3s)


  1) tests\build.spec.ts:16:1 › prebattle dual professions preserve preferences, real battle swaps refresh the equipped skill 

    Error: page.evaluate: TypeError: Cannot read properties of undefined (reading 'state')
        at eval (eval at evaluate (:311:30), <anonymous>:1:24)
        at UtilityScript.evaluate (<anonymous>:313:16)
        at UtilityScript.<anonymous> (<anonymous>:1:44)
        at eval (eval at evaluate (:311:30), <anonymous>:1:24)
        at UtilityScript.evaluate (<anonymous>:313:16)
        at UtilityScript.<anonymous> (<anonymous>:1:44)
        at expect.poll.timeout (E:\WORLDCREATOR\XingHaiHuiLang\Origin\game\tests\build.spec.ts:23:87)
        at E:\WORLDCREATOR\XingHaiHuiLang\Origin\game\tests\build.spec.ts:23:60

    Error Context: ..\work\browser-results\build-prebattle-dual-profe-b983d--refresh-the-equipped-skill\error-context.md

  2) tests\t022.spec.ts:9:30 › real Shift active window inside a locked heavy area ─────────────────

    Error: expect(received).toBe(expected) // Object.is equality

    Expected: 1
    Received: 0

      15 |  await page.keyboard.down('d');await page.keyboard.press('Shift');await page.keyboard.up('d');expect(await page.evaluate(()=>(window as any).prototype.state.stats.evadeUses||0)).toBe(1);
      16 |  const result=await page.evaluate(async delay=>{const s=(window as any).prototype.state,a=s.units.find((u:any)=>u.id==='ines'),e=s.units.find((u:any)=>u.attackIntent),hp=a.hp,posture=a.posture;const {step}=await import('/src/core/engine.ts' as string);const {start}= {start:a.evasion.action?.startedAt};if(start===undefined)throw Error('fixture did not pause during evade');const remain=Math.max(.001,start+delay-s.time);e.attackIntent.resolveAt=s.time+remain;step(s,remain);return {hp,posture,afterHp:a.hp,afterPosture:a.posture,active:s.stats.activeEvades||0,hit:s.stats.telegraphHits||0,avoid:s.stats.telegraphPositionAvoids||0};},delay);
    > 17 |  expect(result.avoid).toBe(0);if(delay<.1){expect(result.active).toBe(1);expect(result.afterHp).toBe(result.hp);expect(result.afterPosture).toBe(result.posture);}else{expect(result.active).toBe(0);expect(result.hit).toBe(1);expect(result.afterHp).toBeLessThan(result.hp);}
         |                                                                  ^
      18 | });
      19 | test('paused tracking and locked screenshots preserve world picking',async({page})=>{await begin(page);await encounter(page,'melee');await expect.poll(()=>page.evaluate(()=>(window as any).prototype.scene.telegraphs.group.children.length)).toBe(1);const picks=await page.evaluate(()=>{const p=(window as any).prototype,r=document.querySelector('#scene')!.getBoundingClientRect(),x=r.x+r.width/2,y=r.y+r.height/2,before=p.scene.pick(x,y);p.scene.telegraphs.group.visible=false;const hidden=p.scene.pick(x,y);p.scene.telegraphs.group.visible=true;return {before,hidden};});expect(picks.before.tile).not.toBeNull();expect(picks.before).toEqual(picks.hidden);mkdirSync('../记录/验证/T-022',{recursive:true});await page.screenshot({path:'../记录/验证/T-022/tracking.png'});await page.evaluate(()=>{const e=(window as any).prototype.state.units.find((u:any)=>u.attackIntent);e.attackIntent.phase='locked';});await expect.poll(()=>page.evaluate(()=>(window as any).prototype.scene.telegraphs.group.children[0]?.userData.phase)).toBe('locked');await page.screenshot({path:'../记录/验证/T-022/locked.png'});});
      20 |
        at E:\WORLDCREATOR\XingHaiHuiLang\Origin\game\tests\t022.spec.ts:17:66

    Error Context: ..\work\browser-results\t022-real-Shift-active-window-inside-a-locked-heavy-area\error-context.md

  2 failed
    tests\build.spec.ts:16:1 › prebattle dual professions preserve preferences, real battle swaps refresh the equipped skill 
    tests\t022.spec.ts:9:30 › real Shift active window inside a locked heavy area ──────────────────
  41 passed (9.1m)
