
Running 8 tests using 1 worker

(node:77784) Warning: The 'NO_COLOR' env is ignored due to the 'FORCE_COLOR' env being set.
(Use `node --trace-warnings ...` to show where the warning was created)
(node:77784) Warning: The 'NO_COLOR' env is ignored due to the 'FORCE_COLOR' env being set.
(Use `node --trace-warnings ...` to show where the warning was created)
  ok 1 tests\t028.spec.ts:10:1 › real WASD traverses a long corridor and corner with continuous follower catchup (19.6s)
  ok 2 tests\t028.spec.ts:14:1 › chaser remains engaged beyond home radius, searches lost LOS, then really returns (10.1s)
  ok 3 tests\t028.spec.ts:15:1 › Basic resolves fast with no ground warning or companion emergency charge (8.8s)
  ok 4 tests\t028.spec.ts:16:1 › Circle Sector Capsule advance outward while final boundary stays full and Reduced Motion retains progress (16.0s)
  ok 5 tests\t028.spec.ts:17:1 › AI preserves charges for a weak imminent Ability but spends real Evade for direct Broken threat (10.3s)
  x  6 tests\t028.spec.ts:18:1 › damage numbers use real shielded loss, aggregate cast, fade and Reduced Motion stays stationary (13.3s)
(node:113852) Warning: The 'NO_COLOR' env is ignored due to the 'FORCE_COLOR' env being set.
(Use `node --trace-warnings ...` to show where the warning was created)
(node:113852) Warning: The 'NO_COLOR' env is ignored due to the 'FORCE_COLOR' env being set.
(Use `node --trace-warnings ...` to show where the warning was created)
  ok 7 tests\t028.spec.ts:19:1 › real C starts 1.5 real-second focus, skill preserves it, W cancels and natural expiry restores normal time (12.0s)
  ok 8 tests\t028.spec.ts:20:1 › melee and heavy show deterministic approach variation without ranged burst (12.4s)


  1) tests\t028.spec.ts:18:1 › damage numbers use real shielded loss, aggregate cast, fade and Reduced Motion stays stationary 

    Error: expect(received).toBe(expected) // Object.is equality

    Expected: 30
    Received: 41.75

    Call Log:
    - Timeout 5000ms exceeded while waiting on the predicate

      16 | test('Circle Sector Capsule advance outward while final boundary stays full and Reduced Motion retains progress',async({page})=>{await page.emulateMedia({reducedMotion:'reduce'});await begin(page);await fixture(page);for(const [role,id]of [['heavy','heavy-ground-slam'],['melee','melee-heavy-cleave'],['ranged','ranged-power-shot']]){const result=await page.evaluate(async({role,id})=>{const p=(window as any).prototype,s=p.state,e=s.units[2],h=s.units[0],{startIntent}=await import('/src/core/attack-intent.ts' as string);e.attackIntent=undefined;e.role=role;e.attackTimer=0;startIntent(s,e,h,id as any);s.time=e.attackIntent.startedAt+(e.attackIntent.resolveAt-e.attackIntent.startedAt)*.2;return e.attackIntent.resolveAt;},{role,id});await expect.poll(()=>page.evaluate(()=>(window as any).prototype.scene.telegraphs.group.children[0]?.userData.progress)).toBeCloseTo(.2);const before=await page.evaluate(()=>{const g=(window as any).prototype.scene.telegraphs.group.children[0];return {boundary:Array.from(g.children[1].geometry.attributes.position.array),opacity:g.children[0].material.opacity,fill:Array.from(g.children[0].geometry.attributes.position.array)};});await page.evaluate(resolve=>{const s=(window as any).prototype.state,a=s.units[2].attackIntent;s.time=a.startedAt+(resolve-a.startedAt)*.8;a.phase='locked';},result);await expect.poll(()=>page.evaluate(()=>(window as any).prototype.scene.telegraphs.group.children[0]?.userData.progress)).toBeCloseTo(.8);const after=await page.evaluate(()=>{const g=(window as any).prototype.scene.telegraphs.group.children[0];return {boundary:Array.from(g.children[1].geometry.attributes.position.array),opacity:g.children[0].material.opacity,fill:Array.from(g.children[0].geometry.attributes.position.array),solid:g.children[1].visible,dashed:g.children[2].visible};});expect(after.boundary).toEqual(before.boundary);expect(after.fill).not.toEqual(before.fill);expect(after.opacity).toBeGreaterThan(before.opacity);expect(after.solid).toBe(true);expect(after.dashed).toBe(false);await proof(page,'progress-'+role);}});
      17 | test('AI preserves charges for a weak imminent Ability but spends real Evade for direct Broken threat',async({page})=>{await begin(page);await fixture(page);const v=await page.evaluate(async()=>{const s=(window as any).prototype.state,p=s.units[1],e=s.units[2],{startIntent}=await import('/src/core/attack-intent.ts' as string),{advanceCompanionCombat}=await import('/src/core/companion-combat.ts' as string);p.pos={x:e.pos.x+1,y:e.pos.y};p.statuses=[{kind:'slow',remaining:10,power:.9}];p.aiTendency='aggressive';startIntent(s,e,p,'heavy-ground-slam');e.attackIntent.damage=1;e.attackIntent.postureDamage=1;e.attackIntent.resolveAt=.3;advanceCompanionCombat(s);s.time=.2;advanceCompanionCombat(s);const low=p.evasion.charges;p.companionCombat=undefined;p.ai=undefined;p.posture=1;advanceCompanionCombat(s);s.time=.4;e.attackIntent.resolveAt=.5;advanceCompanionCombat(s);return {low,high:p.evasion.charges,mobility:p.companionCombat.mobilityEscape};});expect(v).toEqual({low:2,high:1,mobility:'evade'});await proof(page,'ai-threat-choice');});
    > 18 | test('damage numbers use real shielded loss, aggregate cast, fade and Reduced Motion stays stationary',async({page})=>{await page.emulateMedia({reducedMotion:'reduce'});await begin(page);await fixture(page);await page.evaluate(async()=>{const s=(window as any).prototype.state,h=s.units[0],e=s.units[2],{resolveHit}=await import('/src/core/engine.ts' as string);e.statuses=[{kind:'shield',remaining:10,power:17}];resolveHit(s,e,h.weapons[0],37,h,{castId:701,postureDamage:0});s.time=.05;resolveHit(s,e,h.weapons[0],10,h,{castId:701,postureDamage:0});});await expect.poll(()=>page.evaluate(()=>(window as any).prototype.scene.damageFloats.group.children[0]?.userData.amount)).toBe(30);const position=await page.evaluate(()=>(window as any).prototype.scene.damageFloats.group.children[0].position.toArray());await proof(page,'damage-aggregate-reduced');await page.evaluate(()=>(window as any).prototype.state.time=.5);await expect.poll(()=>page.evaluate(()=>(window as any).prototype.scene.damageFloats.group.children[0]?.material.opacity)).toBeLessThan(1);expect(await page.evaluate(()=>(window as any).prototype.scene.damageFloats.group.children[0].position.toArray())).toEqual(position);await page.evaluate(()=>(window as any).prototype.state.time=.71);await expect.poll(()=>page.evaluate(()=>(window as any).prototype.scene.damageFloats.group.children.length)).toBe(0);});
         |                                                                                                                                                                                                                                                                                                                                                                                                                                                                                                                                                                                                                                                                                                    ^
      19 | test('real C starts 1.5 real-second focus, skill preserves it, W cancels and natural expiry restores normal time',async({page})=>{test.setTimeout(90000);await begin(page);await fixture(page);await page.keyboard.press('c');expect(await page.evaluate(()=>(window as any).prototype.state.tacticalFocus.elapsed)).toBe(0);await page.locator('[data-action="pause"]').click();await page.keyboard.press('e');expect(await page.evaluate(()=>(window as any).prototype.state.tacticalFocus)).toBeTruthy();await expect.poll(()=>page.evaluate(()=>(window as any).prototype.state.tacticalFocus),{timeout:7000}).toBeUndefined();await page.keyboard.press('c');expect(await page.evaluate(()=>(window as any).prototype.state.tacticalFocus)).toBeTruthy();await page.keyboard.down('w');await expect.poll(()=>page.evaluate(()=>(window as any).prototype.state.tacticalFocus)).toBeUndefined();await page.keyboard.up('w');await page.locator('[data-action="pause"]').click();await proof(page,'focus-switch-move');});
      20 | test('melee and heavy show deterministic approach variation without ranged burst',async({page})=>{await begin(page);await fixture(page);for(const role of ['melee','heavy','ranged']){await page.evaluate(role=>{const s=(window as any).prototype.state,e=s.units[2],h=s.units[0];e.role=role;e.attackTimer=0;e.attackIntent=undefined;e.enemyCombat.approach=undefined;e.enemyCombat.approachSerial=undefined;e.enemyCombat.reactionReadyAt=100;h.pos={x:e.pos.x+2.5,y:e.pos.y};s.units[1].life='withdrawn';},role);await advance(page,.05);const a=await page.evaluate(()=>(window as any).prototype.state.units[2].enemyCombat.approach);if(role==='ranged')expect(a).toBeUndefined();else expect(['probe','burst']).toContain(a?.phase);await proof(page,'approach-'+role);}});
      21 |
        at E:\WORLDCREATOR\XingHaiHuiLang\Origin\game\tests\t028.spec.ts:18:676

    Error Context: ..\work\browser-results\t028-damage-numbers-use-re-881f9-ced-Motion-stays-stationary\error-context.md

  1 failed
    tests\t028.spec.ts:18:1 › damage numbers use real shielded loss, aggregate cast, fade and Reduced Motion stays stationary 
  7 passed (1.8m)
