
 RUN  v4.1.11 E:/WORLDCREATOR/XingHaiHuiLang/Origin/game

 ❯ tests/ec03.test.ts (41 tests | 2 failed) 731ms
   × stun after the miss window stops action before any further displacement 19ms
   × next exploration excludes former companion evade resource 32ms

⎯⎯⎯⎯⎯⎯⎯ Failed Tests 2 ⎯⎯⎯⎯⎯⎯⎯

 FAIL  tests/ec03.test.ts > stun after the miss window stops action before any further displacement
AssertionError: expected { x: 6.066666666666666, y: 5 } to deeply equal { x: 5.733333333333333, y: 5 }

- Expected
+ Received

  {
-   "x": 5.733333333333333,
+   "x": 6.066666666666666,
    "y": 5,
  }

 ❯ tests/ec03.test.ts:71:143
     69| });
     70| test('stun after the miss window stops action before any further displ…
     71|  const {s,u}=setup();evade(s,u);step(s,.11);const pos={...u.pos};u.sta…
       |                                                                                                                                               ^
     72| });
     73| test('next exploration excludes former companion evade resource',()=>{

⎯⎯⎯⎯⎯⎯⎯⎯⎯⎯⎯⎯⎯⎯⎯⎯⎯⎯⎯⎯⎯⎯⎯⎯[1/2]⎯

 FAIL  tests/ec03.test.ts > next exploration excludes former companion evade resource
AssertionError: expected { charges: 2, progress: +0 } to be undefined

- Expected:
undefined

+ Received:
{
  "charges": 2,
  "progress": 0,
}

 ❯ tests/ec03.test.ts:74:153


⎯⎯⎯⎯⎯⎯⎯⎯⎯⎯⎯⎯⎯⎯⎯⎯⎯⎯⎯⎯⎯⎯⎯⎯[2/2]⎯


 Test Files  1 failed (1)
      Tests  2 failed | 39 passed (41)
   Start at  14:14:35
   Duration  1.17s (transform 267ms, setup 0ms, import 329ms, tests 731ms, environment 0ms)

