
 RUN  v4.1.11 E:/WORLDCREATOR/XingHaiHuiLang/Origin/game

 ❯ tests/ec03.test.ts (5 tests | 5 failed) 105ms
   × ines has independent two charges and continuous 1.2U action 32ms
   × ranger has independent two charges and continuous 1.2U action 19ms
   × fiorre has independent two charges and continuous 1.2U action 17ms
   × active window rejects hit without health posture pain gray or reclaim effects 16ms
   × moving continues existing attack recovery and cancels unreleased pending 19ms

⎯⎯⎯⎯⎯⎯⎯ Failed Tests 5 ⎯⎯⎯⎯⎯⎯⎯

 FAIL  tests/ec03.test.ts > ines has independent two charges and continuous 1.2U action
 FAIL  tests/ec03.test.ts > ranger has independent two charges and continuous 1.2U action
 FAIL  tests/ec03.test.ts > fiorre has independent two charges and continuous 1.2U action
AssertionError: expected undefined to be 2 // Object.is equality

- Expected:
2

+ Received:
undefined

 ❯ tests/ec03.test.ts:11:53


⎯⎯⎯⎯⎯⎯⎯⎯⎯⎯⎯⎯⎯⎯⎯⎯⎯⎯⎯⎯⎯⎯⎯⎯[1/5]⎯

 FAIL  tests/ec03.test.ts > active window rejects hit without health posture pain gray or reclaim effects
AssertionError: expected false to be true // Object.is equality

- Expected
+ Received

- true
+ false

 ❯ tests/ec03.test.ts:14:44


⎯⎯⎯⎯⎯⎯⎯⎯⎯⎯⎯⎯⎯⎯⎯⎯⎯⎯⎯⎯⎯⎯⎯⎯[2/5]⎯

 FAIL  tests/ec03.test.ts > moving continues existing attack recovery and cancels unreleased pending
AssertionError: expected 1 to be close to 0.8, received difference is 0.19999999999999996, but expected 0.005
 ❯ tests/ec03.test.ts:17:249


⎯⎯⎯⎯⎯⎯⎯⎯⎯⎯⎯⎯⎯⎯⎯⎯⎯⎯⎯⎯⎯⎯⎯⎯[3/5]⎯


 Test Files  1 failed (1)
      Tests  5 failed (5)
   Start at  14:03:24
   Duration  539ms (transform 254ms, setup 0ms, import 318ms, tests 105ms, environment 0ms)

