
> shadow-court-prototype@0.1.0 test:browser
> playwright test


Running 106 tests using 1 worker

(node:60236) Warning: The 'NO_COLOR' env is ignored due to the 'FORCE_COLOR' env being set.
(Use `node --trace-warnings ...` to show where the warning was created)
(node:60236) Warning: The 'NO_COLOR' env is ignored due to the 'FORCE_COLOR' env being set.
(Use `node --trace-warnings ...` to show where the warning was created)
  ok   1 tests\browser.spec.ts:4:1 › start renders a battlefield and pause stops simulation (3.7s)
  ok   2 tests\browser.spec.ts:14:1 › click move submits without direction confirmation (4.0s)
  ok   3 tests\browser.spec.ts:19:1 › deployment warmup then deploy and quick drag commits without direction dialog (17.5s)
  ok   4 tests\browser.spec.ts:35:1 › refresh keeps scene and exclusive cards and invalid card use keeps hand (4.8s)
  ok   5 tests\browser.spec.ts:45:1 › node reentry preparation cannot reset the expedition through mode selection (3.7s)
  ok   6 tests\browser.spec.ts:51:1 › right click cancels interaction and returns the chosen double speed (5.9s)
  ok   7 tests\build.spec.ts:4:1 › prebattle skill selection and in-battle purchases use normal UI (13.5s)
  ok   8 tests\build.spec.ts:12:1 › compact build panel is usable and blocks movement input (5.8s)
  ok   9 tests\build.spec.ts:16:1 › prebattle dual professions preserve preferences, real battle swaps refresh the equipped skill (21.5s)
  ok  10 tests\build.spec.ts:26:1 › unlock presets enforce caps without discarding already purchased branches (11.5s)
  ok  11 tests\build.spec.ts:30:1 › changing the initial test mode does not refund purchases or erase configured skills (9.3s)
  ok  12 tests\continuous-scenes.spec.ts:4:1 › exploration fixture renders real enemies and ignores copy targets (4.4s)
  ok  13 tests\continuous-scenes.spec.ts:9:1 › fractional selected model supports card targeting, circular preview and cancellation (7.4s)
  ok  14 tests\continuous.spec.ts:3:1 › continuous mouse deployment and movement preserve the clicked surface point (12.9s)
  ok  15 tests\feedback.spec.ts:5:1 › drag held shows planned route before release (14.3s)
  ok  16 tests\feedback.spec.ts:12:1 › downed companion has nearby rescue that sends hunter (4.9s)
  ok  17 tests\feedback.spec.ts:17:1 › card chain follows cursor and cancels without consumption (5.9s)
  ok  18 tests\feedback.spec.ts:24:1 › card resolves only the indicated target, not a stale selection (6.5s)
  ok  19 tests\personal.spec.ts:4:1 › number selection and held WASD preserve selected character, release and blur stop movement (6.2s)
  ok  20 tests\personal.spec.ts:5:1 › E keeps selection, stops held movement and does not silently resume; pause survives right cancel (5.2s)
  ok  21 tests\personal.spec.ts:6:1 › mouse-only blink, separate copy control and healthy shadow return use actual buttons (7.8s)
  ok  22 tests\personal.spec.ts:7:1 › Shift uses held direction and cannot blink hunter while another character selected (3.2s)
  ok  23 tests\personal.spec.ts:8:1 › real map keyboard recall, redeployment and explicit casualty rescue form one loop (7.4s)
  ok  24 tests\personal.spec.ts:23:1 › menu interruption requires release and press again; right cancel keeps submitted recall (5.2s)
  ok  25 tests\personal.spec.ts:27:1 › compact reduced-motion controls remain reachable and render ten reserve marks (4.8s)
  ok  26 tests\revision2.spec.ts:5:1 › click move has no direction stage and blank click clears slow time (5.8s)
  ok  27 tests\revision2.spec.ts:9:1 › selected character shows portrait and clickable millisecond filled skill (6.9s)
  ok  28 tests\revision2.spec.ts:13:1 › pointing move at crystal no longer offers retired retreat (4.6s)
  ok  29 tests\revision2.spec.ts:17:1 › card tray and skill controls are large enough to interact (5.3s)
  ok  30 tests\revision2.spec.ts:20:1 › new movement after pointing at crystal remains ordinary movement (4.6s)
  ok  31 tests\revision2.spec.ts:24:1 › refreshing away selected card releases orphaned slow targeting (5.4s)
  ok  32 tests\revision2.spec.ts:27:1 › short support skill starts with a nearly full duration fill (5.2s)
  ok  33 tests\revision3.spec.ts:5:1 › hand remains scene deck exclusive after appended scene cards (3.7s)
  ok  34 tests\revision3.spec.ts:9:1 › casting from selection exits slow mode and same tile second click cancels (7.2s)
  ok  35 tests\revision3.spec.ts:13:1 › manual draw appends one deck card keeping all existing cards (4.6s)
  ok  36 tests\revision3.spec.ts:18:1 › switching to double speed preserves observation and mouse casting resumes the chosen speed (7.4s)
  ok  37 tests\revision4.spec.ts:5:1 › only detail skill hover changes attack preview to skill preview (8.6s)
  ok  38 tests\revision4.spec.ts:8:1 › a real enemy death emits fragment flight and credits only once (5.8s)
  ok  39 tests\revision5.spec.ts:4:1 › selected model has operational world skill while detail is descriptive (6.1s)
  ok  40 tests\revision5.spec.ts:8:1 › dash waits for a second directional choice without consuming on target selection (5.9s)
  ok  41 tests\revision6.spec.ts:4:1 › all supplied ally skeletons load and render (4.1s)
  ok  42 tests\revision6.spec.ts:9:1 › direct roster drag deploys without a preceding click (15.1s)
  ok  43 tests\revision6.spec.ts:15:1 › dash chooses a sector and confirms outside the arrow button (6.7s)
  ok  44 tests\revision6.spec.ts:22:1 › right click cancels an avatar drag without deploying on release (11.9s)
  ok  45 tests\revision6.spec.ts:27:1 › reduced motion keeps drawing immediate without card flight (4.3s)
  ok  46 tests\revision6.spec.ts:31:1 › draw preserves retained card nodes and animates the new hand (4.3s)
  ok  47 tests\revision6.spec.ts:37:1 › immovable originals and clones never preview a movement arrow (14.2s)
  ok  48 tests\revision6.spec.ts:46:1 › prepared actors use real skeletons immediately and hide immovable direction markers (4.3s)
  ok  49 tests\rework.spec.ts:6:1 › new source skeletons and native effects render real pixels for every registered action (7.1s)
  ok  50 tests\rework.spec.ts:12:134 › normal preparation UI configures ines two complete trees (22.9s)
  ok  51 tests\rework.spec.ts:12:134 › normal preparation UI configures ranger two complete trees (22.1s)
  ok  52 tests\rework.spec.ts:12:134 › normal preparation UI configures fiorre two complete trees (25.2s)
  ok  53 tests\rework.spec.ts:18:1 › new prepared actors immediately use source models and real sliding uses movement animation (5.1s)
  ok  54 tests\start.spec.ts:3:1 › start removes the blocking briefing before the next rendered frame (5.4s)
  ok  55 tests\t005.spec.ts:3:1 › direct movement renders run and blocked movement idles (4.5s)
  ok  56 tests\t005.spec.ts:14:1 › avatar does not summon; summon strip supports drag and click (20.3s)
  ok  57 tests\t008.spec.ts:9:1 › Fiorre source body is a readable ally size with feet fixed at the logical ground point (5.3s)
  ok  58 tests\t008.spec.ts:15:91 › 2x survives cancel after temporary observation (5.9s)
  ok  59 tests\t008.spec.ts:15:91 › 2x survives move after temporary observation (7.0s)
  ok  60 tests\t008.spec.ts:15:91 › 2x survives direct after temporary observation (6.9s)
  ok  61 tests\t008.spec.ts:15:91 › 2x survives skill after temporary observation (6.1s)
  ok  62 tests\t008.spec.ts:15:91 › 2x survives blink after temporary observation (7.5s)
  ok  63 tests\t008.spec.ts:15:91 › 2x survives menu after temporary observation (8.7s)
  ok  64 tests\t008.spec.ts:15:91 › 2x survives reselect after temporary observation (5.9s)
  ok  65 tests\t008.spec.ts:26:1 › removed targeting card ends observation without resetting 2x (5.5s)
  ok  66 tests\t008.spec.ts:29:1 › left Alt toggles the preference once, keeps card aim and fixed 0.1x observation; right Alt is inert (5.0s)
  ok  67 tests\t008.spec.ts:32:1 › speed button and left Alt preserve paused observation and share the same setting (6.1s)
  ok  68 tests\t010-controls.spec.ts:3:1 › copy selected labels its existing Q action as destruction instead of shadow recall (7.0s)
  ok  69 tests\t010-detail.spec.ts:3:1 › selecting a different copy starts its readonly detail at the identity heading (9.4s)
  ok  70 tests\t010-resources.spec.ts:5:1 › 120 summon removals release private canvases and return GPU resources to warm baseline (3.9s)
  ok  71 tests\t010.spec.ts:5:73 › copy list and readonly build support single destroy at 1440 (12.2s)
  ok  72 tests\t010.spec.ts:5:73 › copy list and readonly build support single destroy at 1000 (8.8s)
  ok  73 tests\t010.spec.ts:8:1 › orphaned summon aim returns to default speed when source leaves (5.1s)
  ok  74 tests\t010.spec.ts:9:1 › repeated summon and removal releases actor instances and canvas textures (4.7s)
  ok  75 tests\t010.spec.ts:13:1 › drag summon creates exactly one instance and charges once (15.5s)
  ok  76 tests\t010.spec.ts:14:1 › source gone and upgraded old/new builds stay readable in existing sidebar (11.6s)
  ok  77 tests\t010.spec.ts:15:1 › late skeleton load cannot reattach to removed actor (4.4s)
  ok  78 tests\t011.spec.ts:2:1 › outside account carries zero without a grant and cannot draw from gold (5.4s)
  ok  79 tests\t011.spec.ts:3:32 › draw one and drag sell previews fixed refund, restores 2x at 1440 (10.9s)
  ok  80 tests\t011.spec.ts:3:32 › draw one and drag sell previews fixed refund, restores 2x at 1000 (7.2s)
  ok  81 tests\t011.spec.ts:7:61 › uncommitted sale cancels on back (8.5s)
  ok  82 tests\t011.spec.ts:7:61 › uncommitted sale cancels on right (8.3s)
  ok  83 tests\t011.spec.ts:7:61 › uncommitted sale cancels on blur (8.6s)
  ok  84 tests\t011.spec.ts:7:61 › uncommitted sale cancels on gone (8.2s)
  ok  85 tests\t011.spec.ts:7:61 › uncommitted sale cancels on hidden (8.3s)
  ok  86 tests\t011.spec.ts:8:1 › all card sources sell once at fixed refund and full hand remains reachable on node map (16.8s)
  ok  87 tests\t011.spec.ts:9:1 › abandon confirmation pauses, cancel preserves 2x, confirm loses carry only (7.7s)
  ok  88 tests\t011.spec.ts:10:1 › outside carry preview and exchange mutate stocks only on explicit confirm (4.0s)
  ok  89 tests\t012.spec.ts:3:1 › briefing identifies short content and battle abandon is distinct and cancellable (6.4s)
  ok  90 tests\t012.spec.ts:9:1 › batch preview and wave HUD share simulation timing and pause at the selected speed (7.9s)
  ok  91 tests\t012.spec.ts:20:1 › compact exit confirmation remains reachable with a full hand (6.1s)
  ok  92 tests\t012.spec.ts:28:1 › overlapping route previews stay static with reduced motion and release every replaced object (8.5s)
  ok  93 tests\t013-render.spec.ts:2:1 › exploration camera follows while paused and unknown cells cannot be picked (7.9s)
  ok  94 tests\t013-render.spec.ts:11:1 › returning to the node map does not expose unknown terrain through its background (5.6s)
  x   95 tests\t013-resources.spec.ts:3:1 › repeated normal map rebuilding keeps owned GPU resources bounded and produces no shader errors (11.7s)
(node:29180) Warning: The 'NO_COLOR' env is ignored due to the 'FORCE_COLOR' env being set.
(Use `node --trace-warnings ...` to show where the warning was created)
(node:29180) Warning: The 'NO_COLOR' env is ignored due to the 'FORCE_COLOR' env being set.
(Use `node --trace-warnings ...` to show where the warning was created)
  ok  96 tests\t013-resources.spec.ts:12:1 › partial regroup rejection and downed exit confirmation remain visible as separate boundary fixtures (6.8s)
  ok  97 tests\t013-resources.spec.ts:18:1 › reduced motion exploration aligns camera immediately and an isolated copy keeps sight without party aggro (5.5s)
  ok  98 tests\t013.spec.ts:3:32 › normal exploration entry exposes objectives and party controls at 1440 (6.2s)
  ok  99 tests\t013.spec.ts:3:32 › normal exploration entry exposes objectives and party controls at 1000 (4.7s)
  ok 100 tests\t013.spec.ts:12:1 › party shortcut and click use normal control while modal cancellation preserves default speed (6.7s)
  ok 101 tests\t014.spec.ts:2:32 › pressure HUD shows independent gray life and posture at 1440 (12.0s)
  ok 102 tests\t014.spec.ts:2:32 › pressure HUD shows independent gray life and posture at 1000 (5.8s)
  ok 103 tests\t014.spec.ts:11:1 › enemy posture has contextual visibility and respects exploration fog (6.0s)
  ok 104 tests\t015.spec.ts:2:32 › preparation tendency is actionable and fits at 1440 (13.1s)
  ok 105 tests\t015.spec.ts:2:32 › preparation tendency is actionable and fits at 1000 (8.2s)
  ok 106 tests\t015.spec.ts:10:1 › overlapping bodies use stable slot ordering and debug overlays release their resources (5.7s)


  1) tests\t013-resources.spec.ts:3:1 › repeated normal map rebuilding keeps owned GPU resources bounded and produces no shader errors 

    Error: expect(received).toBeLessThanOrEqual(expected)

    Expected: <= 61
    Received:    122

       6 |  // without consuming retries. This is not the normal-play evidence.
       7 |  const cycles:any[]=[];for(let i=0;i<6;i++){await page.evaluate(async()=>{const p=(window as any).prototype,{command}=await import('/src/core/engine.ts' as string);for(const c of [{type:'exitExploration'},{type:'enter',node:1}]){const r=command(p.state,c as any);if(!r.ok)throw Error(r.reason);}});await page.waitForTimeout(120);await page.evaluate(async()=>{const p=(window as any).prototype,{command}=await import('/src/core/engine.ts' as string);p.state.phase='nodes';const r=command(p.state,{type:'enter',node:4});if(!r.ok)throw Error(r.reason);});await page.waitForTimeout(200);cycles.push(await page.evaluate(()=>({...((window as any).prototype.scene as any).renderer.info.memory})));}
    >  8 |  expect(cycles.at(-1).textures).toBeLessThanOrEqual(cycles[1].textures+3);expect(cycles.at(-1).geometries).toBeLessThanOrEqual(cycles[1].geometries+5);expect(errors).toEqual([]);expect(failed.filter(url=>!url.endsWith('/favicon.ico'))).toEqual([]);
         |                                                                                                            ^
       9 |  writeFileSync('../记录/验证/T-013/render-resources.json',JSON.stringify({cycles,errors,failed},null,2));
      10 | });
      11 |
        at E:\WORLDCREATOR\XingHaiHuiLang\Origin\game\tests\t013-resources.spec.ts:8:108

    Error Context: ..\work\browser-results\t013-resources-repeated-no-d0967-d-produces-no-shader-errors\error-context.md

  1 failed
    tests\t013-resources.spec.ts:3:1 › repeated normal map rebuilding keeps owned GPU resources bounded and produces no shader errors 
  105 passed (14.2m)
