
Running 10 tests using 1 worker

(node:35372) Warning: The 'NO_COLOR' env is ignored due to the 'FORCE_COLOR' env being set.
(Use `node --trace-warnings ...` to show where the warning was created)
(node:35372) Warning: The 'NO_COLOR' env is ignored due to the 'FORCE_COLOR' env being set.
(Use `node --trace-warnings ...` to show where the warning was created)
{"release":{"id":46,"at":0.38339999999999963,"pending":{"targetId":"","remaining":-0.0166999999999998,"facing":"north","basic":true}},"sounds":[{"name":"shot","time":0.38339999999999963,"context":"running","muted":false}],"actor":1.2999666269302368,"hit":0}
  ok  1 tests\t034.spec.ts:10:1 › empty swing Release keeps animation and requests one sound without Hit (9.6s)
  ok  2 tests\t034.spec.ts:19:1 › Ines Command Pain rechecks marks, then Sanctuary casts without Direct takeover (14.3s)
  x   3 tests\t034.spec.ts:20:1 › Al Snipe confirms only a mode; E takes over; Direct bar does not cast (18.7s)
(node:99832) Warning: The 'NO_COLOR' env is ignored due to the 'FORCE_COLOR' env being set.
(Use `node --trace-warnings ...` to show where the warning was created)
(node:99832) Warning: The 'NO_COLOR' env is ignored due to the 'FORCE_COLOR' env being set.
(Use `node --trace-warnings ...` to show where the warning was created)
  ok  4 tests\t034.spec.ts:21:1 › RMB cancels Skill only and restores Order; F replaces Skill, Esc exits one layer (9.2s)
  ok  5 tests\t034.spec.ts:22:1 › real Direct defense continues during Command SkillAim; confirmation stays on Al (13.4s)
  ok  6 tests\t034.spec.ts:23:1 › pause and blur invalidate SkillAim with no stale cast (11.7s)
{"kind":"hit","started":0.13340000000000055,"at":0.6090000000000028,"release":{"id":47,"at":0.4315000000000008,"pending":{"targetId":"defense-threat","remaining":-0.04810000000000035,"facing":"west","basic":true}},"sounds":[{"name":"shot","time":0.4315000000000008,"context":"running"},{"name":"shot","time":0.5315000000000009,"context":"running"},{"name":"melee","time":0.5315000000000009,"context":"running"}],"hits":2,"enemy":9941.7,"animation":1.2410666269302342}
  x   7 tests\t034.spec.ts:26:67 › Basic presentation hit (12.8s)
(node:34940) Warning: The 'NO_COLOR' env is ignored due to the 'FORCE_COLOR' env being set.
(Use `node --trace-warnings ...` to show where the warning was created)
(node:34940) Warning: The 'NO_COLOR' env is ignored due to the 'FORCE_COLOR' env being set.
(Use `node --trace-warnings ...` to show where the warning was created)
{"kind":"target-leaves","started":0.11669999999999983,"at":0.48479999999999923,"release":{"id":46,"at":0.38479999999999925,"pending":{"targetId":"defense-threat","remaining":-0.018099999999999436,"facing":"west","basic":true}},"sounds":[{"name":"shot","time":0.38479999999999925,"context":"running"}],"hits":0,"enemy":10000,"animation":1.348566626930237}
  ok  8 tests\t034.spec.ts:26:67 › Basic presentation target-leaves (8.9s)
{"kind":"W-cancel","started":0.13340000000000057,"at":0.2670000000000009,"sounds":[],"hits":0,"animation":0}
  ok  9 tests\t034.spec.ts:26:67 › Basic presentation W-cancel (10.3s)
{"kind":"focus-slow","started":0.13339999999999874,"at":0.5286215317554709,"release":{"id":46,"at":0.42862153175547085,"pending":{"targetId":"","remaining":-0.04522153175547215,"facing":"north","basic":true}},"sounds":[{"name":"shot","time":0.42862153175547085,"context":"running"}],"hits":0,"animation":1.2851890615225217}
  ok 10 tests\t034.spec.ts:26:67 › Basic presentation focus-slow (12.0s)


  1) tests\t034.spec.ts:20:1 › Al Snipe confirms only a mode; E takes over; Direct bar does not cast 

    Error: expect(received).toBe(expected) // Object.is equality

    Expected: 1
    Received: undefined

    Call Log:
    - Timeout 5000ms exceeded while waiting on the predicate

      18 | const confirm=async(page:Page)=>{const t=await ground(page);await page.mouse.click(t.q.x,t.q.y);};
      19 | test('Ines Command Pain rechecks marks, then Sanctuary casts without Direct takeover',async({page})=>{await begin(page,'ines');await loadSkills(page,['pain','sanctuary',null]);await page.keyboard.press('Space');await page.keyboard.press('c');await prepare(page);expect((await stateOf(page)).direct).toBe('hunter');expect((await stateOf(page)).units[1].skills.pain.counter).toBe(4);await page.evaluate(()=>{(window as any).prototype.state.units[1].skillStates.pain.counter=2;});await confirm(page);await expect.poll(async()=>(await stateOf(page)).units[1].skills.pain.counter).toBe(0);expect((await stateOf(page)).stats.skills).toBe(1);expect((await stateOf(page)).direct).toBe('hunter');await prepare(page,1);await confirm(page);await expect.poll(async()=>(await stateOf(page)).stats.skills).toBe(2);expect((await stateOf(page)).units[1].skills.sanctuary.run).toBeDefined();expect((await stateOf(page)).focus).toBe('ines');mkdirSync('../记录/验证/T-034',{recursive:true});await page.screenshot({path:'../记录/验证/T-034/伊内丝指令技能.png'});});
    > 20 | test('Al Snipe confirms only a mode; E takes over; Direct bar does not cast',async({page})=>{await begin(page);await loadSkills(page,['snipe','rain',null]);await page.keyboard.press('Space');await page.keyboard.press('c');await prepare(page);await confirm(page);expect((await stateOf(page)).direct).toBe('hunter');expect((await stateOf(page)).units[1].skills.snipe.enabled).toBe(true);expect((await stateOf(page)).stats.basicStagesStarted||0).toBe(0);await page.keyboard.press('e');await expect.poll(async()=>(await stateOf(page)).direct).toBe('ranger');expect((await stateOf(page)).units[1].skills.snipe.enabled).toBe(false);await page.waitForTimeout(900);const bar=await page.locator('#world-skill [data-skill-slot="0"]').boundingBox();await page.mouse.click(bar!.x+bar!.width/2,bar!.y+bar!.height/2);expect((await stateOf(page)).units[1].skills.snipe.enabled).toBe(false);expect((await stateOf(page)).aim).toBeUndefined();await page.waitForTimeout(1200);await confirm(page);await expect.poll(async()=>(await stateOf(page)).stats.basicStagesStarted).toBe(1);});
         |                                                                                                                                                                                                                                                                                                                                                                                                                                                                                                                                                                                                                                                                                                                                                                                                                                                                                                                                                                                                                                                                                             ^
      21 | test('RMB cancels Skill only and restores Order; F replaces Skill, Esc exits one layer',async({page})=>{await begin(page);await loadSkills(page,['snipe','rain',null]);await page.keyboard.press('Space');await page.keyboard.press('c');await page.keyboard.press('f');await confirm(page);const before=(await stateOf(page)).orders.ranger;expect(before).toBeDefined();await prepare(page);await page.mouse.click(700,300,{button:'right'});expect((await stateOf(page)).aim).toBeUndefined();expect((await stateOf(page)).focus).toBe('ranger');expect((await stateOf(page)).units[1].skills.snipe.enabled).toBe(false);expect((await stateOf(page)).orders.ranger.id).toBe(before.id);await prepare(page);await page.keyboard.press('f');expect((await stateOf(page)).aim.kind).toBe('path');await page.keyboard.press('Escape');expect((await stateOf(page)).aim).toBeUndefined();expect((await stateOf(page)).focus).toBe('ranger');await page.keyboard.press('Escape');expect((await stateOf(page)).focus).toBeNull();});
      22 | test('real Direct defense continues during Command SkillAim; confirmation stays on Al',async({page})=>{await begin(page);await loadSkills(page,['snipe','rain',null]);await page.keyboard.press('Space');await page.keyboard.press('c');await prepare(page);await danger(page,'hunter',true);await expect.poll(()=>page.evaluate(()=>(window as any).prototype.state.stats.commandDefenseMobility||0),{timeout:8000}).toBeGreaterThan(0);expect((await stateOf(page)).aim.actorId).toBe('ranger');await confirm(page);expect((await stateOf(page)).units[1].skills.snipe.enabled).toBe(true);expect((await stateOf(page)).direct).toBe('hunter');expect((await stateOf(page)).stats.basicStagesStarted||0).toBe(0);mkdirSync('../记录/验证/T-034',{recursive:true});await page.screenshot({path:'../记录/验证/T-034/防御期间指令.png'});});
      23 | test('pause and blur invalidate SkillAim with no stale cast',async({page})=>{await begin(page);await loadSkills(page,['snipe','rain',null]);await page.keyboard.press('Space');await page.keyboard.press('c');await prepare(page);await page.keyboard.press('Space');expect((await stateOf(page)).aim).toBeUndefined();await page.keyboard.press('Space');expect((await stateOf(page)).units[1].skills.snipe.enabled).toBe(false);await prepare(page);await page.evaluate(()=>window.dispatchEvent(new Event('blur')));expect((await stateOf(page)).aim).toBeUndefined();expect((await stateOf(page)).units[1].skills.snipe.enabled).toBe(false);});
        at E:\WORLDCREATOR\XingHaiHuiLang\Origin\game\tests\t034.spec.ts:20:1053

    Error Context: ..\work\browser-results\t034-Al-Snipe-confirms-onl-b9c1e-er-Direct-bar-does-not-cast\error-context.md

  2) tests\t034.spec.ts:26:67 › Basic presentation hit ─────────────────────────────────────────────

    Error: expect(received).toHaveLength(expected)

    Expected length: 1
    Received length: 3
    Received array:  [{"context": "running", "name": "shot", "time": 0.4315000000000008}, {"context": "running", "name": "shot", "time": 0.5315000000000009}, {"context": "running", "name": "melee", "time": 0.5315000000000009}]

      24 |
      25 |
    > 26 | for(const kind of ['hit','target-leaves','W-cancel','focus-slow'])test('Basic presentation '+kind,async({page})=>{await begin(page);await page.evaluate(()=>{const a=(window as any).prototype.audio,old=a.play;(window as any).swingSounds=[];a.play=function(name:any){(window as any).swingSounds.push({name,time:(window as any).prototype.state.time,context:this.context?.state});return old.call(this,name);};});if(kind==='hit'||kind==='target-leaves'){await danger(page);await page.evaluate(()=>{const s=(window as any).prototype.state,e=s.units.find((u:any)=>u.id==='defense-threat');e.attackIntent=undefined;e.statuses=[{kind:'stun',power:0,remaining:100}];e.defense=undefined;});}await page.keyboard.press('Space');const t=kind==='hit'||kind==='target-leaves'?await page.evaluate(()=>{const p=(window as any).prototype,e=p.state.units.find((u:any)=>u.id==='defense-threat');return {q:p.project(e.pos)};}):await ground(page);await page.mouse.click(t.q.x,t.q.y);await expect.poll(()=>page.evaluate(()=>(window as any).prototype.state.units[0].attackPending)).toBeDefined();const started=await page.evaluate(()=>(window as any).prototype.state.time);if(kind==='target-leaves')await page.evaluate(()=>{(window as any).prototype.state.units.find((u:any)=>u.id==='defense-threat').pos={x:40,y:40};});if(kind==='focus-slow')await page.keyboard.press('c');if(kind==='W-cancel'){await page.keyboard.down('w');await page.waitForTimeout(60);await page.keyboard.up('w');}await expect.poll(()=>page.evaluate(()=>(window as any).prototype.state.units[0].attackPending),{timeout:8000}).toBeUndefined();await page.waitForTimeout(70);const reading=await page.evaluate(()=>{const p=(window as any).prototype,s=p.state,h=s.units[0];return {at:s.time,release:h.basicRelease,sounds:(window as any).swingSounds,hits:s.stats.basicAttacksReleased||0,enemy:s.units.find((u:any)=>u.id==='defense-threat')?.hp,animation:p.scene.unitVisuals.get(h.id)?.attackRemaining};});console.log(JSON.stringify({kind,started,...reading}));if(kind==='W-cancel'){expect(reading.release).toBeUndefined();expect(reading.sounds.filter((x:any)=>['shot','melee'].includes(x.name))).toHaveLength(0);}else{expect(reading.release).toBeDefined();expect(reading.sounds.filter((x:any)=>['shot','melee'].includes(x.name))).toHaveLength(1);expect(reading.animation).toBeGreaterThan(0);}expect(reading.hits).toBe(kind==='hit'?1:0);if(kind==='hit')expect(reading.enemy).toBeLessThan(10000);});
         |                                                                                                                                                                                                                                                                                                                                                                                                                                                                                                                                                                                                                                                                                                                                                                                                                                                                                                                                                                                                                                                                                                                                                                                                                                                                                                                                                                                                                                                                                                                                                                                                                                                                                                                                                                                                                                                                                                                                                                                                                                                                                                                                                                                                                                                                                                                                                              ^
      27 |
        at E:\WORLDCREATOR\XingHaiHuiLang\Origin\game\tests\t034.spec.ts:26:2270

    Error Context: ..\work\browser-results\t034-Basic-presentation-hit\error-context.md

  2 failed
    tests\t034.spec.ts:20:1 › Al Snipe confirms only a mode; E takes over; Direct bar does not cast 
    tests\t034.spec.ts:26:67 › Basic presentation hit ──────────────────────────────────────────────
  8 passed (2.1m)
