
Running 118 tests using 1 worker

(node:79052) Warning: The 'NO_COLOR' env is ignored due to the 'FORCE_COLOR' env being set.
(Use `node --trace-warnings ...` to show where the warning was created)
(node:79052) Warning: The 'NO_COLOR' env is ignored due to the 'FORCE_COLOR' env being set.
(Use `node --trace-warnings ...` to show where the warning was created)
  ok   1 tests\browser.spec.ts:4:1 › start renders a battlefield and pause stops simulation (4.4s)
  ok   2 tests\browser.spec.ts:14:1 › click move submits without direction confirmation (4.5s)
  ok   3 tests\browser.spec.ts:19:1 › deployment warmup then deploy and quick drag commits without direction dialog (24.1s)
  ok   4 tests\browser.spec.ts:35:1 › refresh keeps scene and exclusive cards and invalid card use keeps hand (6.5s)
  ok   5 tests\browser.spec.ts:45:1 › node reentry preparation cannot reset the expedition through mode selection (5.0s)
  ok   6 tests\browser.spec.ts:51:1 › right click cancels interaction and returns the chosen double speed (7.6s)
  ok   7 tests\build.spec.ts:4:1 › prebattle skill selection and in-battle purchases use normal UI (19.7s)
  ok   8 tests\build.spec.ts:12:1 › compact build panel is usable and blocks movement input (8.6s)
  x    9 tests\build.spec.ts:16:1 › prebattle dual professions preserve preferences, real battle swaps refresh the equipped skill (31.1s)
(node:78376) Warning: The 'NO_COLOR' env is ignored due to the 'FORCE_COLOR' env being set.
(Use `node --trace-warnings ...` to show where the warning was created)
(node:78376) Warning: The 'NO_COLOR' env is ignored due to the 'FORCE_COLOR' env being set.
(Use `node --trace-warnings ...` to show where the warning was created)
  ok  10 tests\build.spec.ts:26:1 › unlock presets enforce caps without discarding already purchased branches (12.4s)
  ok  11 tests\build.spec.ts:30:1 › changing the initial test mode does not refund purchases or erase configured skills (12.1s)
  ok  12 tests\continuous-scenes.spec.ts:4:1 › exploration fixture renders real enemies and ignores copy targets (7.7s)
  ok  13 tests\continuous-scenes.spec.ts:9:1 › fractional selected model supports card targeting, circular preview and cancellation (11.1s)
  ok  14 tests\continuous.spec.ts:3:1 › continuous mouse deployment and movement preserve the clicked surface point (22.2s)
  ok  15 tests\feedback.spec.ts:5:1 › drag held shows planned route before release (20.8s)
  ok  16 tests\feedback.spec.ts:12:1 › downed companion has nearby rescue that sends hunter (7.6s)
  ok  17 tests\feedback.spec.ts:17:1 › card chain follows cursor and cancels without consumption (9.3s)
  ok  18 tests\feedback.spec.ts:24:1 › card resolves only the indicated target, not a stale selection (8.5s)
  ok  19 tests\personal.spec.ts:4:1 › number selection and held WASD preserve selected character, release and blur stop movement (10.7s)
  ok  20 tests\personal.spec.ts:5:1 › E keeps selection, stops held movement and does not silently resume; pause survives right cancel (4.1s)
  ok  21 tests\personal.spec.ts:6:1 › mouse-only blink, separate copy control and healthy shadow return use actual buttons (11.8s)
  ok  22 tests\personal.spec.ts:7:1 › Shift uses held direction and cannot blink hunter while another character selected (5.1s)
  ok  23 tests\personal.spec.ts:8:1 › real map keyboard recall, redeployment and explicit casualty rescue form one loop (10.2s)
  ok  24 tests\personal.spec.ts:23:1 › menu interruption requires release and press again; right cancel keeps submitted recall (7.1s)
  ok  25 tests\personal.spec.ts:27:1 › compact reduced-motion controls remain reachable and render ten reserve marks (6.1s)
  ok  26 tests\revision2.spec.ts:5:1 › click move has no direction stage and blank click clears slow time (5.6s)
  ok  27 tests\revision2.spec.ts:9:1 › selected character shows portrait and clickable millisecond filled skill (9.5s)
  ok  28 tests\revision2.spec.ts:13:1 › pointing move at crystal no longer offers retired retreat (5.9s)
  ok  29 tests\revision2.spec.ts:17:1 › card tray and skill controls are large enough to interact (6.3s)
  x   30 tests\revision2.spec.ts:20:1 › new movement after pointing at crystal remains ordinary movement (11.1s)
(node:58016) Warning: The 'NO_COLOR' env is ignored due to the 'FORCE_COLOR' env being set.
(Use `node --trace-warnings ...` to show where the warning was created)
(node:58016) Warning: The 'NO_COLOR' env is ignored due to the 'FORCE_COLOR' env being set.
(Use `node --trace-warnings ...` to show where the warning was created)
