
Running 118 tests using 1 worker

(node:73956) Warning: The 'NO_COLOR' env is ignored due to the 'FORCE_COLOR' env being set.
(Use `node --trace-warnings ...` to show where the warning was created)
(node:73956) Warning: The 'NO_COLOR' env is ignored due to the 'FORCE_COLOR' env being set.
(Use `node --trace-warnings ...` to show where the warning was created)
  ok   1 tests\browser.spec.ts:4:1 › start renders a battlefield and pause stops simulation (4.8s)
  ok   2 tests\browser.spec.ts:14:1 › click move submits without direction confirmation (4.3s)
  ok   3 tests\browser.spec.ts:19:1 › deployment warmup then deploy and quick drag commits without direction dialog (24.4s)
  ok   4 tests\browser.spec.ts:35:1 › refresh keeps scene and exclusive cards and invalid card use keeps hand (7.3s)
  ok   5 tests\browser.spec.ts:45:1 › node reentry preparation cannot reset the expedition through mode selection (4.2s)
  ok   6 tests\browser.spec.ts:51:1 › right click cancels interaction and returns the chosen double speed (7.5s)
  ok   7 tests\build.spec.ts:4:1 › prebattle skill selection and in-battle purchases use normal UI (19.5s)
  ok   8 tests\build.spec.ts:12:1 › compact build panel is usable and blocks movement input (7.6s)
  ok   9 tests\build.spec.ts:16:1 › prebattle dual professions preserve preferences, real battle swaps refresh the equipped skill (31.2s)
  ok  10 tests\build.spec.ts:26:1 › unlock presets enforce caps without discarding already purchased branches (17.3s)
  ok  11 tests\build.spec.ts:30:1 › changing the initial test mode does not refund purchases or erase configured skills (14.0s)
  ok  12 tests\continuous-scenes.spec.ts:4:1 › exploration fixture renders real enemies and ignores copy targets (6.0s)
  ok  13 tests\continuous-scenes.spec.ts:9:1 › fractional selected model supports card targeting, circular preview and cancellation (9.9s)
  ok  14 tests\continuous.spec.ts:3:1 › continuous mouse deployment and movement preserve the clicked surface point (22.3s)
  ok  15 tests\feedback.spec.ts:5:1 › drag held shows planned route before release (21.0s)
  ok  16 tests\feedback.spec.ts:12:1 › downed companion has nearby rescue that sends hunter (6.3s)
  ok  17 tests\feedback.spec.ts:17:1 › card chain follows cursor and cancels without consumption (8.5s)
  ok  18 tests\feedback.spec.ts:24:1 › card resolves only the indicated target, not a stale selection (12.4s)
  ok  19 tests\personal.spec.ts:4:1 › number selection and held WASD preserve selected character, release and blur stop movement (8.8s)
  ok  20 tests\personal.spec.ts:5:1 › E keeps selection, stops held movement and does not silently resume; pause survives right cancel (6.7s)
  ok  21 tests\personal.spec.ts:6:1 › mouse-only blink, separate copy control and healthy shadow return use actual buttons (10.8s)
  ok  22 tests\personal.spec.ts:7:1 › Shift uses held direction and cannot blink hunter while another character selected (5.5s)
  ok  23 tests\personal.spec.ts:8:1 › real map keyboard recall, redeployment and explicit casualty rescue form one loop (9.7s)
  ok  24 tests\personal.spec.ts:23:1 › menu interruption requires release and press again; right cancel keeps submitted recall (6.4s)
  ok  25 tests\personal.spec.ts:27:1 › compact reduced-motion controls remain reachable and render ten reserve marks (6.9s)
  ok  26 tests\revision2.spec.ts:5:1 › click move has no direction stage and blank click clears slow time (6.4s)
  ok  27 tests\revision2.spec.ts:9:1 › selected character shows portrait and clickable millisecond filled skill (8.8s)
  ok  28 tests\revision2.spec.ts:13:1 › pointing move at crystal no longer offers retired retreat (5.9s)
  ok  29 tests\revision2.spec.ts:17:1 › card tray and skill controls are large enough to interact (6.3s)
  ok  30 tests\revision2.spec.ts:20:1 › new movement after pointing at crystal remains ordinary movement (6.4s)
  ok  31 tests\revision2.spec.ts:24:1 › refreshing away selected card releases orphaned slow targeting (6.5s)
  ok  32 tests\revision2.spec.ts:27:1 › short support skill starts with a nearly full duration fill (9.5s)
  ok  33 tests\revision3.spec.ts:5:1 › hand remains scene deck exclusive after appended scene cards (6.3s)
  ok  34 tests\revision3.spec.ts:9:1 › casting from selection exits slow mode and same tile second click cancels (8.3s)
  ok  35 tests\revision3.spec.ts:13:1 › manual draw appends one deck card keeping all existing cards (6.2s)
  ok  36 tests\revision3.spec.ts:18:1 › switching to double speed preserves observation and mouse casting resumes the chosen speed (9.4s)
  ok  37 tests\revision4.spec.ts:5:1 › only detail skill hover changes attack preview to skill preview (11.3s)
  ok  38 tests\revision4.spec.ts:8:1 › a real enemy death emits fragment flight and credits only once (6.8s)
  ok  39 tests\revision5.spec.ts:4:1 › selected model has operational world skill while detail is descriptive (7.5s)
  ok  40 tests\revision5.spec.ts:8:1 › dash waits for a second directional choice without consuming on target selection (8.2s)
  ok  41 tests\revision6.spec.ts:4:1 › all supplied ally skeletons load and render (5.2s)
  x   42 tests\revision6.spec.ts:9:1 › direct roster drag deploys without a preceding click (26.5s)
(node:74872) Warning: The 'NO_COLOR' env is ignored due to the 'FORCE_COLOR' env being set.
(Use `node --trace-warnings ...` to show where the warning was created)
(node:74872) Warning: The 'NO_COLOR' env is ignored due to the 'FORCE_COLOR' env being set.
(Use `node --trace-warnings ...` to show where the warning was created)
  ok  43 tests\revision6.spec.ts:15:1 › dash chooses a sector and confirms outside the arrow button (6.6s)
  ok  44 tests\revision6.spec.ts:22:1 › right click cancels an avatar drag without deploying on release (15.0s)
  ok  45 tests\revision6.spec.ts:27:1 › reduced motion keeps drawing immediate without card flight (5.4s)
  ok  46 tests\revision6.spec.ts:31:1 › draw preserves retained card nodes and animates the new hand (5.5s)
  ok  47 tests\revision6.spec.ts:37:1 › immovable originals and clones never preview a movement arrow (20.5s)
  ok  48 tests\revision6.spec.ts:46:1 › prepared actors use real skeletons immediately and hide immovable direction markers (7.2s)
  ok  49 tests\rework.spec.ts:6:1 › new source skeletons and native effects render real pixels for every registered action (6.3s)
  ok  50 tests\rework.spec.ts:12:134 › normal preparation UI configures ines two complete trees (31.9s)
  ok  51 tests\rework.spec.ts:12:134 › normal preparation UI configures ranger two complete trees (30.7s)
  ok  52 tests\rework.spec.ts:12:134 › normal preparation UI configures fiorre two complete trees (34.6s)
  ok  53 tests\rework.spec.ts:18:1 › new prepared actors immediately use source models and real sliding uses movement animation (6.0s)
  ok  54 tests\start.spec.ts:3:1 › start removes the blocking briefing before the next rendered frame (6.4s)
  ok  55 tests\t005.spec.ts:3:1 › direct movement renders run and blocked movement idles (6.9s)
  ok  56 tests\t005.spec.ts:14:1 › avatar does not summon; summon strip supports drag and click (48.3s)
  ok  57 tests\t008.spec.ts:9:1 › Fiorre source body is a readable ally size with feet fixed at the logical ground point (7.3s)
  ok  58 tests\t008.spec.ts:15:91 › 2x survives cancel after temporary observation (9.6s)
  ok  59 tests\t008.spec.ts:15:91 › 2x survives move after temporary observation (8.6s)
  ok  60 tests\t008.spec.ts:15:91 › 2x survives direct after temporary observation (9.4s)
  ok  61 tests\t008.spec.ts:15:91 › 2x survives skill after temporary observation (9.3s)
  ok  62 tests\t008.spec.ts:15:91 › 2x survives blink after temporary observation (9.2s)
  ok  63 tests\t008.spec.ts:15:91 › 2x survives menu after temporary observation (12.8s)
  ok  64 tests\t008.spec.ts:15:91 › 2x survives reselect after temporary observation (8.2s)
  ok  65 tests\t008.spec.ts:26:1 › removed targeting card ends observation without resetting 2x (6.9s)
  ok  66 tests\t008.spec.ts:29:1 › left Alt toggles the preference once, keeps card aim and fixed 0.1x observation; right Alt is inert (8.8s)
  ok  67 tests\t008.spec.ts:32:1 › speed button and left Alt preserve paused observation and share the same setting (8.2s)
  ok  68 tests\t010-controls.spec.ts:3:1 › copy selected labels its existing Q action as destruction instead of shadow recall (9.1s)
  ok  69 tests\t010-detail.spec.ts:3:1 › selecting a different copy starts its readonly detail at the identity heading (12.2s)
  ok  70 tests\t010-resources.spec.ts:5:1 › 120 summon removals release private canvases and return GPU resources to warm baseline (5.9s)
  ok  71 tests\t010.spec.ts:5:73 › copy list and readonly build support single destroy at 1440 (18.5s)
  ok  72 tests\t010.spec.ts:5:73 › copy list and readonly build support single destroy at 1000 (12.9s)
  ok  73 tests\t010.spec.ts:8:1 › orphaned summon aim returns to default speed when source leaves (7.3s)
  ok  74 tests\t010.spec.ts:9:1 › repeated summon and removal releases actor instances and canvas textures (5.5s)
  ok  75 tests\t010.spec.ts:13:1 › drag summon creates exactly one instance and charges once (20.4s)
  ok  76 tests\t010.spec.ts:14:1 › source gone and upgraded old/new builds stay readable in existing sidebar (14.6s)
  ok  77 tests\t010.spec.ts:15:1 › late skeleton load cannot reattach to removed actor (5.5s)
  ok  78 tests\t011.spec.ts:2:1 › outside account carries zero without a grant and cannot draw from gold (6.4s)
  ok  79 tests\t011.spec.ts:3:32 › draw one and drag sell previews fixed refund, restores 2x at 1440 (14.2s)
  ok  80 tests\t011.spec.ts:3:32 › draw one and drag sell previews fixed refund, restores 2x at 1000 (11.1s)
  ok  81 tests\t011.spec.ts:7:61 › uncommitted sale cancels on back (11.0s)
  ok  82 tests\t011.spec.ts:7:61 › uncommitted sale cancels on right (11.6s)
  ok  83 tests\t011.spec.ts:7:61 › uncommitted sale cancels on blur (11.3s)
  ok  84 tests\t011.spec.ts:7:61 › uncommitted sale cancels on gone (11.0s)
  ok  85 tests\t011.spec.ts:7:61 › uncommitted sale cancels on hidden (11.9s)
  ok  86 tests\t011.spec.ts:8:1 › all card sources sell once at fixed refund and full hand remains reachable on node map (30.4s)
  ok  87 tests\t011.spec.ts:9:1 › abandon confirmation pauses, cancel preserves 2x, confirm loses carry only (9.7s)
  ok  88 tests\t011.spec.ts:10:1 › outside carry preview and exchange mutate stocks only on explicit confirm (6.2s)
  ok  89 tests\t012.spec.ts:3:1 › briefing identifies short content and battle abandon is distinct and cancellable (8.4s)
  ok  90 tests\t012.spec.ts:9:1 › batch preview and wave HUD share simulation timing and pause at the selected speed (10.4s)
  ok  91 tests\t012.spec.ts:20:1 › compact exit confirmation remains reachable with a full hand (9.3s)
  ok  92 tests\t012.spec.ts:28:1 › overlapping route previews stay static with reduced motion and release every replaced object (12.3s)
  ok  93 tests\t013-render.spec.ts:2:1 › exploration camera follows while paused and unknown cells cannot be picked (9.8s)
  x   94 tests\t013-render.spec.ts:11:1 › returning to the node map does not expose unknown terrain through its background (7.9s)
(node:46744) Warning: The 'NO_COLOR' env is ignored due to the 'FORCE_COLOR' env being set.
(Use `node --trace-warnings ...` to show where the warning was created)
(node:46744) Warning: The 'NO_COLOR' env is ignored due to the 'FORCE_COLOR' env being set.
(Use `node --trace-warnings ...` to show where the warning was created)
  ok  95 tests\t013-resources.spec.ts:3:1 › repeated normal map rebuilding keeps owned GPU resources bounded and produces no shader errors (20.4s)
  ok  96 tests\t013-resources.spec.ts:15:1 › partial regroup rejection and downed exit confirmation remain visible as separate boundary fixtures (12.6s)
  ok  97 tests\t013-resources.spec.ts:21:1 › reduced motion exploration aligns camera immediately and an isolated copy keeps sight without party aggro (7.6s)
  ok  98 tests\t013.spec.ts:3:32 › normal exploration entry exposes objectives and party controls at 1440 (8.0s)
  ok  99 tests\t013.spec.ts:3:32 › normal exploration entry exposes objectives and party controls at 1000 (5.9s)
  ok 100 tests\t013.spec.ts:12:1 › party shortcut and click use normal control while modal cancellation preserves default speed (8.4s)
  ok 101 tests\t014.spec.ts:2:32 › pressure HUD shows independent gray life and posture at 1440 (14.6s)
  ok 102 tests\t014.spec.ts:2:32 › pressure HUD shows independent gray life and posture at 1000 (10.8s)
  ok 103 tests\t014.spec.ts:11:1 › enemy posture has contextual visibility and respects exploration fog (7.8s)
  ok 104 tests\t015.spec.ts:2:32 › preparation tendency is actionable and fits at 1440 (16.4s)
  ok 105 tests\t015.spec.ts:2:32 › preparation tendency is actionable and fits at 1000 (11.7s)
  ok 106 tests\t015.spec.ts:10:1 › overlapping bodies use stable slot ordering and debug overlays release their resources (7.4s)
  ok 107 tests\t016.spec.ts:4:1 › debug explains task lifetime and releases comfort and contribution graphics (14.8s)
  ok 108 tests\t017.spec.ts:7:34 › full viewport centers the tower and fits the ground at 1920x1080 (13.2s)
  ok 109 tests\t017.spec.ts:7:34 › full viewport centers the tower and fits the ground at 1600x900 (9.8s)
  ok 110 tests\t017.spec.ts:7:34 › full viewport centers the tower and fits the ground at 1440x1000 (9.9s)
  ok 111 tests\t017.spec.ts:7:34 › full viewport centers the tower and fits the ground at 1280x720 (7.1s)
  ok 112 tests\t017.spec.ts:11:1 › visible HUD backgrounds consume input while transparent HUD space remains a world surface (5.8s)
  ok 113 tests\t017.spec.ts:15:1 › captured roster drag released over HUD cannot deploy into the valid ground behind it (17.1s)
  ok 114 tests\t017.spec.ts:20:39 › tower UI toggles and sale drag never change a static world's projection (22.0s)
  ok 115 tests\t017.spec.ts:20:39 › explore UI toggles and sale drag never change a static world's projection (12.3s)
  ok 116 tests\t017.spec.ts:29:35 › exploration retains paused hunter follow and bounded companion offset, reduced=false (12.1s)
  ok 117 tests\t017.spec.ts:29:35 › exploration retains paused hunter follow and bounded companion offset, reduced=true (8.6s)
  ok 118 tests\t017.spec.ts:34:1 › workbench tower shares the full viewport fit and centered world (7.6s)


  1) tests\revision6.spec.ts:9:1 › direct roster drag deploys without a preceding click ────────────

    Error: expect(received).toBe(expected) // Object.is equality

    Expected: "active"
    Received: "reserve"

    Call Log:
    - Timeout 5000ms exceeded while waiting on the predicate

      10 |  await start(page);const b=await page.locator('[data-unit="fiorre"]').boundingBox();const p=await page.evaluate(()=>(window as any).prototype.project({x:3,y:4}));
      11 |  await page.mouse.move(b!.x+30,b!.y+30);await page.mouse.down();await page.mouse.move(p.x,p.y,{steps:12});await page.mouse.up();
    > 12 |  await expect.poll(()=>page.evaluate(()=>(window as any).prototype.state.units.find((u:any)=>u.id==='fiorre').life)).toBe('active');
         |                                                                                                                      ^
      13 |  const pos=await page.evaluate(()=>(window as any).prototype.state.units.find((u:any)=>u.id==='fiorre').pos);expect(pos.x).toBeCloseTo(3,1);expect(pos.y).toBeCloseTo(4,1);
      14 | });
      15 | test('dash chooses a sector and confirms outside the arrow button',async({page})=>{
        at E:\WORLDCREATOR\XingHaiHuiLang\Origin\game\tests\revision6.spec.ts:12:118

    Error Context: ..\work\browser-results\revision6-direct-roster-dr-55750-s-without-a-preceding-click\error-context.md

  2) tests\t013-render.spec.ts:11:1 › returning to the node map does not expose unknown terrain through its background 

    Error: expect(received).toEqual(expected) // deep equality

    - Expected  - 3
    + Received  + 3

      Array [
    -   51,
    -   67,
    -   86,
    +   18,
    +   28,
    +   41,
        255,
      ]

      11 | test('returning to the node map does not expose unknown terrain through its background',async({page})=>{
      12 |  await page.goto('/');await page.locator('[data-action="carry"]').click();await page.evaluate(()=>{const s=(window as any).prototype.state;s.completed.push(1);s.phase='nodes';});await page.locator('[data-node="4"]').click();await page.locator('#exploration-exit').click();
    > 13 |  const pixels=await page.evaluate(()=>{const p=(window as any).prototype,s=p.state,scene=p.scene;scene.update(s,{selectedId:null,hover:null,path:[],range:[],deployTiles:[],targeting:false},0,1);const r=scene.renderer,gl=r.getContext(),canvas=r.domElement,q=scene.project({x:14,y:10}),bounds=canvas.getBoundingClientRect(),sample=new Uint8Array(4),background=new Uint8Array(4);gl.readPixels(Math.round((q.x-bounds.left)*canvas.width/bounds.width),canvas.height-1-Math.round((q.y-bounds.top)*canvas.height/bounds.height),1,1,gl.RGBA,gl.UNSIGNED_BYTE,sample);gl.readPixels(1,1,1,1,gl.RGBA,gl.UNSIGNED_BYTE,background);return {sample:[...sample],background:[...background]};});expect(pixels.sample).toEqual(pixels.background);
         |                                                                                                                                                                                                                                                                                                                                                                                                                                                                                                                                                                                                                                                                                                                        ^
      14 | });
      15 |
        at E:\WORLDCREATOR\XingHaiHuiLang\Origin\game\tests\t013-render.spec.ts:13:696

    Error Context: ..\work\browser-results\t013-render-returning-to-t-89cc8-rain-through-its-background\error-context.md

  2 failed
    tests\revision6.spec.ts:9:1 › direct roster drag deploys without a preceding click ─────────────
    tests\t013-render.spec.ts:11:1 › returning to the node map does not expose unknown terrain through its background 
  116 passed (22.4m)
