
Running 3 tests using 1 worker

(node:96068) Warning: The 'NO_COLOR' env is ignored due to the 'FORCE_COLOR' env being set.
(Use `node --trace-warnings ...` to show where the warning was created)
(node:96068) Warning: The 'NO_COLOR' env is ignored due to the 'FORCE_COLOR' env being set.
(Use `node --trace-warnings ...` to show where the warning was created)
  x  1 tests\t022.spec.ts:5:38 › melee telegraph uses locked core geometry and real WASD can avoid (13.2s)
(node:118196) Warning: The 'NO_COLOR' env is ignored due to the 'FORCE_COLOR' env being set.
(Use `node --trace-warnings ...` to show where the warning was created)
(node:118196) Warning: The 'NO_COLOR' env is ignored due to the 'FORCE_COLOR' env being set.
(Use `node --trace-warnings ...` to show where the warning was created)
  ok 2 tests\t022.spec.ts:5:38 › ranged telegraph uses locked core geometry and real WASD can avoid (10.3s)
  ok 3 tests\t022.spec.ts:6:1 › standing in a ranged line receives damage and reduced motion still distinguishes lock (12.1s)


  1) tests\t022.spec.ts:5:38 › melee telegraph uses locked core geometry and real WASD can avoid ───

    Error: expect(received).toBeGreaterThan(expected)

    Expected: > 0
    Received:   0

    Call Log:
    - Timeout 5000ms exceeded while waiting on the predicate

      3 | async function begin(page:Page){await page.goto('/');await page.locator('[data-journey="exploration"]').click();await page.locator('[data-companion="ines"]').click();await page.locator('[data-action="carry"]').click();await page.locator('[data-action="pause"]').click();await expect.poll(()=>page.evaluate(()=>(window as any).prototype?.scene.terrain.userData.loaded),{timeout:45000}).toBe(true);}
      4 | async function encounter(page:Page,role:string){return page.evaluate(async role=>{const p=(window as any).prototype,s=p.state,h=s.units[0],a=s.units.find((u:any)=>u.id==='ines'),e=s.units.find((u:any)=>u.team==='enemy');for(const u of s.units)if(u.team==='enemy')u.life='dead';e.life='active';e.role=role;e.hp=e.maxHp=10000;e.pos={x:h.pos.x-1,y:h.pos.y};e.drawPos={...e.pos};e.path=[];e.attackTimer=0;e.enemySense.home={...e.pos};e.enemySense.patrol=[];e.enemySense.lastSeen={...h.pos};e.pursuitTargetId=h.id;e.enemyMotion='engaged';e.weapons[0].remote=role==='ranged';e.weapons[0].range=role==='ranged'?4:1;e.statuses=[];h.attackTimer=a.attackTimer=100;a.life='withdrawn';const {startIntent}=await import('/src/core/attack-intent.ts' as string);startIntent(s,e,h);return {id:e.id,hp:h.hp,posture:h.posture};},role);}
    > 5 | for(const role of ['melee','ranged'])test(role+' telegraph uses locked core geometry and real WASD can avoid',async({page})=>{test.setTimeout(90000);await begin(page);const start=await encounter(page,role);await expect.poll(()=>page.evaluate(()=>(window as any).prototype.scene.telegraphs.group.children.length)).toBe(1);expect(await page.evaluate(()=>{const g=(window as any).prototype.scene.telegraphs.group.children[0];return g.userData.phase;})).toBe('tracking');await page.locator('[data-action="pause"]').click();await expect.poll(()=>page.evaluate(()=>{const e=(window as any).prototype.state.units.find((u:any)=>u.attackIntent);return e?.attackIntent.phase;}),{intervals:[10]}).toBe('locked');await page.keyboard.down('s');await expect.poll(()=>page.evaluate(()=>(window as any).prototype.state.stats.telegraphPositionAvoids||0),{intervals:[20]}).toBeGreaterThan(0);await page.keyboard.up('s');await page.locator('[data-action="pause"]').click();expect(await page.evaluate(()=>(window as any).prototype.state.units[0].hp)).toBe(start.hp);expect(await page.evaluate(()=>(window as any).prototype.state.units[0].posture)).toBe(start.posture);mkdirSync('../记录/验证/T-022',{recursive:true});await page.screenshot({path:'../记录/验证/T-022/'+role+'-avoid.png'});});
        |                                                                                                                                                                                                                                                                                                                                                                                                                                                                                                                                                                                                                                                                                                                                                                                                                                                                                        ^
      6 | test('standing in a ranged line receives damage and reduced motion still distinguishes lock',async({page})=>{test.setTimeout(90000);await page.emulateMedia({reducedMotion:'reduce'});await begin(page);const start=await encounter(page,'ranged');await page.locator('[data-action="pause"]').click();await expect.poll(()=>page.evaluate(()=>(window as any).prototype.scene.telegraphs.group.children[0]?.userData.phase),{intervals:[10]}).toBe('locked');expect(await page.evaluate(()=>{const g=(window as any).prototype.scene.telegraphs.group.children[0];return {fill:g.children[0].material.opacity,dashed:g.children[1].material.type};})).toEqual({fill:.28,dashed:'LineBasicMaterial'});await expect.poll(()=>page.evaluate(()=>(window as any).prototype.state.stats.telegraphHits||0),{intervals:[20]}).toBe(1);await page.locator('[data-action="pause"]').click();expect(await page.evaluate(()=>(window as any).prototype.state.units[0].hp)).toBeLessThan(start.hp);});
      7 |
        at E:\WORLDCREATOR\XingHaiHuiLang\Origin\game\tests\t022.spec.ts:5:856

    Error Context: ..\work\browser-results\t022-melee-telegraph-uses--79fc4-try-and-real-WASD-can-avoid\error-context.md

  1 failed
    tests\t022.spec.ts:5:38 › melee telegraph uses locked core geometry and real WASD can avoid ────
  2 passed (37.9s)
