
Running 32 tests using 1 worker

(node:68760) Warning: The 'NO_COLOR' env is ignored due to the 'FORCE_COLOR' env being set.
(Use `node --trace-warnings ...` to show where the warning was created)
(node:68760) Warning: The 'NO_COLOR' env is ignored due to the 'FORCE_COLOR' env being set.
(Use `node --trace-warnings ...` to show where the warning was created)
  ok  1 tests\personal.spec.ts:4:1 › number selection and held WASD preserve selected character, release and blur stop movement (6.3s)
  ok  2 tests\personal.spec.ts:5:1 › E keeps selection, stops held movement and does not silently resume; pause survives right cancel (5.6s)
  ok  3 tests\personal.spec.ts:6:1 › mouse-only blink, separate copy control and healthy shadow return use actual buttons (12.9s)
  ok  4 tests\personal.spec.ts:7:1 › Shift uses held direction and cannot blink hunter while another character selected (4.7s)
  ok  5 tests\personal.spec.ts:8:1 › real map keyboard recall, redeployment and explicit casualty rescue form one loop (10.9s)
  ok  6 tests\personal.spec.ts:23:1 › menu interruption requires release and press again; right cancel keeps submitted recall (8.8s)
  ok  7 tests\personal.spec.ts:27:1 › compact reduced-motion controls remain reachable and render ten reserve marks (6.2s)
  ok  8 tests\t017.spec.ts:7:34 › full viewport centers the tower and fits the ground at 1920x1080 (13.3s)
  ok  9 tests\t017.spec.ts:7:34 › full viewport centers the tower and fits the ground at 1600x900 (11.6s)
  ok 10 tests\t017.spec.ts:7:34 › full viewport centers the tower and fits the ground at 1440x1000 (10.6s)
  ok 11 tests\t017.spec.ts:7:34 › full viewport centers the tower and fits the ground at 1280x720 (9.2s)
  ok 12 tests\t017.spec.ts:11:1 › visible HUD backgrounds consume input while transparent HUD space remains a world surface (6.5s)
  ok 13 tests\t017.spec.ts:15:1 › captured roster drag released over HUD cannot deploy into the valid ground behind it (16.9s)
  ok 14 tests\t017.spec.ts:20:39 › tower UI toggles and sale drag never change a static world's projection (23.5s)
  ok 15 tests\t017.spec.ts:20:39 › explore UI toggles and sale drag never change a static world's projection (14.0s)
  ok 16 tests\t017.spec.ts:29:35 › exploration retains paused hunter follow and bounded companion offset, reduced=false (12.2s)
  ok 17 tests\t017.spec.ts:29:35 › exploration retains paused hunter follow and bounded companion offset, reduced=true (9.1s)
  ok 18 tests\t017.spec.ts:34:1 › workbench tower shares the full viewport fit and centered world (8.0s)
  ok 19 tests\t018.spec.ts:3:1 › standalone imported map, hand drawer, campfire restoration and exit victory (15.6s)
  ok 20 tests\t018.spec.ts:24:1 › drawer locks for selected cards and imported corridors accept actual movement (12.7s)
  ok 21 tests\t019.spec.ts:5:1 › departure requires one companion and permits changing it before leaving (10.2s)
  ok 22 tests\t019.spec.ts:11:1 › two-person roster and clones survive a completed run and a different companion next run (17.2s)
  ok 23 tests\t019.spec.ts:22:1 › real-time WASD and seeded encounter debug evidence use EC01 tuning (14.5s)
  ok 24 tests\t020.spec.ts:6:1 › real C and numbers change DirectActor even paused; clone observation keeps skill and control (14.2s)
  ok 25 tests\t020.spec.ts:14:1 › modal aim and panels block quick control without canceling the action (13.0s)
  ok 26 tests\t020.spec.ts:20:1 › camera follows current primary with capped offset, smooth switching and fixed projection (21.5s)
  ok 27 tests\t020.spec.ts:28:1 › skill input stays on controlled companion and incapacitation updates control without revival theft (21.7s)
  ok 28 tests\t020.spec.ts:33:1 › blink, item, drag, economy and exit confirmation retain exclusive input (14.1s)
  ok 29 tests\t021.spec.ts:8:1 › Shift follows actual C control, independent stock, pause and partner HUD (13.3s)
  ok 30 tests\t021.spec.ts:15:1 › ranger real stop-shot-WASD-stop cycle keeps attack period and plays movement (20.6s)
  ok 31 tests\t021.spec.ts:33:1 › partner mouse aim, no battlefield direction and exclusive UI do not consume accidentally (9.4s)
  ok 32 tests\t021.spec.ts:41:1 › evasion feedback borrows live texture without disposing it and asset fallback is explicit (9.0s)

  32 passed (6.7m)
