
 RUN  v4.1.11 E:/WORLDCREATOR/XingHaiHuiLang/Origin/game

 ❯ tests/attack-intent.test.ts (26 tests | 2 failed) 623ms
   × resolved enemy attack consumes weapon durability once and shares one cast across both bodies 49ms
   × attack snapshot retains the existing mental and attack status multipliers 16ms

⎯⎯⎯⎯⎯⎯⎯ Failed Tests 2 ⎯⎯⎯⎯⎯⎯⎯

 FAIL  tests/attack-intent.test.ts > resolved enemy attack consumes weapon durability once and shares one cast across both bodies
AssertionError: expected 60 to be 59 // Object.is equality

- Expected
+ Received

- 59
+ 60

 ❯ tests/attack-intent.test.ts:22:231


⎯⎯⎯⎯⎯⎯⎯⎯⎯⎯⎯⎯⎯⎯⎯⎯⎯⎯⎯⎯⎯⎯⎯⎯[1/2]⎯

 FAIL  tests/attack-intent.test.ts > attack snapshot retains the existing mental and attack status multipliers
AssertionError: expected 7.199999999999999 to be close to 9, received difference is 1.8000000000000007, but expected 0.005
 ❯ tests/attack-intent.test.ts:23:313


⎯⎯⎯⎯⎯⎯⎯⎯⎯⎯⎯⎯⎯⎯⎯⎯⎯⎯⎯⎯⎯⎯⎯⎯[2/2]⎯


 Test Files  1 failed (1)
      Tests  2 failed | 24 passed (26)
   Start at  19:29:47
   Duration  1.08s (transform 288ms, setup 0ms, import 351ms, tests 623ms, environment 0ms)

