
Running 32 tests using 1 worker

(node:107368) Warning: The 'NO_COLOR' env is ignored due to the 'FORCE_COLOR' env being set.
(Use `node --trace-warnings ...` to show where the warning was created)
(node:107368) Warning: The 'NO_COLOR' env is ignored due to the 'FORCE_COLOR' env being set.
(Use `node --trace-warnings ...` to show where the warning was created)
  ok  1 tests\build.spec.ts:4:1 › prebattle skill selection and in-battle purchases use normal UI (15.3s)
  ok  2 tests\build.spec.ts:12:1 › compact build panel is usable and blocks movement input (8.3s)
  ok  3 tests\build.spec.ts:16:1 › prebattle dual professions preserve preferences, real battle swaps refresh the equipped skill (30.5s)
  ok  4 tests\build.spec.ts:28:1 › unlock presets enforce caps without discarding already purchased branches (16.1s)
  ok  5 tests\build.spec.ts:32:1 › changing the initial test mode does not refund purchases or erase configured skills (12.5s)
  ok  6 tests\personal.spec.ts:4:1 › number selection and held WASD preserve selected character, release and blur stop movement (11.2s)
  ok  7 tests\personal.spec.ts:5:1 › E keeps selection, stops held movement and does not silently resume; pause survives right cancel (7.2s)
  ok  8 tests\personal.spec.ts:6:1 › mouse-only blink, separate copy control and healthy shadow return use actual buttons (13.3s)
  ok  9 tests\personal.spec.ts:7:1 › Shift uses held direction and cannot blink hunter while another character selected (6.2s)
  ok 10 tests\personal.spec.ts:8:1 › real map keyboard recall, redeployment and explicit casualty rescue form one loop (9.9s)
  ok 11 tests\personal.spec.ts:23:1 › menu interruption requires release and press again; right cancel keeps submitted recall (6.6s)
  ok 12 tests\personal.spec.ts:27:1 › compact reduced-motion controls remain reachable and render ten reserve marks (5.8s)
  ok 13 tests\t020.spec.ts:7:1 › original focus keeps DirectActor while clone inspection leaves its skills available (13.8s)
  ok 14 tests\t020.spec.ts:13:1 › modal aim and panels block quick control without canceling the action (13.5s)
  ok 15 tests\t020.spec.ts:19:1 › camera follows current primary with capped offset, smooth switching and fixed projection (21.1s)
  ok 16 tests\t020.spec.ts:27:1 › skill input stays on controlled companion and incapacitation updates control without revival theft (20.8s)
  ok 17 tests\t020.spec.ts:32:1 › blink, item, drag, economy and exit confirmation retain exclusive input (13.8s)
  x  18 tests\t029.spec.ts:9:1 › world original click focuses, clicking current DirectActor clears without selection mirroring (8.9s)
(node:112100) Warning: The 'NO_COLOR' env is ignored due to the 'FORCE_COLOR' env being set.
(Use `node --trace-warnings ...` to show where the warning was created)
(node:112100) Warning: The 'NO_COLOR' env is ignored due to the 'FORCE_COLOR' env being set.
(Use `node --trace-warnings ...` to show where the warning was created)
  ok 19 tests\t029.spec.ts:11:1 › C and original cards focus without takeover, digits toggle current actor, HUD and skills stay separate (8.0s)
  ok 20 tests\t029.spec.ts:12:1 › same W promotes and moves; failure still commits takeover (11.4s)
  ok 21 tests\t029.spec.ts:13:32 › same e promotes even empty/cooldown slot (8.6s)
  ok 22 tests\t029.spec.ts:13:32 › same r promotes even empty/cooldown slot (9.7s)
  ok 23 tests\t029.spec.ts:13:32 › same t promotes even empty/cooldown slot (8.6s)
  ok 24 tests\t029.spec.ts:14:1 › Shift depleted still promotes; Escape clears focus, higher modal keeps it (10.3s)
  ok 25 tests\t029.spec.ts:15:1 › Command ground click issues no path; real clock expires retaining focus and camera primary (12.6s)
  ok 26 tests\t029.spec.ts:16:60 › same e promotes and executes a nonempty ready slot (10.2s)
  ok 27 tests\t029.spec.ts:16:60 › same r promotes and executes a nonempty ready slot (9.6s)
  ok 28 tests\t029.spec.ts:16:60 › same t promotes and executes a nonempty ready slot (10.5s)
  ok 29 tests\t029.spec.ts:17:1 › Shift ready promotes and spends one actual partner charge (10.9s)
  ok 30 tests\t029.spec.ts:18:1 › world skill button keeps DirectActor while focus continues and ground preview is absent (10.6s)
  ok 31 tests\t029.spec.ts:19:1 › modal UI blocks focus and all direct takeover keys; paused only blocks direct actions (10.2s)
  ok 32 tests\t029.spec.ts:20:1 › clone inspection leaves focus and DirectActor independent (9.0s)


  1) tests\t029.spec.ts:9:1 › world original click focuses, clicking current DirectActor clears without selection mirroring 

    Error: page.evaluate: Error: original not pickable
        at eval (eval at evaluate (:311:30), <anonymous>:5:55)
        at UtilityScript.evaluate (<anonymous>:313:16)
        at UtilityScript.<anonymous> (<anonymous>:1:44)
        at eval (eval at evaluate (:311:30), <anonymous>:5:55)
        at UtilityScript.evaluate (<anonymous>:313:16)
        at UtilityScript.<anonymous> (<anonymous>:1:44)
        at E:\WORLDCREATOR\XingHaiHuiLang\Origin\game\tests\t029.spec.ts:9:190

    Error Context: ..\work\browser-results\t029-world-original-click--4b260-without-selection-mirroring\error-context.md

  1 failed
    tests\t029.spec.ts:9:1 › world original click focuses, clicking current DirectActor clears without selection mirroring 
  31 passed (6.3m)
