
Running 69 tests using 1 worker

(node:90444) Warning: The 'NO_COLOR' env is ignored due to the 'FORCE_COLOR' env being set.
(Use `node --trace-warnings ...` to show where the warning was created)
(node:90444) Warning: The 'NO_COLOR' env is ignored due to the 'FORCE_COLOR' env being set.
(Use `node --trace-warnings ...` to show where the warning was created)
  ok  1 tests\t016.spec.ts:4:1 › debug explains task lifetime and releases comfort and contribution graphics (8.3s)
  ok  2 tests\t027.spec.ts:15:1 › AI Al crosses the old two-unit limit inside its encounter without pulling an inactive group (9.4s)
  ok  3 tests\t027.spec.ts:16:1 › Al autonomously flanks Heavy and produces a real directional hit (9.6s)
  ok  4 tests\t027.spec.ts:17:1 › visible Slam has a real reaction delay and walking preserves mobility charges (9.8s)
  ok  5 tests\t027.spec.ts:18:1 › companion under real Slow consumes real Evade when walking cannot finish before Slam (9.4s)
  ok  6 tests\t027.spec.ts:19:1 › real C leaves Hunter as AI and emergency Blink consumes its charge (10.0s)
  ok  7 tests\t027.spec.ts:20:1 › Ines crosses the old radius to peel a threat to the DirectActor (10.5s)
  x   8 tests\t027.spec.ts:21:1 › explicit move then real C finishes the destination before AI freely resumes; 20 seconds remain stable (8.0s)
(node:107072) Warning: The 'NO_COLOR' env is ignored due to the 'FORCE_COLOR' env being set.
(Use `node --trace-warnings ...` to show where the warning was created)
(node:107072) Warning: The 'NO_COLOR' env is ignored due to the 'FORCE_COLOR' env being set.
(Use `node --trace-warnings ...` to show where the warning was created)
  ok  9 tests\t027.spec.ts:22:1 › generated Normal encounter runs twenty simulation seconds with real AI, fog and terrain (14.4s)
  ok 10 tests\t028.spec.ts:10:1 › real WASD traverses a long corridor and corner with continuous follower catchup (27.0s)
  ok 11 tests\t028.spec.ts:14:1 › chaser remains engaged beyond home radius, searches lost LOS, then really returns (8.8s)
  ok 12 tests\t028.spec.ts:15:1 › Basic resolves fast with no ground warning or companion emergency charge (9.3s)
  ok 13 tests\t028.spec.ts:16:1 › Circle Sector Capsule advance outward while final boundary stays full and Reduced Motion retains progress (14.9s)
  ok 14 tests\t028.spec.ts:17:1 › AI preserves charges for a weak imminent Ability but spends real Evade for direct Broken threat (9.4s)
  ok 15 tests\t028.spec.ts:18:1 › damage numbers use real shielded loss, aggregate cast, fade and Reduced Motion stays stationary (11.0s)
  ok 16 tests\t028.spec.ts:19:1 › real C focus expires in 1.5 seconds without handing control; E and W promote and clear it (14.3s)
  ok 17 tests\t028.spec.ts:20:1 › melee and heavy show deterministic approach variation without ranged burst (13.0s)
  ok 18 tests\t029.spec.ts:9:1 › DirectMode requires explicit F before ground click movement (8.2s)
  ok 19 tests\t029.spec.ts:10:1 › world original click focuses, clicking current DirectActor clears without selection mirroring (9.4s)
  ok 20 tests\t029.spec.ts:12:1 › C and original cards focus without takeover, digits toggle current actor, HUD and skills stay separate (11.3s)
  ok 21 tests\t029.spec.ts:13:1 › same W promotes and moves; failure still commits takeover (10.0s)
  ok 22 tests\t029.spec.ts:14:32 › same e promotes even empty/cooldown slot (8.6s)
  ok 23 tests\t029.spec.ts:14:32 › same r promotes even empty/cooldown slot (8.7s)
  ok 24 tests\t029.spec.ts:14:32 › same t promotes even empty/cooldown slot (8.1s)
  ok 25 tests\t029.spec.ts:15:1 › Shift depleted still promotes; Escape clears focus, higher modal keeps it (9.9s)
  ok 26 tests\t029.spec.ts:16:1 › Command ground click issues no path; real clock expires retaining focus and camera primary (11.9s)
  ok 27 tests\t029.spec.ts:17:60 › same e promotes and executes a nonempty ready slot (9.3s)
  ok 28 tests\t029.spec.ts:17:60 › same r promotes and executes a nonempty ready slot (8.8s)
  ok 29 tests\t029.spec.ts:17:60 › same t promotes and executes a nonempty ready slot (11.0s)
  ok 30 tests\t029.spec.ts:18:1 › Shift ready promotes and spends one actual partner charge (10.5s)
  ok 31 tests\t029.spec.ts:19:1 › world skill button keeps DirectActor while focus continues and ground preview is absent (9.9s)
  ok 32 tests\t029.spec.ts:20:1 › modal UI blocks focus and all direct takeover keys; paused only blocks direct actions (8.7s)
  ok 33 tests\t029.spec.ts:21:1 › clone inspection leaves focus and DirectActor independent (9.9s)
  ok 34 tests\t030.spec.ts:11:44 › official Aim escapes via real w and retains takeover on rejected action (9.3s)
  ok 35 tests\t030.spec.ts:11:44 › official Aim escapes via real e and retains takeover on rejected action (9.0s)
  ok 36 tests\t030.spec.ts:11:44 › official Aim escapes via real r and retains takeover on rejected action (8.7s)
  ok 37 tests\t030.spec.ts:11:44 › official Aim escapes via real t and retains takeover on rejected action (9.6s)
  ok 38 tests\t030.spec.ts:11:44 › official Aim escapes via real Shift and retains takeover on rejected action (9.0s)
  ok 39 tests\t030.spec.ts:12:60 › Aim escape via e executes the same ready skill slot (8.5s)
  ok 40 tests\t030.spec.ts:12:60 › Aim escape via r executes the same ready skill slot (8.1s)
  ok 41 tests\t030.spec.ts:12:60 › Aim escape via t executes the same ready skill slot (7.7s)
  ok 42 tests\t030.spec.ts:13:1 › Shift from Aim uses one real Evade charge (10.8s)
  ok 43 tests\t030.spec.ts:14:1 › Escape cancels only Aim; modal and paused takeover remain guarded (9.4s)
  ok 44 tests\t030.spec.ts:15:1 › Focus alone follows; Aim stops; cancellation replans after leader changes (12.6s)
  x  45 tests\t030.spec.ts:16:1 › real pending Basic resolves once while Aim blocks its next start (11.6s)
(node:102116) Warning: The 'NO_COLOR' env is ignored due to the 'FORCE_COLOR' env being set.
(Use `node --trace-warnings ...` to show where the warning was created)
(node:102116) Warning: The 'NO_COLOR' env is ignored due to the 'FORCE_COLOR' env being set.
(Use `node --trace-warnings ...` to show where the warning was created)
  ok 46 tests\t030.spec.ts:17:1 › reserved Focus remains in real Ability area and takes damage (11.4s)
  ok 47 tests\t031.spec.ts:7:1 › without Aim both modes have no passive preview or ground move; Direct F commits once (9.4s)
  ok 48 tests\t031.spec.ts:8:1 › Command button owns preview/confirm, preserves focus and F does not restart clock (12.6s)
  ok 49 tests\t031.spec.ts:9:1 › busy preview stays visible, refused confirm stays Aim; readiness requires a fresh click (9.6s)
  ok 50 tests\t031.spec.ts:10:1 › RMB cancels only Aim, then Escape clears focus; UI feature click cancels Aim and opens immediately (10.1s)
  ok 51 tests\t031.spec.ts:11:1 › PathAim model click confirms instead of changing Focus; blocked destination remains Aim (9.8s)
  ok 52 tests\t031.spec.ts:12:85 › direct Aim same-key escape w (9.9s)
  ok 53 tests\t031.spec.ts:12:85 › direct Aim same-key escape e (9.8s)
  ok 54 tests\t031.spec.ts:12:85 › direct Aim same-key escape r (9.3s)
  ok 55 tests\t031.spec.ts:12:85 › direct Aim same-key escape t (9.4s)
  ok 56 tests\t031.spec.ts:12:85 › direct Aim same-key escape Shift (8.5s)
  ok 57 tests\t031.spec.ts:12:85 › command Aim same-key escape w (9.6s)
  ok 58 tests\t031.spec.ts:12:85 › command Aim same-key escape e (9.8s)
  ok 59 tests\t031.spec.ts:12:85 › command Aim same-key escape r (8.6s)
  ok 60 tests\t031.spec.ts:12:85 › command Aim same-key escape t (9.2s)
  ok 61 tests\t031.spec.ts:12:85 › command Aim same-key escape Shift (9.8s)
  ok 62 tests\t031.spec.ts:13:55 › scene clone click remains exclusively Path Confirm (10.0s)
  ok 63 tests\t031.spec.ts:13:55 › scene enemy click remains exclusively Path Confirm (9.5s)
  ok 64 tests\t031.spec.ts:13:55 › scene campfire click remains exclusively Path Confirm (7.1s)
  ok 65 tests\t031.spec.ts:13:55 › scene exit click remains exclusively Path Confirm (7.6s)
  ok 66 tests\t031.spec.ts:14:1 › focus hotkeys cancel existing Aim without automatically aiming the replacement (8.4s)
  ok 67 tests\t031.spec.ts:15:1 › existing player buttons preempt Aim in the same click (10.8s)
  ok 68 tests\t031.spec.ts:17:1 › real campfire button preempts Aim and exit flow remains available (9.2s)
  ok 69 tests\t031.spec.ts:19:1 › real RMB cancellation releases AI to replan from current leader, without restoring old route (9.6s)


  1) tests\t027.spec.ts:21:1 › explicit move then real C finishes the destination before AI freely resumes; 20 seconds remain stable 

    Error: expect(received).toBe(expected) // Object.is equality

    Expected: "move"
    Received: undefined

      19 | test('real C leaves Hunter as AI and emergency Blink consumes its charge',async({page})=>{await begin(page);await fixture(page);await page.keyboard.press('c');await promote(page);expect(await page.evaluate(()=>(window as any).prototype.state.controlledBodyId)).toBe('ranger');await page.evaluate(async()=>{const s=(window as any).prototype.state,h=s.units[0],e=s.units[2],{startIntent}=await import('/src/core/attack-intent.ts' as string);e.statuses=[];h.pos={x:e.pos.x+1,y:e.pos.y};h.statuses=[{kind:'slow',power:.9,remaining:5}];startIntent(s,e,h,'heavy-ground-slam');});await advance(page,.25);const v=await proof(page,'ai-blink');expect(v.bodies[0].blink.charges).toBe(9);expect(v.bodies[0].ai.mobilityEscape).toBe('blink');});
      20 | test('Ines crosses the old radius to peel a threat to the DirectActor',async({page})=>{await begin(page,'ines');await fixture(page);await advance(page,.05);const a=await page.evaluate(()=>(window as any).prototype.state.units[1].companionCombat);expect(a.intent).toBe('peel');const from=await page.evaluate(()=>(window as any).prototype.state.units[1].pos);await advance(page,2);const v=await proof(page,'ines-peel');expect(Math.hypot(v.bodies[1].pos.x-from.x,v.bodies[1].pos.y-from.y)).toBeGreaterThan(2);});
    > 21 | test('explicit move then real C finishes the destination before AI freely resumes; 20 seconds remain stable',async({page})=>{test.setTimeout(90000);await page.emulateMedia({reducedMotion:'reduce'});await begin(page);await fixture(page);await page.keyboard.press('c');await promote(page);await expect.poll(()=>page.evaluate(()=>{const p=(window as any).prototype,u=p.state.units[1],q=p.project({x:u.pos.x-1,y:u.pos.y-1});const hit=p.scene.pick(q.x,q.y);return !!document.elementFromPoint(q.x,q.y)?.closest('#scene')&&!!hit.tile&&!hit.unitId&&Math.hypot(hit.tile.x-u.pos.x,hit.tile.y-u.pos.y)>.4;})).toBe(true);const to=await page.evaluate(()=>{const p=(window as any).prototype,u=p.state.units[1],q=p.project({x:u.pos.x-1,y:u.pos.y-1});return {...q,hit:p.scene.pick(q.x,q.y).tile};});expect(to.hit).toBeTruthy();await page.mouse.click(to.x,to.y);expect(await page.evaluate(()=>(window as any).prototype.state.units[1].ai.command)).toBe('move');await page.keyboard.press('c');await promote(page);await advance(page,.3);expect(await page.evaluate(()=>(window as any).prototype.state.units[1].ai.command)).toBe('move');await advance(page,1.5);expect(await page.evaluate(()=>(window as any).prototype.state.units[1].ai.command)).toBeUndefined();await advance(page,18.2);const v=await proof(page,'stability');expect(v.time).toBeCloseTo(20);expect(v.bodies[1].ai.targetId).toBeTruthy();expect(await page.evaluate(()=>(window as any).prototype.state.units[1].path.length)).toBe(0);});
         |                                                                                                                                                                                                                                                                                                                                                                                                                                                                                                                                                                                                                                                                                                                                                                                                                                                                                                                                                                   ^
      22 | test('generated Normal encounter runs twenty simulation seconds with real AI, fog and terrain',async({page})=>{
      23 |  test.setTimeout(120000);await begin(page);
      24 |  const baseline=await page.evaluate(async()=>{
        at E:\WORLDCREATOR\XingHaiHuiLang\Origin\game\tests\t027.spec.ts:21:931

    Error Context: ..\work\browser-results\t027-explicit-move-then-re-9fa85-es-20-seconds-remain-stable\error-context.md

  2) tests\t030.spec.ts:16:1 › real pending Basic resolves once while Aim blocks its next start ────

    Error: expect(received).toBe(expected) // Object.is equality

    Expected: 9973
    Received: 9941

      14 | test('Escape cancels only Aim; modal and paused takeover remain guarded',async({page})=>{await begin(page);await aim(page);await page.locator('[data-action="backpack"]').click();for(const key of ['w','e','r','t','Shift'])await page.keyboard.press(key);expect(await controls(page)).toMatchObject({direct:'hunter',focus:'ines',aim:undefined});await page.keyboard.press('Escape');expect((await controls(page)).aim).toBeUndefined();for(const key of ['w','e','r','t','Shift'])await page.keyboard.press(key);expect((await controls(page)).aim).toBeUndefined();await aim(page);await page.keyboard.press('Escape');expect(await controls(page)).toEqual({direct:'hunter',focus:'ines',aim:undefined});await page.keyboard.press('Escape');expect((await controls(page)).focus).toBeNull();});
      15 | test('Focus alone follows; Aim stops; cancellation replans after leader changes',async({page})=>{await begin(page);await page.evaluate(()=>{const s=(window as any).prototype.state,h=s.units[0],p=s.units.find((u:any)=>u.id==='ines');s.tiles.forEach((t:any)=>{t.obstacle=false;t.layer=0;});h.pos={x:15,y:10};p.pos={x:10,y:10};s.context='explorationIdle';});await resume(page);await expect.poll(()=>page.evaluate(()=>(window as any).prototype.state.units.find((u:any)=>u.id==='ines').following)).toBe(true);await aim(page);const pos=await page.evaluate(()=>({...((window as any).prototype.state.units.find((u:any)=>u.id==='ines').pos)}));await page.waitForTimeout(500);expect(await page.evaluate(()=>(window as any).prototype.state.units.find((u:any)=>u.id==='ines').pos)).toEqual(pos);await page.locator('[data-action="debug"]').click();await expect(page.locator('#command-reservation-readings')).toContainText('ready');await expect(page.locator('#command-reservation-readings')).toContainText('Reserved true');mkdirSync(evidence,{recursive:true});await page.screenshot({path:evidence+'/reservation-ready.png'});await page.evaluate(()=>{(window as any).prototype.state.units[0].pos={x:18,y:13};});await page.keyboard.press('Escape');await expect.poll(()=>page.evaluate(()=>(window as any).prototype.state.units.find((u:any)=>u.id==='ines').path.length)).toBeGreaterThan(0);expect((await controls(page)).focus).toBe('ines');});
    > 16 | test('real pending Basic resolves once while Aim blocks its next start',async({page})=>{await begin(page);await page.evaluate(()=>{const s=(window as any).prototype.state,h=s.units[0],p=s.units.find((u:any)=>u.id==='ines');s.tiles.forEach((t:any)=>{t.obstacle=false;t.layer=0;});h.pos={x:17,y:12};p.pos={x:15,y:10};p.drawPos={...p.pos};p.facing='west';p.heading=Math.PI;p.attackTimer=0;p.path=[];p.destination=null;p.following=false;p.attackPending={targetId:'fixture',remaining:.2,facing:'west'};const e={...structuredClone(p),id:'fixture',team:'enemy',role:'heavy',pos:{x:14,y:10},drawPos:{x:14,y:10},hp:10000,maxHp:10000,path:[],skillSlots:undefined,skillStates:undefined,attackPending:undefined,attackTimer:100,enemyMotion:'engaged',pursuitTargetId:'hunter',statuses:[{kind:'stun',power:0,remaining:100}],encounterRoom:1,encounterId:'fixture'};s.units.push(e);s.context='explorationBattle';s.exploration.definition.encounters=[{room:1,name:'fixture',tier:'strong',enemyIds:['fixture'],center:e.pos,tacticalRadius:6.5}];});await aim(page);await resume(page);await expect.poll(()=>page.evaluate(()=>(window as any).prototype.state.units.find((u:any)=>u.id==='fixture').hp)).toBeLessThan(10000);const hp=await page.evaluate(()=>(window as any).prototype.state.units.find((u:any)=>u.id==='fixture').hp);await page.waitForTimeout(600);expect(await page.evaluate(()=>(window as any).prototype.state.units.find((u:any)=>u.id==='fixture').hp)).toBe(hp);expect(await page.evaluate(()=>(window as any).prototype.state.units.find((u:any)=>u.id==='ines').attackPending)).toBeUndefined();});
         |                                                                                                                                                                                                                                                                                                                                                                                                                                                                                                                                                                                                                                                                                                                                                                                                                                                                                                                                                                                                                                                                                                                                                                                                                                                                                                                                                                                                                                                                                                 ^
      17 | test('reserved Focus remains in real Ability area and takes damage',async({page})=>{await begin(page);await page.evaluate(async()=>{const s=(window as any).prototype.state,h=s.units[0],p=s.units.find((u:any)=>u.id==='ines'),{createGame,command}=await import('/src/core/engine.ts' as string),{startIntent}=await import('/src/core/attack-intent.ts' as string);const seed=createGame();command(seed,{type:'selectJourney',journey:'exploration'});command(seed,{type:'selectExplorationCompanion',id:'ranger'});command(seed,{type:'carry',gold:0,vitality:0});const e=structuredClone(seed.units.find((u:any)=>u.role==='heavy'));s.tiles.forEach((t:any)=>{t.obstacle=false;t.layer=0;});h.pos={x:17,y:12};p.pos={x:15,y:10};p.drawPos={...p.pos};p.hp=p.maxHp=10000;p.path=[];p.destination=null;p.following=false;e.id='ability-fixture';e.pos={x:14,y:10};e.drawPos={...e.pos};e.enemySense.home={...e.pos};e.enemyMotion='engaged';e.pursuitTargetId=h.id;e.encounterRoom=1;e.encounterId='fixture';e.enemyCombat.armed=true;e.enemyCombat.abilityReadyAt=100;e.attackTimer=100;s.units.push(e);s.context='explorationBattle';s.exploration.definition.encounters=[{room:1,name:'fixture',tier:'strong',enemyIds:['fixture'],center:e.pos,tacticalRadius:6.5}];startIntent(s,e,p,'heavy-ground-slam');});await aim(page,'skill');await resume(page);await expect.poll(()=>page.evaluate(()=>(window as any).prototype.state.units.find((u:any)=>u.id==='ines').hp),{timeout:12000}).toBeLessThan(10000);expect((await controls(page)).aim).toBe('skill');mkdirSync(evidence,{recursive:true});await page.screenshot({path:evidence+'/reserved-real-damage.png'});});
      18 |
        at E:\WORLDCREATOR\XingHaiHuiLang\Origin\game\tests\t030.spec.ts:16:1441

    Error Context: ..\work\browser-results\t030-real-pending-Basic-re-53dd7-e-Aim-blocks-its-next-start\error-context.md

  2 failed
    tests\t027.spec.ts:21:1 › explicit move then real C finishes the destination before AI freely resumes; 20 seconds remain stable 
    tests\t030.spec.ts:16:1 › real pending Basic resolves once while Aim blocks its next start ─────
  67 passed (11.6m)
