
 RUN  v4.1.11 E:/WORLDCREATOR/XingHaiHuiLang/Origin/game

 ❯ tests/move-order.test.ts (25 tests | 14 failed) 654ms
   × Order blocks tactical and follow but permits local auto; Reservation blocks both 19ms
   × active local Basic hits once then resumes before full attack cooldown 34ms
   × foreground automatic Rain suspends and resumes without altering background Snipe/CD 36ms
   × AI evasion survives and replans; successful manual evasion cancels 25ms
   × Heavy impact and wall pin retain destination and resume from live position 46ms
   × atomic crossing keeps its own route and cannot prematurely complete 104ms
   × destination becomes obstacle cancels with reason even while route is present 16ms
   × Focus/clear/identity and failed actions preserve order; successful direct cancels permanently 17ms
   × successful skill commit cancels its actors order 16ms
   × successful blink commit cancels its actors order 16ms
   × successful weapon commit cancels its actors order 16ms
   × successful switchWeapon commit cancels its actors order 16ms
   × failed blocked Blink and cooldown skill preserve; successful companion recall cancels only accepted actor 18ms
   × new successful toggle cancels order and its unmodified old route 16ms

⎯⎯⎯⎯⎯⎯ Failed Tests 14 ⎯⎯⎯⎯⎯⎯⎯

 FAIL  tests/move-order.test.ts > Order blocks tactical and follow but permits local auto; Reservation blocks both
AssertionError: expected undefined to be false // Object.is equality

- Expected:
false

+ Received:
undefined

 ❯ tests/move-order.test.ts:21:194


⎯⎯⎯⎯⎯⎯⎯⎯⎯⎯⎯⎯⎯⎯⎯⎯⎯⎯⎯⎯⎯⎯⎯[1/14]⎯

 FAIL  tests/move-order.test.ts > active local Basic hits once then resumes before full attack cooldown
AssertionError: expected undefined to be 'heavy-fixture' // Object.is equality

- Expected:
"heavy-fixture"

+ Received:
undefined

 ❯ tests/move-order.test.ts:23:174


⎯⎯⎯⎯⎯⎯⎯⎯⎯⎯⎯⎯⎯⎯⎯⎯⎯⎯⎯⎯⎯⎯⎯[2/14]⎯

 FAIL  tests/move-order.test.ts > foreground automatic Rain suspends and resumes without altering background Snipe/CD
AssertionError: expected undefined to be defined
 ❯ tests/move-order.test.ts:26:403


⎯⎯⎯⎯⎯⎯⎯⎯⎯⎯⎯⎯⎯⎯⎯⎯⎯⎯⎯⎯⎯⎯⎯[3/14]⎯

 FAIL  tests/move-order.test.ts > AI evasion survives and replans; successful manual evasion cancels
AssertionError: expected { id: 46, actorId: 'ines', …(5) } to be undefined

- Expected:
undefined

+ Received:
{
  "actorId": "ines",
  "destination": {
    "x": 10,
    "y": 5,
  },
  "id": 46,
  "issuedAt": 0,
  "lastRepathAt": 0.19999999999999998,
  "source": "command",
  "state": "moving",
}

 ❯ tests/move-order.test.ts:27:479


⎯⎯⎯⎯⎯⎯⎯⎯⎯⎯⎯⎯⎯⎯⎯⎯⎯⎯⎯⎯⎯⎯⎯[4/14]⎯

 FAIL  tests/move-order.test.ts > Heavy impact and wall pin retain destination and resume from live position
AssertionError: expected undefined to be defined
 ❯ tests/move-order.test.ts:28:338


⎯⎯⎯⎯⎯⎯⎯⎯⎯⎯⎯⎯⎯⎯⎯⎯⎯⎯⎯⎯⎯⎯⎯[5/14]⎯

 FAIL  tests/move-order.test.ts > atomic crossing keeps its own route and cannot prematurely complete
AssertionError: expected { x: 7.32, y: 5 } to deeply equal { x: 9, y: 5 }

- Expected
+ Received

  {
-   "x": 9,
+   "x": 7.32,
    "y": 5,
  }

 ❯ tests/move-order.test.ts:29:475


⎯⎯⎯⎯⎯⎯⎯⎯⎯⎯⎯⎯⎯⎯⎯⎯⎯⎯⎯⎯⎯⎯⎯[6/14]⎯

 FAIL  tests/move-order.test.ts > destination becomes obstacle cancels with reason even while route is present
AssertionError: expected { id: 46, actorId: 'ines', …(5) } to be undefined

- Expected:
undefined

+ Received:
{
  "actorId": "ines",
  "destination": {
    "x": 10,
    "y": 5,
  },
  "id": 46,
  "issuedAt": 0,
  "lastRepathAt": 0,
  "source": "command",
  "state": "moving",
}

 ❯ tests/move-order.test.ts:31:229


⎯⎯⎯⎯⎯⎯⎯⎯⎯⎯⎯⎯⎯⎯⎯⎯⎯⎯⎯⎯⎯⎯⎯[7/14]⎯

 FAIL  tests/move-order.test.ts > Focus/clear/identity and failed actions preserve order; successful direct cancels permanently
AssertionError: expected { id: 46, actorId: 'ines', …(5) } to be undefined

- Expected:
undefined

+ Received:
{
  "actorId": "ines",
  "destination": {
    "x": 10,
    "y": 5,
  },
  "id": 46,
  "issuedAt": 0,
  "lastRepathAt": 0,
  "source": "command",
  "state": "moving",
}

 ❯ tests/move-order.test.ts:33:746


⎯⎯⎯⎯⎯⎯⎯⎯⎯⎯⎯⎯⎯⎯⎯⎯⎯⎯⎯⎯⎯⎯⎯[8/14]⎯

 FAIL  tests/move-order.test.ts > successful skill commit cancels its actors order
 FAIL  tests/move-order.test.ts > successful blink commit cancels its actors order
 FAIL  tests/move-order.test.ts > successful weapon commit cancels its actors order
 FAIL  tests/move-order.test.ts > successful switchWeapon commit cancels its actors order
AssertionError: expected { id: 46, actorId: 'hunter', …(5) } to be undefined

- Expected:
undefined

+ Received:
{
  "actorId": "hunter",
  "destination": {
    "x": 5,
    "y": 8,
  },
  "id": 46,
  "issuedAt": 0,
  "lastRepathAt": 0,
  "source": "direct",
  "state": "moving",
}

 ❯ tests/move-order.test.ts:34:726


⎯⎯⎯⎯⎯⎯⎯⎯⎯⎯⎯⎯⎯⎯⎯⎯⎯⎯⎯⎯⎯⎯⎯[9/14]⎯

 FAIL  tests/move-order.test.ts > failed blocked Blink and cooldown skill preserve; successful companion recall cancels only accepted actor
AssertionError: expected { id: 47, actorId: 'ines', …(5) } to be undefined

- Expected:
undefined

+ Received:
{
  "actorId": "ines",
  "destination": {
    "x": 10,
    "y": 5,
  },
  "id": 47,
  "issuedAt": 0,
  "lastRepathAt": 0,
  "source": "command",
  "state": "moving",
}

 ❯ tests/move-order.test.ts:35:536


⎯⎯⎯⎯⎯⎯⎯⎯⎯⎯⎯⎯⎯⎯⎯⎯⎯⎯⎯⎯⎯⎯[10/14]⎯

 FAIL  tests/move-order.test.ts > new successful toggle cancels order and its unmodified old route
AssertionError: expected { id: 46, actorId: 'hunter', …(5) } to be undefined

- Expected:
undefined

+ Received:
{
  "actorId": "hunter",
  "destination": {
    "x": 5,
    "y": 8,
  },
  "id": 46,
  "issuedAt": 0,
  "lastRepathAt": 0,
  "source": "direct",
  "state": "moving",
}

 ❯ tests/move-order.test.ts:36:254


⎯⎯⎯⎯⎯⎯⎯⎯⎯⎯⎯⎯⎯⎯⎯⎯⎯⎯⎯⎯⎯⎯[11/14]⎯


 Test Files  1 failed (1)
      Tests  14 failed | 11 passed (25)
   Start at  21:33:05
   Duration  1.16s (transform 323ms, setup 0ms, import 395ms, tests 654ms, environment 0ms)

