
> shadow-court-prototype@0.1.0 build
> tsc --noEmit && vite build

vite v7.3.6 building client environment for production...
transforming...
✓ 69 modules transformed.
rendering chunks...
computing gzip size...
dist/index.html                              0.37 kB │ gzip:   0.30 kB
dist/assets/EX_ROCK_01-DITvKYbD.glb          4.95 kB
dist/assets/PT_EMBLEM_01-C4SDKPyr.glb        5.88 kB
dist/assets/EX_LANDMARK_01-DOpjSZHB.glb      7.11 kB
dist/assets/AR_COLUMN_02-CpC-3vRI.glb        7.25 kB
dist/assets/IT_LIGHT_01-786Xk8qE.glb         7.86 kB
dist/assets/AR_FRAME_01-DdOJnLow.glb        13.42 kB
dist/assets/PT_EMBLEM_01-C-x2Gozs.png      192.28 kB
dist/assets/index-Zgar_L9x.css              33.36 kB │ gzip:   8.20 kB
dist/assets/index-uZI6i0Xg.js            1,313.94 kB │ gzip: 282.75 kB

(!) Some chunks are larger than 500 kB after minification. Consider:
- Using dynamic import() to code-split the application
- Use build.rollupOptions.output.manualChunks to improve chunking: https://rollupjs.org/configuration-options/#output-manualchunks
- Adjust chunk size limit for this warning via build.chunkSizeWarningLimit.
✓ built in 1.05s
