
Running 9 tests using 1 worker

(node:62868) Warning: The 'NO_COLOR' env is ignored due to the 'FORCE_COLOR' env being set.
(Use `node --trace-warnings ...` to show where the warning was created)
(node:62868) Warning: The 'NO_COLOR' env is ignored due to the 'FORCE_COLOR' env being set.
(Use `node --trace-warnings ...` to show where the warning was created)
  ok 1 tests\t015.spec.ts:2:32 › preparation tendency is actionable and fits at 1440 (9.2s)
  ok 2 tests\t015.spec.ts:2:32 › preparation tendency is actionable and fits at 1000 (8.0s)
  ok 3 tests\t015.spec.ts:10:1 › overlapping bodies use stable slot ordering and debug overlays release their resources (5.9s)
(node:55480) Warning: The 'NO_COLOR' env is ignored due to the 'FORCE_COLOR' env being set.
(Use `node --trace-warnings ...` to show where the warning was created)
(node:55480) Warning: The 'NO_COLOR' env is ignored due to the 'FORCE_COLOR' env being set.
(Use `node --trace-warnings ...` to show where the warning was created)
  ok 4 tests\t015.spec.ts:2:32 › preparation tendency is actionable and fits at 1440 (9.0s)
  ok 5 tests\t015.spec.ts:2:32 › preparation tendency is actionable and fits at 1000 (7.8s)
  ok 6 tests\t015.spec.ts:10:1 › overlapping bodies use stable slot ordering and debug overlays release their resources (6.3s)
(node:56336) Warning: The 'NO_COLOR' env is ignored due to the 'FORCE_COLOR' env being set.
(Use `node --trace-warnings ...` to show where the warning was created)
(node:56336) Warning: The 'NO_COLOR' env is ignored due to the 'FORCE_COLOR' env being set.
(Use `node --trace-warnings ...` to show where the warning was created)
  ok 7 tests\t015.spec.ts:2:32 › preparation tendency is actionable and fits at 1440 (8.6s)
  ok 8 tests\t015.spec.ts:2:32 › preparation tendency is actionable and fits at 1000 (7.8s)
  ok 9 tests\t015.spec.ts:10:1 › overlapping bodies use stable slot ordering and debug overlays release their resources (5.6s)

  9 passed (1.2m)
