
Running 37 tests using 1 worker

(node:43976) Warning: The 'NO_COLOR' env is ignored due to the 'FORCE_COLOR' env being set.
(Use `node --trace-warnings ...` to show where the warning was created)
(node:43976) Warning: The 'NO_COLOR' env is ignored due to the 'FORCE_COLOR' env being set.
(Use `node --trace-warnings ...` to show where the warning was created)
  ok  1 tests\browser.spec.ts:3:1 › start renders a battlefield and pause stops simulation (3.4s)
  ok  2 tests\browser.spec.ts:13:1 › click move submits without direction confirmation (2.7s)
  ok  3 tests\browser.spec.ts:18:1 › deployment warmup then deploy and quick drag commits without direction dialog (15.8s)
  ok  4 tests\browser.spec.ts:34:1 › refresh keeps scene and exclusive cards and invalid card use keeps hand (4.0s)
  ok  5 tests\browser.spec.ts:44:1 › node reentry preparation cannot reset the expedition through mode selection (2.6s)
  ok  6 tests\browser.spec.ts:50:1 › right click cancels interaction and returns normal speed (4.8s)
  ok  7 tests\continuous-scenes.spec.ts:3:1 › exploration fixture renders real enemies and ignores copy targets (5.6s)
  ok  8 tests\continuous-scenes.spec.ts:8:1 › fractional selected model supports card targeting, circular preview and cancellation (7.6s)
  ok  9 tests\continuous.spec.ts:2:1 › continuous mouse deployment and movement preserve the clicked surface point (12.5s)
  ok 10 tests\feedback.spec.ts:4:1 › drag held shows planned route before release (12.3s)
  ok 11 tests\feedback.spec.ts:11:1 › downed companion has nearby rescue that sends hunter (4.5s)
  ok 12 tests\feedback.spec.ts:16:1 › card chain follows cursor and cancels without consumption (5.0s)
  ok 13 tests\feedback.spec.ts:23:1 › card resolves only the indicated target, not a stale selection (5.6s)
  ok 14 tests\revision2.spec.ts:4:1 › click move has no direction stage and blank click clears slow time (4.5s)
  ok 15 tests\revision2.spec.ts:8:1 › selected character shows portrait and clickable millisecond filled skill (5.7s)
  ok 16 tests\revision2.spec.ts:12:1 › pointing move at crystal offers local retreat instead of automatic departure (4.5s)
  ok 17 tests\revision2.spec.ts:16:1 › card tray and skill controls are large enough to interact (3.6s)
  ok 18 tests\revision2.spec.ts:19:1 › a new movement clears an older crystal retreat confirmation (5.1s)
  ok 19 tests\revision2.spec.ts:23:1 › refreshing away selected card releases orphaned slow targeting (5.0s)
  ok 20 tests\revision2.spec.ts:26:1 › short support skill starts with a nearly full duration fill (5.6s)
  ok 21 tests\revision3.spec.ts:4:1 › hand remains scene deck exclusive after appended scene cards (3.5s)
  ok 22 tests\revision3.spec.ts:8:1 › casting from selection exits slow mode and same tile second click cancels (5.5s)
  ok 23 tests\revision3.spec.ts:12:1 › manual draw consumes fragments and replaces four deck cards keeping other groups (3.6s)
  ok 24 tests\revision3.spec.ts:17:1 › switching to double speed exits selected slow mode and casting keeps double speed (6.1s)
  ok 25 tests\revision4.spec.ts:4:1 › only detail skill hover changes attack preview to skill preview (7.9s)
  ok 26 tests\revision4.spec.ts:7:1 › a real enemy death emits fragment flight and credits only once (5.1s)
  ok 27 tests\revision5.spec.ts:3:1 › selected model has operational world skill while detail is descriptive (4.2s)
  ok 28 tests\revision5.spec.ts:7:1 › dash waits for a second directional choice without consuming on target selection (4.8s)
  ok 29 tests\revision6.spec.ts:3:1 › all supplied ally skeletons load and render (3.3s)
  ok 30 tests\revision6.spec.ts:8:1 › direct roster drag deploys without a preceding click (12.3s)
  ok 31 tests\revision6.spec.ts:14:1 › dash chooses a sector and confirms outside the arrow button (6.4s)
  ok 32 tests\revision6.spec.ts:21:1 › right click cancels an avatar drag without deploying on release (8.7s)
  ok 33 tests\revision6.spec.ts:26:1 › reduced motion keeps drawing immediate without card flight (3.6s)
  ok 34 tests\revision6.spec.ts:30:1 › draw preserves retained card nodes and animates the new hand (5.1s)
  ok 35 tests\revision6.spec.ts:36:1 › immovable originals and clones never preview a movement arrow (15.4s)
  ok 36 tests\revision6.spec.ts:45:1 › prepared actors use real skeletons immediately and hide immovable direction markers (4.5s)
  ok 37 tests\start.spec.ts:2:1 › start removes the blocking briefing before the next rendered frame (3.3s)

  37 passed (3.8m)
