
Running 44 tests using 1 worker

(node:39940) Warning: The 'NO_COLOR' env is ignored due to the 'FORCE_COLOR' env being set.
(Use `node --trace-warnings ...` to show where the warning was created)
(node:39940) Warning: The 'NO_COLOR' env is ignored due to the 'FORCE_COLOR' env being set.
(Use `node --trace-warnings ...` to show where the warning was created)
  ok  1 tests\browser.spec.ts:3:1 › start renders a battlefield and pause stops simulation (3.4s)
  ok  2 tests\browser.spec.ts:13:1 › click move submits without direction confirmation (2.7s)
  ok  3 tests\browser.spec.ts:18:1 › deployment warmup then deploy and quick drag commits without direction dialog (14.8s)
  ok  4 tests\browser.spec.ts:34:1 › refresh keeps scene and exclusive cards and invalid card use keeps hand (4.0s)
  ok  5 tests\browser.spec.ts:44:1 › node reentry preparation cannot reset the expedition through mode selection (3.0s)
  ok  6 tests\browser.spec.ts:50:1 › right click cancels interaction and returns normal speed (5.1s)
  ok  7 tests\continuous-scenes.spec.ts:3:1 › exploration fixture renders real enemies and ignores copy targets (4.3s)
  ok  8 tests\continuous-scenes.spec.ts:8:1 › fractional selected model supports card targeting, circular preview and cancellation (6.6s)
  ok  9 tests\continuous.spec.ts:2:1 › continuous mouse deployment and movement preserve the clicked surface point (13.2s)
  ok 10 tests\feedback.spec.ts:4:1 › drag held shows planned route before release (13.0s)
  ok 11 tests\feedback.spec.ts:11:1 › downed companion has nearby rescue that sends hunter (4.6s)
  ok 12 tests\feedback.spec.ts:16:1 › card chain follows cursor and cancels without consumption (5.8s)
  ok 13 tests\feedback.spec.ts:23:1 › card resolves only the indicated target, not a stale selection (5.8s)
  ok 14 tests\personal.spec.ts:3:1 › number selection and held WASD preserve selected character, release and blur stop movement (7.1s)
  ok 15 tests\personal.spec.ts:4:1 › E keeps selection, stops held movement and does not silently resume; pause survives right cancel (4.1s)
  ok 16 tests\personal.spec.ts:5:1 › mouse-only blink, separate copy control and healthy shadow return use actual buttons (6.2s)
  ok 17 tests\personal.spec.ts:6:1 › Shift uses held direction and cannot blink hunter while another character selected (2.9s)
  ok 18 tests\personal.spec.ts:7:1 › real map keyboard recall, redeployment and explicit casualty rescue form one loop (7.0s)
  ok 19 tests\personal.spec.ts:22:1 › menu interruption requires release and press again; right cancel keeps submitted recall (5.3s)
  ok 20 tests\personal.spec.ts:26:1 › compact reduced-motion controls remain reachable and render ten reserve marks (3.6s)
  ok 21 tests\revision2.spec.ts:4:1 › click move has no direction stage and blank click clears slow time (4.5s)
  ok 22 tests\revision2.spec.ts:8:1 › selected character shows portrait and clickable millisecond filled skill (5.9s)
  ok 23 tests\revision2.spec.ts:12:1 › pointing move at crystal no longer offers retired retreat (3.4s)
  ok 24 tests\revision2.spec.ts:16:1 › card tray and skill controls are large enough to interact (5.1s)
  ok 25 tests\revision2.spec.ts:19:1 › new movement after pointing at crystal remains ordinary movement (5.0s)
  ok 26 tests\revision2.spec.ts:23:1 › refreshing away selected card releases orphaned slow targeting (4.0s)
  ok 27 tests\revision2.spec.ts:26:1 › short support skill starts with a nearly full duration fill (6.0s)
  ok 28 tests\revision3.spec.ts:4:1 › hand remains scene deck exclusive after appended scene cards (3.0s)
  ok 29 tests\revision3.spec.ts:8:1 › casting from selection exits slow mode and same tile second click cancels (7.0s)
  ok 30 tests\revision3.spec.ts:12:1 › manual draw consumes fragments and replaces four deck cards keeping other groups (3.9s)
  ok 31 tests\revision3.spec.ts:17:1 › switching to double speed exits selected slow mode and successful mouse casting returns to normal speed (7.7s)
  ok 32 tests\revision4.spec.ts:4:1 › only detail skill hover changes attack preview to skill preview (7.2s)
  ok 33 tests\revision4.spec.ts:7:1 › a real enemy death emits fragment flight and credits only once (4.7s)
  ok 34 tests\revision5.spec.ts:3:1 › selected model has operational world skill while detail is descriptive (5.0s)
  ok 35 tests\revision5.spec.ts:7:1 › dash waits for a second directional choice without consuming on target selection (4.6s)
  ok 36 tests\revision6.spec.ts:3:1 › all supplied ally skeletons load and render (3.0s)
  ok 37 tests\revision6.spec.ts:8:1 › direct roster drag deploys without a preceding click (13.7s)
  ok 38 tests\revision6.spec.ts:14:1 › dash chooses a sector and confirms outside the arrow button (5.7s)
  ok 39 tests\revision6.spec.ts:21:1 › right click cancels an avatar drag without deploying on release (10.0s)
  ok 40 tests\revision6.spec.ts:26:1 › reduced motion keeps drawing immediate without card flight (3.7s)
  ok 41 tests\revision6.spec.ts:30:1 › draw preserves retained card nodes and animates the new hand (3.4s)
  ok 42 tests\revision6.spec.ts:36:1 › immovable originals and clones never preview a movement arrow (14.1s)
  ok 43 tests\revision6.spec.ts:45:1 › prepared actors use real skeletons immediately and hide immovable direction markers (4.2s)
  ok 44 tests\start.spec.ts:2:1 › start removes the blocking briefing before the next rendered frame (3.6s)

  44 passed (4.4m)
