
> shadow-court-prototype@0.1.0 test
> vitest run tests/personal.test.ts


 RUN  v4.1.11 E:/WORLDCREATOR/XingHaiHuiLang/Origin/game

 ❯ tests/personal.test.ts (28 tests | 2 failed) 56ms
   × simultaneous lethal status on hunter and recalling ally is independent of unit array order 6ms
   × toggle skill cancels approach for recall while keeping its own mode change 4ms

⎯⎯⎯⎯⎯⎯⎯ Failed Tests 2 ⎯⎯⎯⎯⎯⎯⎯

 FAIL  tests/personal.test.ts > simultaneous lethal status on hunter and recalling ally is independent of unit array order
AssertionError: expected 'downed' to be 'rescued' // Object.is equality

Expected: "rescued"
Received: "downed"

 ❯ tests/personal.test.ts:31:366


⎯⎯⎯⎯⎯⎯⎯⎯⎯⎯⎯⎯⎯⎯⎯⎯⎯⎯⎯⎯⎯⎯⎯⎯[1/2]⎯

 FAIL  tests/personal.test.ts > toggle skill cancels approach for recall while keeping its own mode change
AssertionError: expected { x: 6.744999999999997, y: 3 } to deeply equal { x: 6.914999999999999, y: 3 }

- Expected
+ Received

  {
-   "x": 6.914999999999999,
+   "x": 6.744999999999997,
    "y": 3,
  }

 ❯ tests/personal.test.ts:32:338


⎯⎯⎯⎯⎯⎯⎯⎯⎯⎯⎯⎯⎯⎯⎯⎯⎯⎯⎯⎯⎯⎯⎯⎯[2/2]⎯


 Test Files  1 failed (1)
      Tests  2 failed | 26 passed (28)
   Start at  02:42:23
   Duration  350ms (transform 128ms, setup 0ms, import 157ms, tests 56ms, environment 0ms)

