
> shadow-court-prototype@0.1.0 test:browser
> playwright test


Running 100 tests using 1 worker

(node:42580) Warning: The 'NO_COLOR' env is ignored due to the 'FORCE_COLOR' env being set.
(Use `node --trace-warnings ...` to show where the warning was created)
(node:42580) Warning: The 'NO_COLOR' env is ignored due to the 'FORCE_COLOR' env being set.
(Use `node --trace-warnings ...` to show where the warning was created)
  ok   1 tests\browser.spec.ts:4:1 › start renders a battlefield and pause stops simulation (3.9s)
  ok   2 tests\browser.spec.ts:14:1 › click move submits without direction confirmation (3.3s)
  ok   3 tests\browser.spec.ts:19:1 › deployment warmup then deploy and quick drag commits without direction dialog (16.6s)
  ok   4 tests\browser.spec.ts:35:1 › refresh keeps scene and exclusive cards and invalid card use keeps hand (6.0s)
  ok   5 tests\browser.spec.ts:45:1 › node reentry preparation cannot reset the expedition through mode selection (4.1s)
  ok   6 tests\browser.spec.ts:51:1 › right click cancels interaction and returns the chosen double speed (5.5s)
  ok   7 tests\build.spec.ts:4:1 › prebattle skill selection and in-battle purchases use normal UI (14.1s)
  ok   8 tests\build.spec.ts:12:1 › compact build panel is usable and blocks movement input (5.2s)
  ok   9 tests\build.spec.ts:16:1 › prebattle dual professions preserve preferences, real battle swaps refresh the equipped skill (20.8s)
  ok  10 tests\build.spec.ts:26:1 › unlock presets enforce caps without discarding already purchased branches (10.9s)
  ok  11 tests\build.spec.ts:30:1 › changing the initial test mode does not refund purchases or erase configured skills (8.7s)
  ok  12 tests\continuous-scenes.spec.ts:4:1 › exploration fixture renders real enemies and ignores copy targets (5.3s)
  ok  13 tests\continuous-scenes.spec.ts:9:1 › fractional selected model supports card targeting, circular preview and cancellation (8.2s)
  ok  14 tests\continuous.spec.ts:3:1 › continuous mouse deployment and movement preserve the clicked surface point (14.2s)
  ok  15 tests\feedback.spec.ts:5:1 › drag held shows planned route before release (14.6s)
  ok  16 tests\feedback.spec.ts:12:1 › downed companion has nearby rescue that sends hunter (6.5s)
  ok  17 tests\feedback.spec.ts:17:1 › card chain follows cursor and cancels without consumption (6.3s)
  ok  18 tests\feedback.spec.ts:24:1 › card resolves only the indicated target, not a stale selection (6.3s)
  ok  19 tests\personal.spec.ts:4:1 › number selection and held WASD preserve selected character, release and blur stop movement (8.5s)
  ok  20 tests\personal.spec.ts:5:1 › E keeps selection, stops held movement and does not silently resume; pause survives right cancel (3.7s)
  ok  21 tests\personal.spec.ts:6:1 › mouse-only blink, separate copy control and healthy shadow return use actual buttons (8.3s)
  ok  22 tests\personal.spec.ts:7:1 › Shift uses held direction and cannot blink hunter while another character selected (4.0s)
  ok  23 tests\personal.spec.ts:8:1 › real map keyboard recall, redeployment and explicit casualty rescue form one loop (7.6s)
  ok  24 tests\personal.spec.ts:23:1 › menu interruption requires release and press again; right cancel keeps submitted recall (5.6s)
  ok  25 tests\personal.spec.ts:27:1 › compact reduced-motion controls remain reachable and render ten reserve marks (3.8s)
  ok  26 tests\revision2.spec.ts:5:1 › click move has no direction stage and blank click clears slow time (6.0s)
  ok  27 tests\revision2.spec.ts:9:1 › selected character shows portrait and clickable millisecond filled skill (6.8s)
  ok  28 tests\revision2.spec.ts:13:1 › pointing move at crystal no longer offers retired retreat (6.0s)
  ok  29 tests\revision2.spec.ts:17:1 › card tray and skill controls are large enough to interact (4.2s)
  ok  30 tests\revision2.spec.ts:20:1 › new movement after pointing at crystal remains ordinary movement (6.6s)
  ok  31 tests\revision2.spec.ts:24:1 › refreshing away selected card releases orphaned slow targeting (5.7s)
  ok  32 tests\revision2.spec.ts:27:1 › short support skill starts with a nearly full duration fill (6.3s)
  ok  33 tests\revision3.spec.ts:5:1 › hand remains scene deck exclusive after appended scene cards (3.7s)
  ok  34 tests\revision3.spec.ts:9:1 › casting from selection exits slow mode and same tile second click cancels (7.7s)
  ok  35 tests\revision3.spec.ts:13:1 › manual draw appends one deck card keeping all existing cards (4.3s)
  ok  36 tests\revision3.spec.ts:18:1 › switching to double speed preserves observation and mouse casting resumes the chosen speed (6.7s)
  ok  37 tests\revision4.spec.ts:5:1 › only detail skill hover changes attack preview to skill preview (8.8s)
  ok  38 tests\revision4.spec.ts:8:1 › a real enemy death emits fragment flight and credits only once (5.2s)
  ok  39 tests\revision5.spec.ts:4:1 › selected model has operational world skill while detail is descriptive (5.4s)
  ok  40 tests\revision5.spec.ts:8:1 › dash waits for a second directional choice without consuming on target selection (6.4s)
  ok  41 tests\revision6.spec.ts:4:1 › all supplied ally skeletons load and render (3.7s)
  ok  42 tests\revision6.spec.ts:9:1 › direct roster drag deploys without a preceding click (13.9s)
  ok  43 tests\revision6.spec.ts:15:1 › dash chooses a sector and confirms outside the arrow button (7.0s)
  ok  44 tests\revision6.spec.ts:22:1 › right click cancels an avatar drag without deploying on release (10.4s)
  ok  45 tests\revision6.spec.ts:27:1 › reduced motion keeps drawing immediate without card flight (4.9s)
  ok  46 tests\revision6.spec.ts:31:1 › draw preserves retained card nodes and animates the new hand (4.1s)
  ok  47 tests\revision6.spec.ts:37:1 › immovable originals and clones never preview a movement arrow (14.6s)
  ok  48 tests\revision6.spec.ts:46:1 › prepared actors use real skeletons immediately and hide immovable direction markers (4.6s)
  ok  49 tests\rework.spec.ts:6:1 › new source skeletons and native effects render real pixels for every registered action (5.6s)
  ok  50 tests\rework.spec.ts:12:134 › normal preparation UI configures ines two complete trees (22.5s)
  ok  51 tests\rework.spec.ts:12:134 › normal preparation UI configures ranger two complete trees (22.7s)
  ok  52 tests\rework.spec.ts:12:134 › normal preparation UI configures fiorre two complete trees (25.4s)
  ok  53 tests\rework.spec.ts:18:1 › new prepared actors immediately use source models and real sliding uses movement animation (4.5s)
  ok  54 tests\start.spec.ts:3:1 › start removes the blocking briefing before the next rendered frame (4.9s)
  ok  55 tests\t005.spec.ts:3:1 › direct movement renders run and blocked movement idles (5.3s)
  ok  56 tests\t005.spec.ts:14:1 › avatar does not summon; summon strip supports drag and click (22.5s)
  ok  57 tests\t008.spec.ts:9:1 › Fiorre source body is a readable ally size with feet fixed at the logical ground point (5.4s)
  ok  58 tests\t008.spec.ts:15:91 › 2x survives cancel after temporary observation (6.9s)
  ok  59 tests\t008.spec.ts:15:91 › 2x survives move after temporary observation (7.9s)
  ok  60 tests\t008.spec.ts:15:91 › 2x survives direct after temporary observation (6.8s)
  ok  61 tests\t008.spec.ts:15:91 › 2x survives skill after temporary observation (6.2s)
  ok  62 tests\t008.spec.ts:15:91 › 2x survives blink after temporary observation (7.9s)
  ok  63 tests\t008.spec.ts:15:91 › 2x survives menu after temporary observation (8.4s)
  ok  64 tests\t008.spec.ts:15:91 › 2x survives reselect after temporary observation (7.6s)
  ok  65 tests\t008.spec.ts:26:1 › removed targeting card ends observation without resetting 2x (6.0s)
  ok  66 tests\t008.spec.ts:29:1 › left Alt toggles the preference once, keeps card aim and fixed 0.1x observation; right Alt is inert (6.2s)
  ok  67 tests\t008.spec.ts:32:1 › speed button and left Alt preserve paused observation and share the same setting (6.4s)
  ok  68 tests\t010-controls.spec.ts:3:1 › copy selected labels its existing Q action as destruction instead of shadow recall (7.0s)
  ok  69 tests\t010-detail.spec.ts:3:1 › selecting a different copy starts its readonly detail at the identity heading (8.7s)
  ok  70 tests\t010-resources.spec.ts:5:1 › 120 summon removals release private canvases and return GPU resources to warm baseline (5.0s)
  ok  71 tests\t010.spec.ts:5:73 › copy list and readonly build support single destroy at 1440 (12.6s)
  ok  72 tests\t010.spec.ts:5:73 › copy list and readonly build support single destroy at 1000 (7.7s)
  ok  73 tests\t010.spec.ts:8:1 › orphaned summon aim returns to default speed when source leaves (4.7s)
  ok  74 tests\t010.spec.ts:9:1 › repeated summon and removal releases actor instances and canvas textures (4.0s)
  ok  75 tests\t010.spec.ts:13:1 › drag summon creates exactly one instance and charges once (13.8s)
  ok  76 tests\t010.spec.ts:14:1 › source gone and upgraded old/new builds stay readable in existing sidebar (10.6s)
  ok  77 tests\t010.spec.ts:15:1 › late skeleton load cannot reattach to removed actor (5.2s)
  ok  78 tests\t011.spec.ts:2:1 › outside account carries zero without a grant and cannot draw from gold (4.4s)
  ok  79 tests\t011.spec.ts:3:32 › draw one and drag sell previews fixed refund, restores 2x at 1440 (10.8s)
  ok  80 tests\t011.spec.ts:3:32 › draw one and drag sell previews fixed refund, restores 2x at 1000 (7.2s)
  ok  81 tests\t011.spec.ts:7:61 › uncommitted sale cancels on back (9.2s)
  ok  82 tests\t011.spec.ts:7:61 › uncommitted sale cancels on right (8.8s)
  ok  83 tests\t011.spec.ts:7:61 › uncommitted sale cancels on blur (8.5s)
  ok  84 tests\t011.spec.ts:7:61 › uncommitted sale cancels on gone (8.4s)
  ok  85 tests\t011.spec.ts:7:61 › uncommitted sale cancels on hidden (8.4s)
  ok  86 tests\t011.spec.ts:8:1 › all card sources sell once at fixed refund and full hand remains reachable on node map (21.4s)
  ok  87 tests\t011.spec.ts:9:1 › abandon confirmation pauses, cancel preserves 2x, confirm loses carry only (7.6s)
  ok  88 tests\t011.spec.ts:10:1 › outside carry preview and exchange mutate stocks only on explicit confirm (5.0s)
  ok  89 tests\t012.spec.ts:3:1 › briefing identifies short content and battle abandon is distinct and cancellable (6.0s)
  ok  90 tests\t012.spec.ts:9:1 › batch preview and wave HUD share simulation timing and pause at the selected speed (8.1s)
  ok  91 tests\t012.spec.ts:20:1 › compact exit confirmation remains reachable with a full hand (6.0s)
  ok  92 tests\t012.spec.ts:28:1 › overlapping route previews stay static with reduced motion and release every replaced object (7.6s)
  ok  93 tests\t013-render.spec.ts:2:1 › exploration camera follows while paused and unknown cells cannot be picked (7.8s)
  ok  94 tests\t013-render.spec.ts:11:1 › returning to the node map does not expose unknown terrain through its background (6.2s)
  ok  95 tests\t013-resources.spec.ts:3:1 › repeated normal map rebuilding keeps owned GPU resources bounded and produces no shader errors (12.7s)
  ok  96 tests\t013-resources.spec.ts:12:1 › partial regroup rejection and downed exit confirmation remain visible as separate boundary fixtures (9.7s)
  ok  97 tests\t013-resources.spec.ts:18:1 › reduced motion exploration aligns camera immediately and an isolated copy keeps sight without party aggro (6.4s)
  ok  98 tests\t013.spec.ts:3:32 › normal exploration entry exposes objectives and party controls at 1440 (6.6s)
  ok  99 tests\t013.spec.ts:3:32 › normal exploration entry exposes objectives and party controls at 1000 (5.4s)
  ok 100 tests\t013.spec.ts:12:1 › party shortcut and click use normal control while modal cancellation preserves default speed (6.6s)

  100 passed (13.6m)
