
> shadow-court-prototype@0.1.0 test
> vitest run tests/exploration-events.test.ts


 RUN  v4.1.11 E:/WORLDCREATOR/XingHaiHuiLang/Origin/game

 ❯ tests/exploration-events.test.ts (4 tests | 1 failed) 20ms
   × accepted weapon change replaces only that body group action 5ms

⎯⎯⎯⎯⎯⎯⎯ Failed Tests 1 ⎯⎯⎯⎯⎯⎯⎯

 FAIL  tests/exploration-events.test.ts > accepted weapon change replaces only that body group action
AssertionError: expected { kind: 'regroup', elapsed: +0, …(1) } to be undefined

- Expected:
undefined

+ Received:
{
  "elapsed": 0,
  "kind": "regroup",
  "repath": 0,
}

 ❯ tests/exploration-events.test.ts:8:421


⎯⎯⎯⎯⎯⎯⎯⎯⎯⎯⎯⎯⎯⎯⎯⎯⎯⎯⎯⎯⎯⎯⎯⎯[1/1]⎯


 Test Files  1 failed (1)
      Tests  1 failed | 3 passed (4)
   Start at  17:52:27
   Duration  309ms (transform 157ms, setup 0ms, import 188ms, tests 20ms, environment 0ms)

