
> shadow-court-prototype@0.1.0 test:browser
> playwright test tests/t013.spec.ts


Running 3 tests using 1 worker

(node:51568) Warning: The 'NO_COLOR' env is ignored due to the 'FORCE_COLOR' env being set.
(Use `node --trace-warnings ...` to show where the warning was created)
(node:51568) Warning: The 'NO_COLOR' env is ignored due to the 'FORCE_COLOR' env being set.
(Use `node --trace-warnings ...` to show where the warning was created)
  x  1 tests\t013.spec.ts:3:32 › normal exploration entry exposes objectives and party controls at 1440 (6.8s)
(node:52108) Warning: The 'NO_COLOR' env is ignored due to the 'FORCE_COLOR' env being set.
(Use `node --trace-warnings ...` to show where the warning was created)
(node:52108) Warning: The 'NO_COLOR' env is ignored due to the 'FORCE_COLOR' env being set.
(Use `node --trace-warnings ...` to show where the warning was created)
  x  2 tests\t013.spec.ts:3:32 › normal exploration entry exposes objectives and party controls at 1000 (7.0s)
(node:45844) Warning: The 'NO_COLOR' env is ignored due to the 'FORCE_COLOR' env being set.
(Use `node --trace-warnings ...` to show where the warning was created)
(node:45844) Warning: The 'NO_COLOR' env is ignored due to the 'FORCE_COLOR' env being set.
(Use `node --trace-warnings ...` to show where the warning was created)
  x  3 tests\t013.spec.ts:12:1 › party shortcut and click use normal control while modal cancellation preserves default speed (30.1s)


  1) tests\t013.spec.ts:3:32 › normal exploration entry exposes objectives and party controls at 1440 

    Error: expect(locator).toBeVisible() failed

    Locator: locator('[data-node="4"]')
    Expected: visible
    Timeout: 5000ms
    Error: element(s) not found

    Call log:
      - Expect "toBeVisible" locator('[data-node="4"]') with timeout 5000ms
      - waiting for locator('[data-node="4"]')


      3 | for(const width of [1440,1000])test(`normal exploration entry exposes objectives and party controls at ${width}`,async({page})=>{
      4 |  await page.setViewportSize({width,height:width===1000?720:900});await nodeMap(page);
    > 5 |  await expect(page.locator('[data-node="4"]')).toBeVisible();await page.locator('[data-node="4"]').click();
        |                                                ^
      6 |  await expect(page.locator('#exploration-status')).toBeVisible();await expect(page.locator('#exploration-exit')).toBeEnabled();
      7 |  await expect(page.locator('.crystal')).toBeHidden();await expect(page.locator('[data-party="recall"]')).toBeInViewport();
      8 |  await page.screenshot({path:`../记录/验证/T-013/exploration-entry-${width}.png`});
        at E:\WORLDCREATOR\XingHaiHuiLang\Origin\game\tests\t013.spec.ts:5:48

    Error Context: ..\work\browser-results\t013-normal-exploration-en-c5b20--and-party-controls-at-1440\error-context.md

  2) tests\t013.spec.ts:3:32 › normal exploration entry exposes objectives and party controls at 1000 

    Error: expect(locator).toBeVisible() failed

    Locator: locator('[data-node="4"]')
    Expected: visible
    Timeout: 5000ms
    Error: element(s) not found

    Call log:
      - Expect "toBeVisible" locator('[data-node="4"]') with timeout 5000ms
      - waiting for locator('[data-node="4"]')


      3 | for(const width of [1440,1000])test(`normal exploration entry exposes objectives and party controls at ${width}`,async({page})=>{
      4 |  await page.setViewportSize({width,height:width===1000?720:900});await nodeMap(page);
    > 5 |  await expect(page.locator('[data-node="4"]')).toBeVisible();await page.locator('[data-node="4"]').click();
        |                                                ^
      6 |  await expect(page.locator('#exploration-status')).toBeVisible();await expect(page.locator('#exploration-exit')).toBeEnabled();
      7 |  await expect(page.locator('.crystal')).toBeHidden();await expect(page.locator('[data-party="recall"]')).toBeInViewport();
      8 |  await page.screenshot({path:`../记录/验证/T-013/exploration-entry-${width}.png`});
        at E:\WORLDCREATOR\XingHaiHuiLang\Origin\game\tests\t013.spec.ts:5:48

    Error Context: ..\work\browser-results\t013-normal-exploration-en-1375c--and-party-controls-at-1000\error-context.md

  3) tests\t013.spec.ts:12:1 › party shortcut and click use normal control while modal cancellation preserves default speed 

    Test timeout of 30000ms exceeded.

    Error: locator.click: Test timeout of 30000ms exceeded.
    Call log:
      - waiting for locator('[data-node="4"]')


      11 | });
      12 | test('party shortcut and click use normal control while modal cancellation preserves default speed',async({page})=>{
    > 13 |  await nodeMap(page);await page.locator('[data-node="4"]').click();await page.locator('[data-action="speed"]').click();
         |                                                            ^
      14 |  await page.evaluate(async()=>{const {command}=await import('/src/core/engine.ts' as string),s=(window as any).prototype.state;s.units.find((u:any)=>u.id==='ines').ready=0;command(s,{type:'deploy',id:'ines',to:{x:4,y:16},facing:'east'});});
      15 |  await page.keyboard.press('h');expect(await page.evaluate(()=>(window as any).prototype.state.units.find((u:any)=>u.id==='ines').life)).toBe('withdrawn');
      16 |  await page.evaluate(()=>{const s=(window as any).prototype.state,u=s.units.find((u:any)=>u.id==='ines');u.life='downed';u.hp=0;u.downTimer=45;u.pos={x:3,y:16};});
        at E:\WORLDCREATOR\XingHaiHuiLang\Origin\game\tests\t013.spec.ts:13:60

    Error Context: ..\work\browser-results\t013-party-shortcut-and-cl-00861-ion-preserves-default-speed\error-context.md

  3 failed
    tests\t013.spec.ts:3:32 › normal exploration entry exposes objectives and party controls at 1440 
    tests\t013.spec.ts:3:32 › normal exploration entry exposes objectives and party controls at 1000 
    tests\t013.spec.ts:12:1 › party shortcut and click use normal control while modal cancellation preserves default speed 
