
Running 56 tests using 1 worker

(node:49112) Warning: The 'NO_COLOR' env is ignored due to the 'FORCE_COLOR' env being set.
(Use `node --trace-warnings ...` to show where the warning was created)
(node:49112) Warning: The 'NO_COLOR' env is ignored due to the 'FORCE_COLOR' env being set.
(Use `node --trace-warnings ...` to show where the warning was created)
  ok  1 game\tests\browser.spec.ts:3:1 › start renders a battlefield and pause stops simulation (3.3s)
  ok  2 game\tests\browser.spec.ts:13:1 › click move submits without direction confirmation (2.3s)
  ok  3 game\tests\browser.spec.ts:18:1 › deployment warmup then deploy and quick drag commits without direction dialog (11.1s)
  ok  4 game\tests\browser.spec.ts:34:1 › refresh keeps scene and exclusive cards and invalid card use keeps hand (2.5s)
  ok  5 game\tests\browser.spec.ts:44:1 › node reentry preparation cannot reset the expedition through mode selection (1.7s)
  ok  6 game\tests\browser.spec.ts:50:1 › right click cancels interaction and returns normal speed (2.9s)
  ok  7 game\tests\build.spec.ts:3:1 › prebattle skill selection and in-battle purchases use normal UI (8.2s)
  ok  8 game\tests\build.spec.ts:11:1 › compact build panel is usable and blocks movement input (3.6s)
  ok  9 game\tests\build.spec.ts:15:1 › prebattle dual professions preserve preferences, real battle swaps refresh the equipped skill (13.2s)
  ok 10 game\tests\build.spec.ts:25:1 › unlock presets enforce caps without discarding already purchased branches (6.8s)
  ok 11 game\tests\build.spec.ts:29:1 › changing the initial test mode does not refund purchases or erase configured skills (5.5s)
  ok 12 game\tests\continuous-scenes.spec.ts:3:1 › exploration fixture renders real enemies and ignores copy targets (2.6s)
  ok 13 game\tests\continuous-scenes.spec.ts:8:1 › fractional selected model supports card targeting, circular preview and cancellation (3.9s)
  ok 14 game\tests\continuous.spec.ts:2:1 › continuous mouse deployment and movement preserve the clicked surface point (7.7s)
  ok 15 game\tests\feedback.spec.ts:4:1 › drag held shows planned route before release (8.7s)
  ok 16 game\tests\feedback.spec.ts:11:1 › downed companion has nearby rescue that sends hunter (3.0s)
  ok 17 game\tests\feedback.spec.ts:16:1 › card chain follows cursor and cancels without consumption (3.2s)
  ok 18 game\tests\feedback.spec.ts:23:1 › card resolves only the indicated target, not a stale selection (3.5s)
  ok 19 game\tests\personal.spec.ts:3:1 › number selection and held WASD preserve selected character, release and blur stop movement (4.7s)
  ok 20 game\tests\personal.spec.ts:4:1 › E keeps selection, stops held movement and does not silently resume; pause survives right cancel (2.9s)
  x  21 game\tests\personal.spec.ts:5:1 › mouse-only blink, separate copy control and healthy shadow return use actual buttons (8.5s)
(node:49044) Warning: The 'NO_COLOR' env is ignored due to the 'FORCE_COLOR' env being set.
(Use `node --trace-warnings ...` to show where the warning was created)
(node:49044) Warning: The 'NO_COLOR' env is ignored due to the 'FORCE_COLOR' env being set.
(Use `node --trace-warnings ...` to show where the warning was created)
  ok 22 game\tests\personal.spec.ts:6:1 › Shift uses held direction and cannot blink hunter while another character selected (2.3s)
  ok 23 game\tests\personal.spec.ts:7:1 › real map keyboard recall, redeployment and explicit casualty rescue form one loop (4.3s)
  ok 24 game\tests\personal.spec.ts:22:1 › menu interruption requires release and press again; right cancel keeps submitted recall (3.5s)
  ok 25 game\tests\personal.spec.ts:26:1 › compact reduced-motion controls remain reachable and render ten reserve marks (2.6s)
  ok 26 game\tests\revision2.spec.ts:4:1 › click move has no direction stage and blank click clears slow time (2.6s)
  ok 27 game\tests\revision2.spec.ts:8:1 › selected character shows portrait and clickable millisecond filled skill (4.0s)
  ok 28 game\tests\revision2.spec.ts:12:1 › pointing move at crystal no longer offers retired retreat (2.4s)
  ok 29 game\tests\revision2.spec.ts:16:1 › card tray and skill controls are large enough to interact (2.8s)
  ok 30 game\tests\revision2.spec.ts:19:1 › new movement after pointing at crystal remains ordinary movement (2.4s)
  ok 31 game\tests\revision2.spec.ts:23:1 › refreshing away selected card releases orphaned slow targeting (3.1s)
  ok 32 game\tests\revision2.spec.ts:26:1 › short support skill starts with a nearly full duration fill (3.7s)
  ok 33 game\tests\revision3.spec.ts:4:1 › hand remains scene deck exclusive after appended scene cards (2.1s)
  ok 34 game\tests\revision3.spec.ts:8:1 › casting from selection exits slow mode and same tile second click cancels (4.2s)
  ok 35 game\tests\revision3.spec.ts:12:1 › manual draw consumes fragments and replaces four deck cards keeping other groups (1.9s)
  ok 36 game\tests\revision3.spec.ts:17:1 › switching to double speed exits selected slow mode and successful mouse casting returns to normal speed (4.2s)
  ok 37 game\tests\revision4.spec.ts:4:1 › only detail skill hover changes attack preview to skill preview (5.2s)
  ok 38 game\tests\revision4.spec.ts:7:1 › a real enemy death emits fragment flight and credits only once (3.3s)
  ok 39 game\tests\revision5.spec.ts:3:1 › selected model has operational world skill while detail is descriptive (2.8s)
  ok 40 game\tests\revision5.spec.ts:7:1 › dash waits for a second directional choice without consuming on target selection (3.3s)
  ok 41 game\tests\revision6.spec.ts:3:1 › all supplied ally skeletons load and render (3.6s)
  ok 42 game\tests\revision6.spec.ts:8:1 › direct roster drag deploys without a preceding click (7.8s)
  ok 43 game\tests\revision6.spec.ts:14:1 › dash chooses a sector and confirms outside the arrow button (3.8s)
  ok 44 game\tests\revision6.spec.ts:21:1 › right click cancels an avatar drag without deploying on release (6.2s)
  ok 45 game\tests\revision6.spec.ts:26:1 › reduced motion keeps drawing immediate without card flight (2.4s)
  ok 46 game\tests\revision6.spec.ts:30:1 › draw preserves retained card nodes and animates the new hand (2.3s)
  ok 47 game\tests\revision6.spec.ts:36:1 › immovable originals and clones never preview a movement arrow (9.0s)
  ok 48 game\tests\revision6.spec.ts:45:1 › prepared actors use real skeletons immediately and hide immovable direction markers (2.5s)
  ok 49 game\tests\rework.spec.ts:5:1 › new source skeletons and native effects render real pixels for every registered action (4.4s)
  ok 50 game\tests\rework.spec.ts:11:134 › normal preparation UI configures ines two complete trees (13.2s)
  ok 51 game\tests\rework.spec.ts:11:134 › normal preparation UI configures ranger two complete trees (14.2s)
  ok 52 game\tests\rework.spec.ts:11:134 › normal preparation UI configures fiorre two complete trees (24.2s)
  ok 53 game\tests\rework.spec.ts:17:1 › new prepared actors immediately use source models and real sliding uses movement animation (2.7s)
  ok 54 game\tests\start.spec.ts:2:1 › start removes the blocking briefing before the next rendered frame (2.7s)
  ok 55 game\tests\t005.spec.ts:2:1 › direct movement renders run and blocked movement idles (2.7s)
  ok 56 game\tests\t005.spec.ts:13:1 › avatar does not summon; summon strip supports drag and click (16.6s)


  1) game\tests\personal.spec.ts:5:1 › mouse-only blink, separate copy control and healthy shadow return use actual buttons 

    Error: expect(locator).toContainText(expected) failed

    Locator: locator('#unit-detail')
    Expected substring: "守卫"
    Received string:    "同行者伊内丝✧折痛回响有效敌方直接受击积累痛印，上限8；至少1印可手动释放。每印治疗附近在场友方自身最大生命的2%，释放清零，无时间冷却。悬停查看范围 · 血条旁释放生命 800 / 800　精神压力 0　在场回响盾剑 · 耐久 60/60 · 朝向 east职业与构筑 / 换装请求影庭回收点击或拖动移动；E 技能；Q 请求影庭回收。"
    Timeout: 5000ms

    Call log:
      - Expect "toContainText" locator('#unit-detail') with timeout 5000ms
      - waiting for locator('#unit-detail')
        - locator resolved to <aside hidden="" id="unit-detail" class="unit-detail"></aside>
        - unexpected value ""
        12 × locator resolved to <aside id="unit-detail" class="unit-detail">…</aside>
           - unexpected value "同行者伊内丝✧折痛回响有效敌方直接受击积累痛印，上限8；至少1印可手动释放。每印治疗附近在场友方自身最大生命的2%，释放清零，无时间冷却。悬停查看范围 · 血条旁释放生命 800 / 800　精神压力 0　在场回响盾剑 · 耐久 60/60 · 朝向 east职业与构筑 / 换装请求影庭回收点击或拖动移动；E 技能；Q 请求影庭回收。"


      3 | test('number selection and held WASD preserve selected character, release and blur stop movement',async({page})=>{await start(page);await page.keyboard.press('1');await expect(page.locator('#time-mode')).toContainText('0.1');const x=await page.evaluate(()=>(window as any).prototype.state.units[0].pos.x);await page.keyboard.down('d');await expect.poll(()=>page.evaluate(()=>(window as any).prototype.state.units[0].pos.x)).toBeGreaterThan(x+.15);await page.keyboard.up('d');await expect(page.locator('#control-status')).toContainText('猎人');const after=await page.evaluate(()=>(window as any).prototype.state.units[0].pos.x);expect(after).toBeGreaterThan(x+.15);expect(await page.evaluate(()=>(window as any).prototype.interaction.selectedId)).toBe('hunter');await page.waitForTimeout(200);expect(await page.evaluate(()=>(window as any).prototype.state.units[0].pos.x)).toBeCloseTo(after,3);await page.keyboard.down('a');await page.evaluate(()=>window.dispatchEvent(new Event('blur')));const p=await page.evaluate(()=>(window as any).prototype.state.units[0].pos.x);await page.waitForTimeout(250);expect(await page.evaluate(()=>(window as any).prototype.state.units[0].pos.x)).toBeCloseTo(p,3);await page.keyboard.up('a');});
      4 | test('E keeps selection, stops held movement and does not silently resume; pause survives right cancel',async({page})=>{await start(page);await page.evaluate(()=>(window as any).prototype.state.units[0].skillCd=0);await page.keyboard.press('1');await page.keyboard.down('d');await page.waitForTimeout(100);await page.keyboard.press('e');expect(await page.evaluate(()=>(window as any).prototype.interaction.selectedId)).toBe('hunter');const p=await page.evaluate(()=>(window as any).prototype.state.units[0].pos.x);await page.waitForTimeout(200);expect(await page.evaluate(()=>(window as any).prototype.state.units[0].pos.x)).toBeCloseTo(p,3);expect(await page.evaluate(()=>(window as any).prototype.state.units[0].skillTime)).toBeGreaterThan(0);await page.keyboard.up('d');await page.keyboard.press('Space');await page.mouse.click(800,400,{button:'right'});await expect(page.locator('#time-mode')).toHaveText('战术暂停');});
    > 5 | test('mouse-only blink, separate copy control and healthy shadow return use actual buttons',async({page})=>{await start(page);await page.locator('[data-action="blink"]').click();const to=await page.evaluate(()=>(window as any).prototype.project({x:3,y:4}));await page.mouse.click(to.x,to.y);await expect(page.locator('#blink-stock')).toHaveText('9 / 10');await page.locator('[data-unit="ines"]').click();const p=await page.evaluate(()=>(window as any).prototype.project({x:4,y:4}));await page.mouse.click(p.x,p.y);await page.locator('[data-unit="ines"]').click();await expect(page.locator('#unit-detail')).toContainText('守卫');await page.locator('[data-extract="ines"]').click();await page.evaluate(async()=>{const {step}=await import('/src/core/engine.ts' as string);step((window as any).prototype.state,1.2);});await expect.poll(()=>page.evaluate(()=>(window as any).prototype.state.units.find((u:any)=>u.id==='ines').life)).toBe('withdrawn');await expect(page.locator('#life-ines')).toContainText('始动');await expect(page.locator('#crystal-retreat')).toBeHidden();});
        |                                                                                                                                                                                                                                                                                                                                                                                                                                                                                                                                                                                                                               ^
      6 | test('Shift uses held direction and cannot blink hunter while another character selected',async({page})=>{await start(page);await page.keyboard.down('d');await page.keyboard.press('Shift');await page.keyboard.up('d');await expect(page.locator('#blink-stock')).toHaveText('9 / 10');await page.keyboard.press('2');await page.keyboard.press('Shift');await expect(page.locator('#blink-stock')).toHaveText('9 / 10');});
      7 | test('real map keyboard recall, redeployment and explicit casualty rescue form one loop',async({page})=>{
      8 |  await start(page);await page.keyboard.press('3');const p=await page.evaluate(()=>(window as any).prototype.project({x:3,y:4}));await page.mouse.click(p.x,p.y);
        at E:\WORLDCREATOR\XingHaiHuiLang\Origin\game\tests\personal.spec.ts:5:607

    Error Context: work\browser-results\personal-mouse-only-blink--b6e1e-w-return-use-actual-buttons\error-context.md

  1 failed
    game\tests\personal.spec.ts:5:1 › mouse-only blink, separate copy control and healthy shadow return use actual buttons 
  55 passed (4.9m)
