
> shadow-court-prototype@0.1.0 test
> vitest run


 RUN  v4.1.11 E:/WORLDCREATOR/XingHaiHuiLang/Origin/game

 ❯ tests/audio.test.ts (1 test | 1 failed) 9ms
   × maps effects by exact source identity, including different roles sharing a tile 8ms
 ❯ tests/loadout.test.ts (7 tests | 4 failed) 11ms
     × commits profession only after the preparation time and starts the new skill empty 6ms
     × beginning interrupts timed casting and cancellation never restores the cast 1ms
     × same profession weapon switch preserves chosen skill and cooldown 1ms
     × a copied unit has independent build data and no original preparation action 1ms
 ❯ tests/skill-resolution.test.ts (4 tests | 4 failed) 15ms
     × every two-branch pairing remains purchasable at each stage for all three demonstration skills 10ms
     × prayer combines both highest selected branches with the latest stage without old-tier stacking 2ms
     × ward regeneration duration follows the combined longer shield and max stage uses only latest ratio 1ms
     × cantor combines a stun branch with ally healing without altering Fiorre identity or old healer build 1ms
 ❯ tests/progression.test.ts (12 tests | 9 failed) 26ms
     × buys one stage atomically and refuses the stale purchase without a second charge 9ms
     × buys branch levels by replacement and keeps the third branch locked after two choices 2ms
     × preserves cooldown fraction and a casting snapshot when upgraded 1ms
     × keeps defaults per profession and refuses combat or shadow configuration 1ms
     × node reset preserves cultivation while expedition reset keeps profile and clears purchases 1ms
     × changing a configured skill interrupts its cast into cooldown and keeps both caches 2ms
     × changing the unlock preset never removes already paid build effects 1ms
     × node reentry resets every cached skill without erasing purchases or charging backends 1ms
     × an idle development context cannot reopen configuration after the expedition ended 2ms
 ❯ tests/skills-integration.test.ts (25 tests | 9 failed) 65ms
   × ward skill gives nearby allies a missing-health shield that absorbs damage before HP 9ms
   × weapon change channels before changing profession and its active skill 2ms
   × a cooldown card clears only the current skill, leaving other professions suspended 2ms
   × same-source shields refresh their amount while independent casters stack shields 2ms
   × upgrading during a timed cast preserves its damage snapshot until the next cast 1ms
   × death clears an unfinished weapon change without changing weapons or reviving the unit 2ms
   × Fiorre area heal ignores a wall but cantor damage respects the same wall 1ms
   × new regeneration and defense branches produce real healing and reduce incoming damage 1ms
   × range previews use the active cast snapshot and show the upgraded radius only after it ends 1ms
 ❯ tests/continuous.test.ts (40 tests | 4 failed) 149ms
   × continuous deployment preserves fractional location and validates footprint and reservation 7ms
   × capacity costs are indivisible and equal-distance choices stable 8ms
   × continuous ally healing uses distance rather than cell equality 1ms
   × exploration deployment applies independent hunter radius to originals and clones 1ms
 ❯ tests/engine.test.ts (75 tests | 19 failed) 282ms
     × rejects occupied deployment without changing reserve state 6ms
     × rescues unexpired downed allies on defeat without reviving dead allies 1ms
     × ordinary shadow resident freezes statuses and skill cooldown 1ms
     × one click rescue saves nearby casualty and prevents redeployment this battle 1ms
     × expiry at settlement takes precedence over automatic rescue 0ms
     × spends one durability for a single attack without splash to the second target 0ms
     × requires personal warmup before deployment rather than stunning after it 1ms
   × reentry resets warmup and cannot carry pending attacks between nodes 1ms
   × item range checks the actual target rather than an unrelated clicked tile 0ms
     × nearby ally falling triggers observer stress 0ms
     × Fiorre support skill restores nearby allies without damaging enemies 2ms
     × a three-wave joining-lane defense wins through real combat 4ms
     × guard is an 800 HP frontline and Fiorre heals the nearby group substantially 1ms
     × deployment can share terrain cell without overlapping enemy footprints 2ms
     × guard poison toggle does not change permanent protection 0ms
   × skill areas remain independent of held weapon and match healing recipients 2ms
     × role weapons provide melee Fiorre, long-range ranger and throwing guard 1ms
     × Fiorre heal circle uses Euclidean radius three 2ms
     × guard automatic poison skill defaults enabled and toggles off 0ms
 ❯ tests/personal.test.ts (33 tests | 1 failed) 990ms
   × toggle skill cancels approach for recall while keeping its own mode change 9ms

⎯⎯⎯⎯⎯⎯ Failed Tests 51 ⎯⎯⎯⎯⎯⎯⎯

 FAIL  tests/audio.test.ts > maps effects by exact source identity, including different roles sharing a tile
AssertionError: expected 'melee' to be 'knife' // Object.is equality

Expected: "knife"
Received: "melee"

 ❯ tests/audio.test.ts:8:79


⎯⎯⎯⎯⎯⎯⎯⎯⎯⎯⎯⎯⎯⎯⎯⎯⎯⎯⎯⎯⎯⎯⎯[1/51]⎯

 FAIL  tests/continuous.test.ts > continuous deployment preserves fractional location and validates footprint and reservation
AssertionError: expected false to be true // Object.is equality

- Expected
+ Received

- true
+ false

 ❯ tests/continuous.test.ts:6:203


⎯⎯⎯⎯⎯⎯⎯⎯⎯⎯⎯⎯⎯⎯⎯⎯⎯⎯⎯⎯⎯⎯⎯[2/51]⎯

 FAIL  tests/continuous.test.ts > capacity costs are indivisible and equal-distance choices stable
AssertionError: expected 'hunter' to be 'guard' // Object.is equality

Expected: "guard"
Received: "hunter"

 ❯ tests/continuous.test.ts:20:349


⎯⎯⎯⎯⎯⎯⎯⎯⎯⎯⎯⎯⎯⎯⎯⎯⎯⎯⎯⎯⎯⎯⎯[3/51]⎯

 FAIL  tests/continuous.test.ts > continuous ally healing uses distance rather than cell equality
AssertionError: expected false to be true // Object.is equality

- Expected
+ Received

- true
+ false

 ❯ tests/continuous.test.ts:24:221


⎯⎯⎯⎯⎯⎯⎯⎯⎯⎯⎯⎯⎯⎯⎯⎯⎯⎯⎯⎯⎯⎯⎯[4/51]⎯

 FAIL  tests/continuous.test.ts > exploration deployment applies independent hunter radius to originals and clones
AssertionError: expected false to be true // Object.is equality

- Expected
+ Received

- true
+ false

 ❯ tests/continuous.test.ts:26:374


⎯⎯⎯⎯⎯⎯⎯⎯⎯⎯⎯⎯⎯⎯⎯⎯⎯⎯⎯⎯⎯⎯⎯[5/51]⎯

 FAIL  tests/engine.test.ts > battle rules > rejects occupied deployment without changing reserve state
TypeError: Cannot read properties of undefined (reading 'life')
 ❯ tests/engine.test.ts:6:243


⎯⎯⎯⎯⎯⎯⎯⎯⎯⎯⎯⎯⎯⎯⎯⎯⎯⎯⎯⎯⎯⎯⎯[6/51]⎯

 FAIL  tests/engine.test.ts > battle rules > rescues unexpired downed allies on defeat without reviving dead allies
TypeError: Cannot set properties of undefined (setting 'life')
 ❯ tests/engine.test.ts:10:197


⎯⎯⎯⎯⎯⎯⎯⎯⎯⎯⎯⎯⎯⎯⎯⎯⎯⎯⎯⎯⎯⎯⎯[7/51]⎯

 FAIL  tests/engine.test.ts > battle rules > ordinary shadow resident freezes statuses and skill cooldown
TypeError: Cannot set properties of undefined (setting 'life')
 ❯ tests/engine.test.ts:12:144


⎯⎯⎯⎯⎯⎯⎯⎯⎯⎯⎯⎯⎯⎯⎯⎯⎯⎯⎯⎯⎯⎯⎯[8/51]⎯

 FAIL  tests/engine.test.ts > movement and lifecycle integration > one click rescue saves nearby casualty and prevents redeployment this battle
TypeError: Cannot set properties of undefined (setting 'pos')
 ❯ tests/engine.test.ts:17:160


⎯⎯⎯⎯⎯⎯⎯⎯⎯⎯⎯⎯⎯⎯⎯⎯⎯⎯⎯⎯⎯⎯⎯[9/51]⎯

 FAIL  tests/engine.test.ts > resource and settlement boundaries > expiry at settlement takes precedence over automatic rescue
TypeError: Cannot set properties of undefined (setting 'life')
 ❯ tests/engine.test.ts:25:143


⎯⎯⎯⎯⎯⎯⎯⎯⎯⎯⎯⎯⎯⎯⎯⎯⎯⎯⎯⎯⎯⎯[10/51]⎯

 FAIL  tests/engine.test.ts > resource and settlement boundaries > spends one durability for a single attack without splash to the second target
TypeError: Cannot set properties of undefined (setting 'life')
 ❯ tests/engine.test.ts:26:161


⎯⎯⎯⎯⎯⎯⎯⎯⎯⎯⎯⎯⎯⎯⎯⎯⎯⎯⎯⎯⎯⎯[11/51]⎯

 FAIL  tests/engine.test.ts > timing rules > requires personal warmup before deployment rather than stunning after it
TypeError: Cannot read properties of undefined (reading 'id')
 ❯ tests/engine.test.ts:31:196


⎯⎯⎯⎯⎯⎯⎯⎯⎯⎯⎯⎯⎯⎯⎯⎯⎯⎯⎯⎯⎯⎯[12/51]⎯

 FAIL  tests/engine.test.ts > reentry resets warmup and cannot carry pending attacks between nodes
TypeError: Cannot set properties of undefined (setting 'ready')
 ❯ tests/engine.test.ts:39:134


⎯⎯⎯⎯⎯⎯⎯⎯⎯⎯⎯⎯⎯⎯⎯⎯⎯⎯⎯⎯⎯⎯[13/51]⎯

 FAIL  tests/engine.test.ts > item range checks the actual target rather than an unrelated clicked tile
TypeError: Cannot set properties of undefined (setting 'life')
 ❯ tests/engine.test.ts:40:139


⎯⎯⎯⎯⎯⎯⎯⎯⎯⎯⎯⎯⎯⎯⎯⎯⎯⎯⎯⎯⎯⎯[14/51]⎯

 FAIL  tests/engine.test.ts > damage weight and mental rules > nearby ally falling triggers observer stress
TypeError: Cannot set properties of undefined (setting 'life')
 ❯ tests/engine.test.ts:48:124


⎯⎯⎯⎯⎯⎯⎯⎯⎯⎯⎯⎯⎯⎯⎯⎯⎯⎯⎯⎯⎯⎯[15/51]⎯

 FAIL  tests/engine.test.ts > damage weight and mental rules > Fiorre support skill restores nearby allies without damaging enemies
AssertionError: expected 50 to be greater than 50
 ❯ tests/engine.test.ts:51:256


⎯⎯⎯⎯⎯⎯⎯⎯⎯⎯⎯⎯⎯⎯⎯⎯⎯⎯⎯⎯⎯⎯[16/51]⎯

 FAIL  tests/engine.test.ts > complete encounter scenarios > a three-wave joining-lane defense wins through real combat
AssertionError: expected false to be true // Object.is equality

- Expected
+ Received

- true
+ false

 ❯ tests/engine.test.ts:59:251


⎯⎯⎯⎯⎯⎯⎯⎯⎯⎯⎯⎯⎯⎯⎯⎯⎯⎯⎯⎯⎯⎯[17/51]⎯

 FAIL  tests/engine.test.ts > revised battle design > guard is an 800 HP frontline and Fiorre heals the nearby group substantially
TypeError: Cannot read properties of undefined (reading 'maxHp')
 ❯ tests/engine.test.ts:77:199


⎯⎯⎯⎯⎯⎯⎯⎯⎯⎯⎯⎯⎯⎯⎯⎯⎯⎯⎯⎯⎯⎯[18/51]⎯

 FAIL  tests/engine.test.ts > independent skills and contact combat > deployment can share terrain cell without overlapping enemy footprints
AssertionError: expected false to be true // Object.is equality

- Expected
+ Received

- true
+ false

 ❯ tests/engine.test.ts:92:492


⎯⎯⎯⎯⎯⎯⎯⎯⎯⎯⎯⎯⎯⎯⎯⎯⎯⎯⎯⎯⎯⎯[19/51]⎯

 FAIL  tests/engine.test.ts > independent skills and contact combat > guard poison toggle does not change permanent protection
TypeError: Cannot set properties of undefined (setting 'life')
 ❯ tests/engine.test.ts:93:123


⎯⎯⎯⎯⎯⎯⎯⎯⎯⎯⎯⎯⎯⎯⎯⎯⎯⎯⎯⎯⎯⎯[20/51]⎯

 FAIL  tests/engine.test.ts > skill areas remain independent of held weapon and match healing recipients
AssertionError: expected 1 to be 161 // Object.is equality

- Expected
+ Received

- 161
+ 1

 ❯ tests/engine.test.ts:98:603


⎯⎯⎯⎯⎯⎯⎯⎯⎯⎯⎯⎯⎯⎯⎯⎯⎯⎯⎯⎯⎯⎯[21/51]⎯

 FAIL  tests/engine.test.ts > rev5 role and clone rules > role weapons provide melee Fiorre, long-range ranger and throwing guard
TypeError: Cannot read properties of undefined (reading 'weapons')
 ❯ tests/engine.test.ts:101:343


⎯⎯⎯⎯⎯⎯⎯⎯⎯⎯⎯⎯⎯⎯⎯⎯⎯⎯⎯⎯⎯⎯[22/51]⎯

 FAIL  tests/engine.test.ts > rev5 role and clone rules > Fiorre heal circle uses Euclidean radius three
AssertionError: expected [ Array(9) ] to deep equally contain { x: 5, y: 5 }

- Expected:
{
  "x": 5,
  "y": 5,
}

+ Received:
[
  {
    "x": 2,
    "y": 2,
  },
  {
    "x": 3,
    "y": 2,
  },
  {
    "x": 4,
    "y": 2,
  },
  {
    "x": 2,
    "y": 3,
  },
  {
    "x": 3,
    "y": 3,
  },
  {
    "x": 4,
    "y": 3,
  },
  {
    "x": 2,
    "y": 4,
  },
  {
    "x": 3,
    "y": 4,
  },
  {
    "x": 4,
    "y": 4,
  },
]

 ❯ tests/engine.test.ts:102:159


⎯⎯⎯⎯⎯⎯⎯⎯⎯⎯⎯⎯⎯⎯⎯⎯⎯⎯⎯⎯⎯⎯[23/51]⎯

 FAIL  tests/engine.test.ts > rev5 role and clone rules > guard automatic poison skill defaults enabled and toggles off
TypeError: Cannot read properties of undefined (reading 'autoSkill')
 ❯ tests/engine.test.ts:104:137


⎯⎯⎯⎯⎯⎯⎯⎯⎯⎯⎯⎯⎯⎯⎯⎯⎯⎯⎯⎯⎯⎯[24/51]⎯

 FAIL  tests/loadout.test.ts > weapon preparation and independent skill caches > commits profession only after the preparation time and starts the new skill empty
AssertionError: expected 4 to be +0 // Object.is equality

- Expected
+ Received

- 0
+ 4

 ❯ tests/loadout.test.ts:7:191


⎯⎯⎯⎯⎯⎯⎯⎯⎯⎯⎯⎯⎯⎯⎯⎯⎯⎯⎯⎯⎯⎯[25/51]⎯

 FAIL  tests/loadout.test.ts > weapon preparation and independent skill caches > beginning interrupts timed casting and cancellation never restores the cast
AssertionError: expected 4 to be +0 // Object.is equality

- Expected
+ Received

- 0
+ 4

 ❯ tests/loadout.test.ts:8:271


⎯⎯⎯⎯⎯⎯⎯⎯⎯⎯⎯⎯⎯⎯⎯⎯⎯⎯⎯⎯⎯⎯[26/51]⎯

 FAIL  tests/loadout.test.ts > weapon preparation and independent skill caches > same profession weapon switch preserves chosen skill and cooldown
AssertionError: expected 'prayer' to be 'ward' // Object.is equality

Expected: "ward"
Received: "prayer"

 ❯ tests/loadout.test.ts:10:254


⎯⎯⎯⎯⎯⎯⎯⎯⎯⎯⎯⎯⎯⎯⎯⎯⎯⎯⎯⎯⎯⎯[27/51]⎯

 FAIL  tests/loadout.test.ts > weapon preparation and independent skill caches > a copied unit has independent build data and no original preparation action
AssertionError: expected 4 to be +0 // Object.is equality

- Expected
+ Received

- 0
+ 4

 ❯ tests/loadout.test.ts:11:277


⎯⎯⎯⎯⎯⎯⎯⎯⎯⎯⎯⎯⎯⎯⎯⎯⎯⎯⎯⎯⎯⎯[28/51]⎯

 FAIL  tests/personal.test.ts > toggle skill cancels approach for recall while keeping its own mode change
AssertionError: expected { elapsed: +0, …(2) } to be undefined

- Expected:
undefined

+ Received:
{
  "elapsed": 0,
  "repath": 0.25,
  "waitingCross": false,
}

 ❯ tests/personal.test.ts:32:308


⎯⎯⎯⎯⎯⎯⎯⎯⎯⎯⎯⎯⎯⎯⎯⎯⎯⎯⎯⎯⎯⎯[29/51]⎯

 FAIL  tests/progression.test.ts > independent skill progression > buys one stage atomically and refuses the stale purchase without a second charge
AssertionError: expected +0 to be 190 // Object.is equality

- Expected
+ Received

- 190
+ 0

 ❯ tests/progression.test.ts:8:230


⎯⎯⎯⎯⎯⎯⎯⎯⎯⎯⎯⎯⎯⎯⎯⎯⎯⎯⎯⎯⎯⎯[30/51]⎯

 FAIL  tests/progression.test.ts > independent skill progression > buys branch levels by replacement and keeps the third branch locked after two choices
AssertionError: expected false to be true // Object.is equality

- Expected
+ Received

- true
+ false

 ❯ tests/progression.test.ts:9:164


⎯⎯⎯⎯⎯⎯⎯⎯⎯⎯⎯⎯⎯⎯⎯⎯⎯⎯⎯⎯⎯⎯[31/51]⎯

 FAIL  tests/progression.test.ts > independent skill progression > preserves cooldown fraction and a casting snapshot when upgraded
AssertionError: expected 9 to be close to 8.5, received difference is 0.5, but expected 0.005
 ❯ tests/progression.test.ts:11:248


⎯⎯⎯⎯⎯⎯⎯⎯⎯⎯⎯⎯⎯⎯⎯⎯⎯⎯⎯⎯⎯⎯[32/51]⎯

 FAIL  tests/progression.test.ts > independent skill progression > keeps defaults per profession and refuses combat or shadow configuration
AssertionError: expected false to be true // Object.is equality

- Expected
+ Received

- true
+ false

 ❯ tests/progression.test.ts:13:143


⎯⎯⎯⎯⎯⎯⎯⎯⎯⎯⎯⎯⎯⎯⎯⎯⎯⎯⎯⎯⎯⎯[33/51]⎯

 FAIL  tests/progression.test.ts > independent skill progression > node reset preserves cultivation while expedition reset keeps profile and clears purchases
AssertionError: expected 18 to be 22 // Object.is equality

- Expected
+ Received

- 22
+ 18

 ❯ tests/progression.test.ts:15:273


⎯⎯⎯⎯⎯⎯⎯⎯⎯⎯⎯⎯⎯⎯⎯⎯⎯⎯⎯⎯⎯⎯[34/51]⎯

 FAIL  tests/progression.test.ts > independent skill progression > changing a configured skill interrupts its cast into cooldown and keeps both caches
AssertionError: expected false to be true // Object.is equality

- Expected
+ Received

- true
+ false

 ❯ tests/progression.test.ts:16:180


⎯⎯⎯⎯⎯⎯⎯⎯⎯⎯⎯⎯⎯⎯⎯⎯⎯⎯⎯⎯⎯⎯[35/51]⎯

 FAIL  tests/progression.test.ts > independent skill progression > changing the unlock preset never removes already paid build effects
AssertionError: expected +0 to be 220 // Object.is equality

- Expected
+ Received

- 220
+ 0

 ❯ tests/progression.test.ts:17:308


⎯⎯⎯⎯⎯⎯⎯⎯⎯⎯⎯⎯⎯⎯⎯⎯⎯⎯⎯⎯⎯⎯[36/51]⎯

 FAIL  tests/progression.test.ts > independent skill progression > node reentry resets every cached skill without erasing purchases or charging backends
AssertionError: expected 18 to be 17 // Object.is equality

- Expected
+ Received

- 17
+ 18

 ❯ tests/progression.test.ts:18:319


⎯⎯⎯⎯⎯⎯⎯⎯⎯⎯⎯⎯⎯⎯⎯⎯⎯⎯⎯⎯⎯⎯[37/51]⎯

 FAIL  tests/progression.test.ts > independent skill progression > an idle development context cannot reopen configuration after the expedition ended
AssertionError: expected 'dance' to be 'prayer' // Object.is equality

Expected: "prayer"
Received: "dance"

 ❯ tests/progression.test.ts:19:263


⎯⎯⎯⎯⎯⎯⎯⎯⎯⎯⎯⎯⎯⎯⎯⎯⎯⎯⎯⎯⎯⎯[38/51]⎯

 FAIL  tests/skill-resolution.test.ts > resolved prototype builds > every two-branch pairing remains purchasable at each stage for all three demonstration skills
AssertionError: expected false to be true // Object.is equality

- Expected
+ Received

- true
+ false

 ❯ tests/skill-resolution.test.ts:9:378


⎯⎯⎯⎯⎯⎯⎯⎯⎯⎯⎯⎯⎯⎯⎯⎯⎯⎯⎯⎯⎯⎯[39/51]⎯

 FAIL  tests/skill-resolution.test.ts > resolved prototype builds > prayer combines both highest selected branches with the latest stage without old-tier stacking
AssertionError: expected false to be true // Object.is equality

- Expected
+ Received

- true
+ false

 ❯ twice tests/skill-resolution.test.ts:7:176

 ❯ tests/skill-resolution.test.ts:10:127

⎯⎯⎯⎯⎯⎯⎯⎯⎯⎯⎯⎯⎯⎯⎯⎯⎯⎯⎯⎯⎯⎯[40/51]⎯

 FAIL  tests/skill-resolution.test.ts > resolved prototype builds > ward regeneration duration follows the combined longer shield and max stage uses only latest ratio
AssertionError: expected false to be true // Object.is equality

- Expected
+ Received

- true
+ false

 ❯ twice tests/skill-resolution.test.ts:7:176

 ❯ tests/skill-resolution.test.ts:11:158

⎯⎯⎯⎯⎯⎯⎯⎯⎯⎯⎯⎯⎯⎯⎯⎯⎯⎯⎯⎯⎯⎯[41/51]⎯

 FAIL  tests/skill-resolution.test.ts > resolved prototype builds > cantor combines a stun branch with ally healing without altering Fiorre identity or old healer build
AssertionError: expected false to be true // Object.is equality

- Expected
+ Received

- true
+ false

 ❯ twice tests/skill-resolution.test.ts:7:176

 ❯ tests/skill-resolution.test.ts:12:133

⎯⎯⎯⎯⎯⎯⎯⎯⎯⎯⎯⎯⎯⎯⎯⎯⎯⎯⎯⎯⎯⎯[42/51]⎯

 FAIL  tests/skills-integration.test.ts > ward skill gives nearby allies a missing-health shield that absorbs damage before HP
AssertionError: expected false to be true // Object.is equality

- Expected
+ Received

- true
+ false

 ❯ tests/skills-integration.test.ts:10:206


⎯⎯⎯⎯⎯⎯⎯⎯⎯⎯⎯⎯⎯⎯⎯⎯⎯⎯⎯⎯⎯⎯[43/51]⎯

 FAIL  tests/skills-integration.test.ts > weapon change channels before changing profession and its active skill
AssertionError: expected 4 to be +0 // Object.is equality

- Expected
+ Received

- 0
+ 4

 ❯ tests/skills-integration.test.ts:11:199


⎯⎯⎯⎯⎯⎯⎯⎯⎯⎯⎯⎯⎯⎯⎯⎯⎯⎯⎯⎯⎯⎯[44/51]⎯

 FAIL  tests/skills-integration.test.ts > a cooldown card clears only the current skill, leaving other professions suspended
AssertionError: expected 16.799999999999986 to be close to 7, received difference is 9.799999999999986, but expected 0.0000049999999999999996
 ❯ tests/skills-integration.test.ts:18:476


⎯⎯⎯⎯⎯⎯⎯⎯⎯⎯⎯⎯⎯⎯⎯⎯⎯⎯⎯⎯⎯⎯[45/51]⎯

 FAIL  tests/skills-integration.test.ts > same-source shields refresh their amount while independent casters stack shields
AssertionError: expected [] to have a length of 1 but got +0

- Expected
+ Received

- 1
+ 0

 ❯ tests/skills-integration.test.ts:21:358


⎯⎯⎯⎯⎯⎯⎯⎯⎯⎯⎯⎯⎯⎯⎯⎯⎯⎯⎯⎯⎯⎯[46/51]⎯

 FAIL  tests/skills-integration.test.ts > upgrading during a timed cast preserves its damage snapshot until the next cast
AssertionError: expected false to be true // Object.is equality

- Expected
+ Received

- true
+ false

 ❯ tests/skills-integration.test.ts:24:187


⎯⎯⎯⎯⎯⎯⎯⎯⎯⎯⎯⎯⎯⎯⎯⎯⎯⎯⎯⎯⎯⎯[47/51]⎯

 FAIL  tests/skills-integration.test.ts > death clears an unfinished weapon change without changing weapons or reviving the unit
AssertionError: expected true to be false // Object.is equality

- Expected
+ Received

- false
+ true

 ❯ tests/skills-integration.test.ts:26:433


⎯⎯⎯⎯⎯⎯⎯⎯⎯⎯⎯⎯⎯⎯⎯⎯⎯⎯⎯⎯⎯⎯[48/51]⎯

 FAIL  tests/skills-integration.test.ts > Fiorre area heal ignores a wall but cantor damage respects the same wall
AssertionError: expected 10 to be 170 // Object.is equality

- Expected
+ Received

- 170
+ 10

 ❯ tests/skills-integration.test.ts:28:280


⎯⎯⎯⎯⎯⎯⎯⎯⎯⎯⎯⎯⎯⎯⎯⎯⎯⎯⎯⎯⎯⎯[49/51]⎯

 FAIL  tests/skills-integration.test.ts > new regeneration and defense branches produce real healing and reduce incoming damage
AssertionError: expected false to be true // Object.is equality

- Expected
+ Received

- true
+ false

 ❯ tests/skills-integration.test.ts:29:273


⎯⎯⎯⎯⎯⎯⎯⎯⎯⎯⎯⎯⎯⎯⎯⎯⎯⎯⎯⎯⎯⎯[50/51]⎯

 FAIL  tests/skills-integration.test.ts > range previews use the active cast snapshot and show the upgraded radius only after it ends
AssertionError: expected false to be true // Object.is equality

- Expected
+ Received

- true
+ false

 ❯ tests/skills-integration.test.ts:34:338


⎯⎯⎯⎯⎯⎯⎯⎯⎯⎯⎯⎯⎯⎯⎯⎯⎯⎯⎯⎯⎯⎯[51/51]⎯


 Test Files  8 failed | 8 passed (16)
      Tests  51 failed | 186 passed (237)
   Start at  20:56:18
   Duration  1.34s (transform 1.55s, setup 0ms, import 2.30s, tests 1.79s, environment 1ms)

