
Running 11 tests using 1 worker

(node:31208) Warning: The 'NO_COLOR' env is ignored due to the 'FORCE_COLOR' env being set.
(Use `node --trace-warnings ...` to show where the warning was created)
(node:31208) Warning: The 'NO_COLOR' env is ignored due to the 'FORCE_COLOR' env being set.
(Use `node --trace-warnings ...` to show where the warning was created)
  ok  1 game\tests\revision6.spec.ts:3:1 › all supplied ally skeletons load and render (3.5s)
  ok  2 game\tests\revision6.spec.ts:8:1 › direct roster drag deploys without a preceding click (10.2s)
  ok  3 game\tests\revision6.spec.ts:14:1 › dash chooses a sector and confirms outside the arrow button (6.7s)
  ok  4 game\tests\revision6.spec.ts:21:1 › right click cancels an avatar drag without deploying on release (11.3s)
  ok  5 game\tests\revision6.spec.ts:26:1 › reduced motion keeps drawing immediate without card flight (4.6s)
  ok  6 game\tests\revision6.spec.ts:30:1 › draw preserves retained card nodes and animates the new hand (3.9s)
  ok  7 game\tests\revision6.spec.ts:36:1 › immovable originals and clones never preview a movement arrow (14.3s)
  ok  8 game\tests\revision6.spec.ts:45:1 › prepared actors use real skeletons immediately and hide immovable direction markers (5.1s)
  x   9 game\tests\rework.spec.ts:2:1 › new source skeletons and native effects render real pixels for every registered action (6.8s)
(node:46140) Warning: The 'NO_COLOR' env is ignored due to the 'FORCE_COLOR' env being set.
(Use `node --trace-warnings ...` to show where the warning was created)
(node:46140) Warning: The 'NO_COLOR' env is ignored due to the 'FORCE_COLOR' env being set.
(Use `node --trace-warnings ...` to show where the warning was created)
  x  10 game\tests\rework.spec.ts:7:1 › normal preparation UI configures all six trees and Fiorre three professions (30.0s)
(node:9812) Warning: The 'NO_COLOR' env is ignored due to the 'FORCE_COLOR' env being set.
(Use `node --trace-warnings ...` to show where the warning was created)
(node:9812) Warning: The 'NO_COLOR' env is ignored due to the 'FORCE_COLOR' env being set.
(Use `node --trace-warnings ...` to show where the warning was created)
  ok 11 game\tests\rework.spec.ts:13:1 › new prepared actors immediately use source models and real sliding uses movement animation (2.8s)


  1) game\tests\rework.spec.ts:2:1 › new source skeletons and native effects render real pixels for every registered action 

    Error: expect(received).toBe(expected) // Object.is equality

    Expected: true
    Received: false

      3 |  await page.goto('/');await page.getByRole('button',{name:'进入战斗',exact:true}).waitFor({state:'visible'});await expect(page.getByRole('button',{name:'进入战斗',exact:true})).toBeEnabled();
      4 |  const results=await page.evaluate(async()=>{const {SpineVisual}=await import('/src/view/spine.ts' as string),{SpineFX}=await import('/src/view/spine-fx.ts' as string),rows=[];for(const name of ['Rina_F_Summer','Charlotte']){const actor=await SpineVisual.load(name);for(const action of ['idle','move','attack','skill','dead']){actor.update(.1,action,-1,true);const pixels=actor.canvas.getContext('2d').getImageData(0,0,512,512).data;rows.push({name,action,ok:pixels.some((n:number,i:number)=>i%4===3&&n>50)});}actor.dispose();for(const action of ['attack','skill']){const fx=await SpineFX.load(name,action);if(!fx){rows.push({name,action:'fx-'+action,ok:false});continue;}fx.update(.12,1);const pixels=fx.canvas.getContext('2d').getImageData(0,0,384,384).data;rows.push({name,action:'fx-'+action,ok:pixels.some((n:number,i:number)=>i%4===3&&n>50)});fx.dispose();}}return rows;});
    > 5 |  expect(results.every(r=>r.ok)).toBe(true);expect(results).toHaveLength(14);
        |                                 ^
      6 | });
      7 | test('normal preparation UI configures all six trees and Fiorre three professions',async({page})=>{
      8 |  await page.goto('/');await page.locator('[data-action="build"]').first().click();await page.evaluate(()=>(window as any).prototype.state.fragments=1000);
        at E:\WORLDCREATOR\XingHaiHuiLang\Origin\game\tests\rework.spec.ts:5:33

    Error Context: work\browser-results\rework-new-source-skeleton-2b59e-for-every-registered-action\error-context.md

  2) game\tests\rework.spec.ts:7:1 › normal preparation UI configures all six trees and Fiorre three professions 

    Test timeout of 30000ms exceeded.

    Error: locator.click: Test timeout of 30000ms exceeded.
    Call log:
      - waiting for locator('[data-buy-branch="B"]')
        - locator resolved to <button data-level="0" data-buy-branch="B">购买 Lv1 · 12碎片</button>
      - attempting click action
        - waiting for element to be visible, enabled and stable


       7 | test('normal preparation UI configures all six trees and Fiorre three professions',async({page})=>{
       8 |  await page.goto('/');await page.locator('[data-action="build"]').first().click();await page.evaluate(()=>(window as any).prototype.state.fragments=1000);
    >  9 |  for(const [unit,index,ids] of [['ines',0,['pain','sanctuary']],['ranger',0,['snipe','rain']],['fiorre',4,['dance','reap']]] as const){await page.locator(`[data-build-unit="${unit}"]`).click();if(index===4)await expect(page.locator('[data-weapon-index="4"]')).toHaveClass(/chosen/);for(const id of ids){const button=page.locator(`[data-config-skill="${id}"]`);if(!(await button.isDisabled()))await button.click();for(let i=0;i<2;i++)await page.locator('[data-buy-stage]').click();for(const b of ['A','B'])for(let i=0;i<2;i++)await page.locator(`[data-buy-branch="${b}"]`).click();await expect(page.locator('[data-buy-branch="C"]')).toBeDisabled();await expect(page.locator('#build-panel')).toContainText('2 / 2');}}
         |                                                                                                                                                                                                                                                                                                                                                                                                                                                                                                                                                                                             ^
      10 |  await page.locator('[data-weapon-index="0"]').click();await expect(page.locator('#build-panel')).toContainText('生命祷告');await page.locator('[data-weapon-index="2"]').click();await expect(page.locator('#build-panel')).toContainText('霜镜钟声');await page.locator('[data-weapon-index="4"]').click();await expect(page.locator('[data-config-skill="reap"]')).toHaveClass(/chosen/);
      11 |  await page.screenshot({path:'../记录/验证/T-007/build-ui.png'});
      12 | });
        at E:\WORLDCREATOR\XingHaiHuiLang\Origin\game\tests\rework.spec.ts:9:573

    Error Context: work\browser-results\rework-normal-preparation--46895-nd-Fiorre-three-professions\error-context.md

  2 failed
    game\tests\rework.spec.ts:2:1 › new source skeletons and native effects render real pixels for every registered action 
    game\tests\rework.spec.ts:7:1 › normal preparation UI configures all six trees and Fiorre three professions 
  9 passed (1.7m)
