
Running 5 tests using 1 worker

(node:35556) Warning: The 'NO_COLOR' env is ignored due to the 'FORCE_COLOR' env being set.
(Use `node --trace-warnings ...` to show where the warning was created)
(node:35556) Warning: The 'NO_COLOR' env is ignored due to the 'FORCE_COLOR' env being set.
(Use `node --trace-warnings ...` to show where the warning was created)
  ok 1 game\tests\rework.spec.ts:2:1 › new source skeletons and native effects render real pixels for every registered action (4.3s)
  x  2 game\tests\rework.spec.ts:7:134 › normal preparation UI configures ines two complete trees (19.6s)
(node:45544) Warning: The 'NO_COLOR' env is ignored due to the 'FORCE_COLOR' env being set.
(Use `node --trace-warnings ...` to show where the warning was created)
(node:45544) Warning: The 'NO_COLOR' env is ignored due to the 'FORCE_COLOR' env being set.
(Use `node --trace-warnings ...` to show where the warning was created)
  x  3 game\tests\rework.spec.ts:7:134 › normal preparation UI configures ranger two complete trees (17.8s)
(node:45888) Warning: The 'NO_COLOR' env is ignored due to the 'FORCE_COLOR' env being set.
(Use `node --trace-warnings ...` to show where the warning was created)
(node:45888) Warning: The 'NO_COLOR' env is ignored due to the 'FORCE_COLOR' env being set.
(Use `node --trace-warnings ...` to show where the warning was created)
  x  4 game\tests\rework.spec.ts:7:134 › normal preparation UI configures fiorre two complete trees (20.7s)
(node:3940) Warning: The 'NO_COLOR' env is ignored due to the 'FORCE_COLOR' env being set.
(Use `node --trace-warnings ...` to show where the warning was created)
(node:3940) Warning: The 'NO_COLOR' env is ignored due to the 'FORCE_COLOR' env being set.
(Use `node --trace-warnings ...` to show where the warning was created)
  ok 5 game\tests\rework.spec.ts:13:1 › new prepared actors immediately use source models and real sliding uses movement animation (3.0s)


  1) game\tests\rework.spec.ts:7:134 › normal preparation UI configures ines two complete trees ────

    Error: ENOENT: no such file or directory, open 'E:\WORLDCREATOR\XingHaiHuiLang\记录\验证\T-007\build-ines.png'

       9 |  await page.locator(`[data-build-unit="${unit}"]`).click();if(index===4)await expect(page.locator('[data-weapon-index="4"]')).toHaveClass(/chosen/);for(const id of ids){const button=page.locator(`[data-config-skill="${id}"]`);if(!(await button.isDisabled()))await button.click();for(let i=0;i<2;i++)await page.locator('[data-buy-stage]').click();for(const b of ['A','B'])for(let i=0;i<2;i++)await page.locator(`[data-buy-branch="${b}"]`).click();await expect(page.locator('[data-buy-branch="C"]')).toBeDisabled();await expect(page.locator('#build-panel')).toContainText('2 / 2');}
      10 |  if(unit==='fiorre'){await page.locator('[data-weapon-index="0"]').click();await expect(page.locator('#build-panel')).toContainText('生命祷告');await page.locator('[data-weapon-index="2"]').click();await expect(page.locator('#build-panel')).toContainText('霜镜钟声');await page.locator('[data-weapon-index="4"]').click();await expect(page.locator('[data-config-skill="reap"]')).toHaveClass(/chosen/);}
    > 11 |  await page.screenshot({path:`../记录/验证/T-007/build-${unit}.png`});
         |  ^
      12 | });
      13 | test('new prepared actors immediately use source models and real sliding uses movement animation',async({page})=>{
      14 |  await page.goto('/');await expect(page.getByRole('button',{name:'进入战斗',exact:true})).toBeEnabled();
        at E:\WORLDCREATOR\XingHaiHuiLang\Origin\game\tests\rework.spec.ts:11:2

    Error Context: work\browser-results\rework-normal-preparation--7c3fc-res-ines-two-complete-trees\error-context.md

  2) game\tests\rework.spec.ts:7:134 › normal preparation UI configures ranger two complete trees ──

    Error: ENOENT: no such file or directory, open 'E:\WORLDCREATOR\XingHaiHuiLang\记录\验证\T-007\build-ranger.png'

       9 |  await page.locator(`[data-build-unit="${unit}"]`).click();if(index===4)await expect(page.locator('[data-weapon-index="4"]')).toHaveClass(/chosen/);for(const id of ids){const button=page.locator(`[data-config-skill="${id}"]`);if(!(await button.isDisabled()))await button.click();for(let i=0;i<2;i++)await page.locator('[data-buy-stage]').click();for(const b of ['A','B'])for(let i=0;i<2;i++)await page.locator(`[data-buy-branch="${b}"]`).click();await expect(page.locator('[data-buy-branch="C"]')).toBeDisabled();await expect(page.locator('#build-panel')).toContainText('2 / 2');}
      10 |  if(unit==='fiorre'){await page.locator('[data-weapon-index="0"]').click();await expect(page.locator('#build-panel')).toContainText('生命祷告');await page.locator('[data-weapon-index="2"]').click();await expect(page.locator('#build-panel')).toContainText('霜镜钟声');await page.locator('[data-weapon-index="4"]').click();await expect(page.locator('[data-config-skill="reap"]')).toHaveClass(/chosen/);}
    > 11 |  await page.screenshot({path:`../记录/验证/T-007/build-${unit}.png`});
         |  ^
      12 | });
      13 | test('new prepared actors immediately use source models and real sliding uses movement animation',async({page})=>{
      14 |  await page.goto('/');await expect(page.getByRole('button',{name:'进入战斗',exact:true})).toBeEnabled();
        at E:\WORLDCREATOR\XingHaiHuiLang\Origin\game\tests\rework.spec.ts:11:2

    Error Context: work\browser-results\rework-normal-preparation--218a4-s-ranger-two-complete-trees\error-context.md

  3) game\tests\rework.spec.ts:7:134 › normal preparation UI configures fiorre two complete trees ──

    Error: ENOENT: no such file or directory, open 'E:\WORLDCREATOR\XingHaiHuiLang\记录\验证\T-007\build-fiorre.png'

       9 |  await page.locator(`[data-build-unit="${unit}"]`).click();if(index===4)await expect(page.locator('[data-weapon-index="4"]')).toHaveClass(/chosen/);for(const id of ids){const button=page.locator(`[data-config-skill="${id}"]`);if(!(await button.isDisabled()))await button.click();for(let i=0;i<2;i++)await page.locator('[data-buy-stage]').click();for(const b of ['A','B'])for(let i=0;i<2;i++)await page.locator(`[data-buy-branch="${b}"]`).click();await expect(page.locator('[data-buy-branch="C"]')).toBeDisabled();await expect(page.locator('#build-panel')).toContainText('2 / 2');}
      10 |  if(unit==='fiorre'){await page.locator('[data-weapon-index="0"]').click();await expect(page.locator('#build-panel')).toContainText('生命祷告');await page.locator('[data-weapon-index="2"]').click();await expect(page.locator('#build-panel')).toContainText('霜镜钟声');await page.locator('[data-weapon-index="4"]').click();await expect(page.locator('[data-config-skill="reap"]')).toHaveClass(/chosen/);}
    > 11 |  await page.screenshot({path:`../记录/验证/T-007/build-${unit}.png`});
         |  ^
      12 | });
      13 | test('new prepared actors immediately use source models and real sliding uses movement animation',async({page})=>{
      14 |  await page.goto('/');await expect(page.getByRole('button',{name:'进入战斗',exact:true})).toBeEnabled();
        at E:\WORLDCREATOR\XingHaiHuiLang\Origin\game\tests\rework.spec.ts:11:2

    Error Context: work\browser-results\rework-normal-preparation--baeb7-s-fiorre-two-complete-trees\error-context.md

  3 failed
    game\tests\rework.spec.ts:7:134 › normal preparation UI configures ines two complete trees ─────
    game\tests\rework.spec.ts:7:134 › normal preparation UI configures ranger two complete trees ───
    game\tests\rework.spec.ts:7:134 › normal preparation UI configures fiorre two complete trees ───
  2 passed (1.2m)
