
> shadow-court-prototype@0.1.0 test
> vitest run tests/rework-boundaries.test.ts


 RUN  v4.1.11 E:/WORLDCREATOR/XingHaiHuiLang/Origin/game

 ❯ tests/rework-boundaries.test.ts (14 tests | 3 failed) 200ms
     × copies born while the parent is settling inherit no movement/action reference 4ms
     × already launched clone healing echoes finish their approved lifetime after clone destruction 8ms
     × a full slide can be recalled from an overlapping point and no finite action survives recall 4ms

⎯⎯⎯⎯⎯⎯⎯ Failed Tests 3 ⎯⎯⎯⎯⎯⎯⎯

 FAIL  tests/rework-boundaries.test.ts > field, mode and action lifetimes > copies born while the parent is settling inherit no movement/action reference
AssertionError: expected { origin: { x: 5, y: 5 }, …(1) } to be undefined

- Expected:
undefined

+ Received:
{
  "after": {
    "x": 8,
    "y": 5,
  },
  "origin": {
    "x": 5,
    "y": 5,
  },
}

 ❯ tests/rework-boundaries.test.ts:37:295


⎯⎯⎯⎯⎯⎯⎯⎯⎯⎯⎯⎯⎯⎯⎯⎯⎯⎯⎯⎯⎯⎯⎯⎯[1/3]⎯

 FAIL  tests/rework-boundaries.test.ts > field, mode and action lifetimes > already launched clone healing echoes finish their approved lifetime after clone destruction
AssertionError: expected 90 to be 118 // Object.is equality

- Expected
+ Received

- 118
+ 90

 ❯ tests/rework-boundaries.test.ts:38:461


⎯⎯⎯⎯⎯⎯⎯⎯⎯⎯⎯⎯⎯⎯⎯⎯⎯⎯⎯⎯⎯⎯⎯⎯[2/3]⎯

 FAIL  tests/rework-boundaries.test.ts > field, mode and action lifetimes > a full slide can be recalled from an overlapping point and no finite action survives recall
AssertionError: expected false to be true // Object.is equality

- Expected
+ Received

- true
+ false

 ❯ tests/rework-boundaries.test.ts:39:415


⎯⎯⎯⎯⎯⎯⎯⎯⎯⎯⎯⎯⎯⎯⎯⎯⎯⎯⎯⎯⎯⎯⎯⎯[3/3]⎯


 Test Files  1 failed (1)
      Tests  3 failed | 11 passed (14)
   Start at  22:07:47
   Duration  460ms (transform 128ms, setup 0ms, import 154ms, tests 200ms, environment 0ms)

