
Running 8 tests using 1 worker

(node:92972) Warning: The 'NO_COLOR' env is ignored due to the 'FORCE_COLOR' env being set.
(Use `node --trace-warnings ...` to show where the warning was created)
(node:92972) Warning: The 'NO_COLOR' env is ignored due to the 'FORCE_COLOR' env being set.
(Use `node --trace-warnings ...` to show where the warning was created)
  ok 1 tests\t029.spec.ts:15:1 › Shift depleted still promotes; Escape clears focus, higher modal keeps it (7.1s)
  ok 2 tests\t033.spec.ts:12:1 › C/D real second click authorizes A2 and a short pre-input consumes once (16.1s)
  x  3 tests\t033.spec.ts:13:1 › A/B/E one real click grants one stage, hold/drag/UI never repeat it (16.4s)
(node:5024) Warning: The 'NO_COLOR' env is ignored due to the 'FORCE_COLOR' env being set.
(Use `node --trace-warnings ...` to show where the warning was created)
(node:5024) Warning: The 'NO_COLOR' env is ignored due to the 'FORCE_COLOR' env being set.
(Use `node --trace-warnings ...` to show where the warning was created)
  x  4 tests\t033.spec.ts:14:1 › G Command world LMB promotes and commits one whiff in same input (6.8s)
(node:37260) Warning: The 'NO_COLOR' env is ignored due to the 'FORCE_COLOR' env being set.
(Use `node --trace-warnings ...` to show where the warning was created)
(node:37260) Warning: The 'NO_COLOR' env is ignored due to the 'FORCE_COLOR' env being set.
(Use `node --trace-warnings ...` to show where the warning was created)
  ok 5 tests\t033.spec.ts:15:1 › H PathAim click only confirms Order, N pause and blur clear buffered input (6.1s)
  ok 6 tests\t033.spec.ts:16:1 › D01/D03/D05/D12 real C/F preserves Aim through defense walk and slow expiry; C stops owner (8.6s)
  ok 7 tests\t033.spec.ts:17:1 › D02 real reverse takeover/C allows actual Al Evade with one charge (10.9s)
  ok 8 tests\t033.spec.ts:18:1 › D11/D16 real Order survives defense; stationary mouse confirmation uses same previewed world point (9.4s)


  1) tests\t033.spec.ts:13:1 › A/B/E one real click grants one stage, hold/drag/UI never repeat it ─

    Error: locator.scrollIntoViewIfNeeded: Element is not attached to the DOM
    Call log:
      - attempting scroll into view action
        - waiting for element to be stable


      11 | async function danger(page:Page,id='hunter',late=false){await page.evaluate(async({id,late})=>{const p=(window as any).prototype,s=p.state,{createGame,command}=await import('/src/core/engine.ts' as string),{startIntent}=await import('/src/core/attack-intent.ts' as string);const f=createGame();command(f,{type:'selectJourney',journey:'exploration'});command(f,{type:'selectExplorationCompanion',id:'ranger'});command(f,{type:'carry',gold:0,vitality:0});const u=s.units.find((u:any)=>u.id===id),e=structuredClone(f.units.find((u:any)=>u.role==='heavy'));Object.assign(e,{id:'defense-threat',pos:{x:u.pos.x-1,y:u.pos.y},drawPos:{x:u.pos.x-1,y:u.pos.y},ready:0,speed:0,hp:10000,maxHp:10000,attackTimer:100,enemyMotion:'engaged',pursuitTargetId:id,encounterRoom:1});e.enemyCombat.abilityReadyAt=100;e.enemySense.home={...e.pos};s.units.push(e);s.exploration.definition.encounters=[{room:1,name:'defense fixture',tier:'strong',enemyIds:[e.id],center:{...u.pos},tacticalRadius:6.5}];startIntent(s,e,u,'heavy-ground-slam');if(late){e.attackIntent.phase='locked';e.attackIntent.resolveAt=s.time+.12;u.commandDefense={action:'hold',reason:'fixture-observed',nextDecision:0,hazards:{[e.id+':'+e.attackIntent.startedAt]:s.time-.3}};}}, {id,late});}
      12 | test('C/D real second click authorizes A2 and a short pre-input consumes once',async({page})=>{await begin(page);await danger(page);await page.evaluate(()=>{const s=(window as any).prototype.state,e=s.units.find((u:any)=>u.id==='defense-threat');e.attackIntent=undefined;e.statuses=[{kind:'stun',power:0,remaining:100}];e.defense=undefined;});await page.waitForTimeout(100);const q=await page.evaluate(()=>{const p=(window as any).prototype,u=p.state.units.find((u:any)=>u.id==='defense-threat');return p.project(u.pos);});await page.keyboard.press('Space');await page.mouse.click(q.x,q.y);await expect.poll(async()=>(await snap(page)).units[0].chain?.targetId).toBe('defense-threat');await expect.poll(()=>page.evaluate(()=>{const s=(window as any).prototype.state;return s.time>=s.units[0].basicChain.nextStageAllowedAt-.09;}),{intervals:[10],timeout:5000}).toBe(true);const second=await page.evaluate(()=>{const p=(window as any).prototype;return p.project(p.state.units.find((u:any)=>u.id==='defense-threat').pos);});await page.mouse.click(second.x,second.y);await expect.poll(async()=>(await snap(page)).units[0].chain.stageIndex).toBe(1);await page.waitForTimeout(1500);expect((await snap(page)).stages).toBe(2);expect((await snap(page)).released).toBe(2);});
    > 13 | test('A/B/E one real click grants one stage, hold/drag/UI never repeat it',async({page})=>{await begin(page);const t=await ground(page);await page.keyboard.press('Space');await page.mouse.click(t.q.x,t.q.y);await expect.poll(async()=>(await snap(page)).stages).toBe(1);await page.waitForTimeout(1600);expect((await snap(page)).stages).toBe(1);await page.mouse.move(t.q.x,t.q.y);await page.mouse.down();await page.waitForTimeout(500);expect((await snap(page)).stages).toBe(1);await page.mouse.move(t.q.x+35,t.q.y+20);await page.mouse.up();expect((await snap(page)).stages).toBe(1);await page.locator('[data-action="debug"]').click();expect((await snap(page)).stages).toBe(1);await page.getByText('普攻与防御权限',{exact:true}).scrollIntoViewIfNeeded();await expect(page.locator('#debug-readings')).toContainText('Auto Basic denied');mkdirSync('../记录/验证/T-033',{recursive:true});await page.screenshot({path:'../记录/验证/T-033/普攻与防御调试.png'});});
         |                                                                                                                                                                                                                                                                                                                                                                                                                                                                                                                                                                                                                                                                                                                                                ^
      14 | test('G Command world LMB promotes and commits one whiff in same input',async({page})=>{await begin(page);await page.keyboard.press('c');const t=await ground(page);await page.keyboard.press('Space');await page.mouse.click(t.q.x,t.q.y);expect(await snap(page)).toMatchObject({direct:'ranger',focus:null,stages:1});});
      15 | test('H PathAim click only confirms Order, N pause and blur clear buffered input',async({page})=>{await begin(page);const t=await ground(page);await page.keyboard.press('f');await page.mouse.click(t.q.x,t.q.y);expect((await snap(page)).orders.hunter).toBeDefined();expect((await snap(page)).stages).toBe(0);await page.keyboard.press('Space');const attack=await ground(page);await page.mouse.click(attack.q.x,attack.q.y);await expect.poll(async()=>(await snap(page)).stages).toBe(1);await page.evaluate(()=>{const h=(window as any).prototype.state.units[0];h.basicChain.buffer={id:999,aim:{x:16,y:10},source:'player-input',expiresAt:999};});await page.keyboard.press('Space');expect((await snap(page)).units[0].chain.buffer).toBeUndefined();await page.evaluate(()=>{const h=(window as any).prototype.state.units[0];h.basicChain.buffer={id:999,aim:{x:16,y:10},source:'player-input',expiresAt:999};window.dispatchEvent(new Event('blur'));});expect((await snap(page)).units[0].chain.buffer).toBeUndefined();});
      16 | test('D01/D03/D05/D12 real C/F preserves Aim through defense walk and slow expiry; C stops owner',async({page})=>{await begin(page);await page.keyboard.press('c');await page.keyboard.press('f');const t=await ground(page);await page.mouse.move(t.q.x,t.q.y);await danger(page);await page.keyboard.press('Space');await expect.poll(()=>page.evaluate(()=>(window as any).prototype.state.stats.commandDefenseWalks||0),{timeout:8000}).toBeGreaterThan(0);expect(await snap(page)).toMatchObject({direct:'hunter',focus:'ranger',aim:{actorId:'ranger'},stages:0});await expect.poll(async()=>(await snap(page)).slow,{timeout:5000}).toBe(false);expect((await snap(page)).focus).toBe('ranger');await page.mouse.click(t.q.x,t.q.y,{button:'right'});await page.keyboard.press('c');expect((await snap(page)).focus).toBeNull();expect((await snap(page)).units[0].defense).toBeUndefined();});
        at E:\WORLDCREATOR\XingHaiHuiLang\Origin\game\tests\t033.spec.ts:13:720

    Error Context: ..\work\browser-results\t033-A-B-E-one-real-click--07d7a-old-drag-UI-never-repeat-it\error-context.md

  2) tests\t033.spec.ts:14:1 › G Command world LMB promotes and commits one whiff in same input ────

    Error: expect(received).toMatchObject(expected)

    - Expected  - 3
    + Received  + 3

      Object {
    -   "direct": "ranger",
    -   "focus": null,
    -   "stages": 1,
    +   "direct": "hunter",
    +   "focus": "ranger",
    +   "stages": 0,
      }

      12 | test('C/D real second click authorizes A2 and a short pre-input consumes once',async({page})=>{await begin(page);await danger(page);await page.evaluate(()=>{const s=(window as any).prototype.state,e=s.units.find((u:any)=>u.id==='defense-threat');e.attackIntent=undefined;e.statuses=[{kind:'stun',power:0,remaining:100}];e.defense=undefined;});await page.waitForTimeout(100);const q=await page.evaluate(()=>{const p=(window as any).prototype,u=p.state.units.find((u:any)=>u.id==='defense-threat');return p.project(u.pos);});await page.keyboard.press('Space');await page.mouse.click(q.x,q.y);await expect.poll(async()=>(await snap(page)).units[0].chain?.targetId).toBe('defense-threat');await expect.poll(()=>page.evaluate(()=>{const s=(window as any).prototype.state;return s.time>=s.units[0].basicChain.nextStageAllowedAt-.09;}),{intervals:[10],timeout:5000}).toBe(true);const second=await page.evaluate(()=>{const p=(window as any).prototype;return p.project(p.state.units.find((u:any)=>u.id==='defense-threat').pos);});await page.mouse.click(second.x,second.y);await expect.poll(async()=>(await snap(page)).units[0].chain.stageIndex).toBe(1);await page.waitForTimeout(1500);expect((await snap(page)).stages).toBe(2);expect((await snap(page)).released).toBe(2);});
      13 | test('A/B/E one real click grants one stage, hold/drag/UI never repeat it',async({page})=>{await begin(page);const t=await ground(page);await page.keyboard.press('Space');await page.mouse.click(t.q.x,t.q.y);await expect.poll(async()=>(await snap(page)).stages).toBe(1);await page.waitForTimeout(1600);expect((await snap(page)).stages).toBe(1);await page.mouse.move(t.q.x,t.q.y);await page.mouse.down();await page.waitForTimeout(500);expect((await snap(page)).stages).toBe(1);await page.mouse.move(t.q.x+35,t.q.y+20);await page.mouse.up();expect((await snap(page)).stages).toBe(1);await page.locator('[data-action="debug"]').click();expect((await snap(page)).stages).toBe(1);await page.getByText('普攻与防御权限',{exact:true}).scrollIntoViewIfNeeded();await expect(page.locator('#debug-readings')).toContainText('Auto Basic denied');mkdirSync('../记录/验证/T-033',{recursive:true});await page.screenshot({path:'../记录/验证/T-033/普攻与防御调试.png'});});
    > 14 | test('G Command world LMB promotes and commits one whiff in same input',async({page})=>{await begin(page);await page.keyboard.press('c');const t=await ground(page);await page.keyboard.press('Space');await page.mouse.click(t.q.x,t.q.y);expect(await snap(page)).toMatchObject({direct:'ranger',focus:null,stages:1});});
         |                                                                                                                                                                                                                                                                     ^
      15 | test('H PathAim click only confirms Order, N pause and blur clear buffered input',async({page})=>{await begin(page);const t=await ground(page);await page.keyboard.press('f');await page.mouse.click(t.q.x,t.q.y);expect((await snap(page)).orders.hunter).toBeDefined();expect((await snap(page)).stages).toBe(0);await page.keyboard.press('Space');const attack=await ground(page);await page.mouse.click(attack.q.x,attack.q.y);await expect.poll(async()=>(await snap(page)).stages).toBe(1);await page.evaluate(()=>{const h=(window as any).prototype.state.units[0];h.basicChain.buffer={id:999,aim:{x:16,y:10},source:'player-input',expiresAt:999};});await page.keyboard.press('Space');expect((await snap(page)).units[0].chain.buffer).toBeUndefined();await page.evaluate(()=>{const h=(window as any).prototype.state.units[0];h.basicChain.buffer={id:999,aim:{x:16,y:10},source:'player-input',expiresAt:999};window.dispatchEvent(new Event('blur'));});expect((await snap(page)).units[0].chain.buffer).toBeUndefined();});
      16 | test('D01/D03/D05/D12 real C/F preserves Aim through defense walk and slow expiry; C stops owner',async({page})=>{await begin(page);await page.keyboard.press('c');await page.keyboard.press('f');const t=await ground(page);await page.mouse.move(t.q.x,t.q.y);await danger(page);await page.keyboard.press('Space');await expect.poll(()=>page.evaluate(()=>(window as any).prototype.state.stats.commandDefenseWalks||0),{timeout:8000}).toBeGreaterThan(0);expect(await snap(page)).toMatchObject({direct:'hunter',focus:'ranger',aim:{actorId:'ranger'},stages:0});await expect.poll(async()=>(await snap(page)).slow,{timeout:5000}).toBe(false);expect((await snap(page)).focus).toBe('ranger');await page.mouse.click(t.q.x,t.q.y,{button:'right'});await page.keyboard.press('c');expect((await snap(page)).focus).toBeNull();expect((await snap(page)).units[0].defense).toBeUndefined();});
      17 | test('D02 real reverse takeover/C allows actual Al Evade with one charge',async({page})=>{await begin(page);await page.keyboard.press('c');const t=await ground(page);await page.keyboard.press('Space');await page.keyboard.down('w');await expect.poll(async()=>(await snap(page)).direct).toBe('ranger');await page.keyboard.up('w');await page.keyboard.press('Space');await page.keyboard.press('c');await danger(page,'ranger',true);const before=(await snap(page)).units.find((u:any)=>u.id==='ranger')!.evasion.charges;await page.keyboard.press('Space');await expect.poll(async()=>(await snap(page)).units.find((u:any)=>u.id==='ranger')!.evasion.charges,{timeout:8000}).toBe(before-1);expect((await snap(page)).direct).toBe('ranger');});
        at E:\WORLDCREATOR\XingHaiHuiLang\Origin\game\tests\t033.spec.ts:14:261

    Error Context: ..\work\browser-results\t033-G-Command-world-LMB-p-7464b-its-one-whiff-in-same-input\error-context.md

  2 failed
    tests\t033.spec.ts:13:1 › A/B/E one real click grants one stage, hold/drag/UI never repeat it ──
    tests\t033.spec.ts:14:1 › G Command world LMB promotes and commits one whiff in same input ─────
  6 passed (1.4m)
