
Running 3 tests using 1 worker

(node:66228) Warning: The 'NO_COLOR' env is ignored due to the 'FORCE_COLOR' env being set.
(Use `node --trace-warnings ...` to show where the warning was created)
(node:66228) Warning: The 'NO_COLOR' env is ignored due to the 'FORCE_COLOR' env being set.
(Use `node --trace-warnings ...` to show where the warning was created)
PROBE-before {
  q: { x: 992.4997534132324, y: 420.88792169350245 },
  hit: {
    tile: { x: 14.777776269020109, y: 9.58863029996916 },
    unitId: null
  },
  floor: {
    tile: { x: 14.772223453317523, y: 9.576083477508874 },
    unitId: 'hunter'
  },
  round: {
    tile: { x: 14.772223453317523, y: 9.590214028155515 },
    unitId: null
  },
  paused: '继续'
}
PROBE-after [
  {
    type: 'pointerdown',
    x: 992.499755859375,
    y: 420.8879089355469,
    target: 'CANVAS',
    hit: { tile: [Object], unitId: null },
    direct: 'ranger',
    wheel: undefined
  },
  {
    type: 'pointerup',
    x: 992.499755859375,
    y: 420.8879089355469,
    target: 'DIV',
    hit: { tile: [Object], unitId: null },
    direct: 'ranger',
    wheel: undefined
  }
]
  x  1 tests\t036-debug.spec.ts:17:1 › B avatars and world bodies switch once, same actor preserves Aim and never attacks (10.0s)
(node:52396) Warning: The 'NO_COLOR' env is ignored due to the 'FORCE_COLOR' env being set.
(Use `node --trace-warnings ...` to show where the warning was created)
(node:52396) Warning: The 'NO_COLOR' env is ignored due to the 'FORCE_COLOR' env being set.
(Use `node --trace-warnings ...` to show where the warning was created)
PROBE-before {
  q: { x: 992.49969697405, y: 420.88792530901037 },
  hit: {
    tile: { x: 14.777775923693184, y: 9.588630328102461 },
    unitId: null
  },
  floor: {
    tile: { x: 14.772223735092624, y: 9.576083454553057 },
    unitId: 'hunter'
  },
  round: {
    tile: { x: 14.772223735092624, y: 9.590214005199698 },
    unitId: 'hunter'
  },
  paused: '继续'
}
PROBE-after [
  {
    type: 'pointerdown',
    x: 992.4996948242188,
    y: 420.887939453125,
    target: 'CANVAS',
    hit: { tile: [Object], unitId: null },
    direct: 'ranger',
    wheel: undefined
  },
  {
    type: 'pointerup',
    x: 992.4996948242188,
    y: 420.887939453125,
    target: 'DIV',
    hit: { tile: [Object], unitId: null },
    direct: 'ranger',
    wheel: undefined
  }
]
  x  2 tests\t036-debug.spec.ts:17:1 › B avatars and world bodies switch once, same actor preserves Aim and never attacks (9.2s)
(node:127660) Warning: The 'NO_COLOR' env is ignored due to the 'FORCE_COLOR' env being set.
(Use `node --trace-warnings ...` to show where the warning was created)
(node:127660) Warning: The 'NO_COLOR' env is ignored due to the 'FORCE_COLOR' env being set.
(Use `node --trace-warnings ...` to show where the warning was created)
PROBE-before {
  q: { x: 992.4997659418358, y: 420.8879239631103 },
  hit: {
    tile: { x: 14.777775702192933, y: 9.588630327267637 },
    unitId: null
  },
  floor: {
    tile: { x: 14.77222274728365, y: 9.576083472736542 },
    unitId: 'hunter'
  },
  round: {
    tile: { x: 14.77222274728365, y: 9.590214023383183 },
    unitId: null
  },
  paused: '继续'
}
PROBE-after [
  {
    type: 'pointerdown',
    x: 992.499755859375,
    y: 420.8879089355469,
    target: 'CANVAS',
    hit: { tile: [Object], unitId: null },
    direct: 'ranger',
    wheel: undefined
  },
  {
    type: 'pointerup',
    x: 992.499755859375,
    y: 420.8879089355469,
    target: 'DIV',
    hit: { tile: [Object], unitId: null },
    direct: 'ranger',
    wheel: undefined
  }
]
  x  3 tests\t036-debug.spec.ts:17:1 › B avatars and world bodies switch once, same actor preserves Aim and never attacks (9.9s)


  1) tests\t036-debug.spec.ts:17:1 › B avatars and world bodies switch once, same actor preserves Aim and never attacks 

    Error: expect(received).toBe(expected) // Object.is equality

    Expected: "hunter"
    Received: "ranger"

      15 | async function worldBody(page:Page,id:string){await page.waitForTimeout(250);return page.evaluate(id=>{const p=(window as any).prototype,u=p.state.units.find((u:any)=>u.id===id),q=p.project(u.drawPos||u.pos);for(let dy=-80;dy<=10;dy+=4)for(let dx=-28;dx<=28;dx+=4){const hit={x:q.x+dx,y:q.y+dy};if([[-6,0],[6,0],[0,-6],[0,6]].every(([x,y])=>p.scene.pick(hit.x+x,hit.y+y).unitId===id&&document.elementFromPoint(hit.x+x,hit.y+y)?.closest('#scene')))return hit;}throw Error('body not pickable');},id);}
      16 | async function order(page:Page){await page.keyboard.press('f');const t=await ground(page);await page.mouse.move(t.q.x,t.q.y);await page.waitForTimeout(80);await page.mouse.click(t.q.x,t.q.y);await expect.poll(async()=>Object.keys((await snapshot(page)).orders).length).toBeGreaterThan(0);return (await snapshot(page)).orders[(await snapshot(page)).direct];}
    > 17 | test('B avatars and world bodies switch once, same actor preserves Aim and never attacks',async({page})=>{await begin(page);await page.locator('[data-unit="ranger"]').click();expect((await snapshot(page)).direct).toBe('ranger');await page.keyboard.press('f');const aim=(await snapshot(page)).aim;await page.locator('[data-unit="ranger"]').click();expect((await snapshot(page)).aim).toEqual(aim);await page.keyboard.press('Escape');await page.waitForTimeout(1200);const q=await worldBody(page,'hunter');console.log('PROBE-before',await page.evaluate(q=>{const p=(window as any).prototype;const rows:any[]=[];(window as any).probeRows=rows;for(const type of ['pointerdown','pointerup'])window.addEventListener(type,e=>{const x=(e as PointerEvent).clientX,y=(e as PointerEvent).clientY;rows.push({type,x,y,target:(e.target as HTMLElement).tagName,hit:p.scene.pick(x,y),direct:p.state.controlledBodyId,wheel:p.wheel});},true);return {q,hit:p.scene.pick(q.x,q.y),floor:p.scene.pick(Math.floor(q.x),Math.floor(q.y)),round:p.scene.pick(Math.round(q.x),Math.round(q.y)),paused:document.querySelector('[data-action="pause"]')?.textContent};},q));await page.mouse.click(q.x,q.y);console.log('PROBE-after',await page.evaluate(()=>(window as any).probeRows));expect((await snapshot(page)).direct).toBe('hunter');expect((await snapshot(page)).stats.basicStagesStarted||0).toBe(0);await expect(page.locator('#command-skills')).toHaveCount(0);await expect(page.locator('#path-aim-button')).toHaveCount(0);await expect(page.locator('#control-status')).toContainText('猎人');});
         |                                                                                                                                                                                                                                                                                                                                                                                                                                                                                                                                                                                                                                                                                                                                                                                                                                                                                                                                                                                                                                                                                                                                                                                                                                                                                                                                      ^
      18 | test('C real skill keys and mobility use current actor resources only',async({page})=>{await begin(page,'ines');await page.evaluate(async()=>{const s=(window as any).prototype.state,{skillState}=await import('/src/core/progression.ts' as string);const p=s.units.find((u:any)=>u.id==='ines');p.skillSlots=['pain','sanctuary',null];skillState(p,'pain').counter=3;skillState(p,'sanctuary').cd=0;});await page.keyboard.press('2');await page.keyboard.press('Space');await page.keyboard.press('e');expect((await snapshot(page)).units[1].skills.pain.counter).toBe(0);await page.keyboard.press('r');await expect.poll(async()=>(await snapshot(page)).stats.skills).toBe(2);await page.keyboard.press('1');expect((await snapshot(page)).units[1].skills.sanctuary.run).toBeDefined();await page.keyboard.press('2');await page.keyboard.down('w');await page.waitForTimeout(100);await page.keyboard.up('w');expect((await snapshot(page)).units[1].skills.sanctuary.run).toBeUndefined();const t=await ground(page);await page.mouse.move(t.q.x,t.q.y);await page.keyboard.press('Shift');await expect.poll(async()=>(await snapshot(page)).stats.evadeUses).toBe(1);expect((await snapshot(page)).units[0].blink).toBe(10);await page.keyboard.press('1');await expect(page.locator('#mobility-name')).toContainText('瞬影');});
      19 | test('D F order survives switch and another actor Basic; only successful own W cancels',async({page})=>{await begin(page);await page.keyboard.press('2');const o=await order(page);await page.keyboard.press('1');expect((await snapshot(page)).orders.ranger.id).toBe(o.id);await page.keyboard.press('Space');const t=await ground(page);await page.mouse.click(t.q.x,t.q.y);await expect.poll(async()=>(await snapshot(page)).stats.basicStagesStarted).toBe(1);expect((await snapshot(page)).orders.ranger.id).toBe(o.id);await page.keyboard.press('2');expect((await snapshot(page)).orders.ranger.id).toBe(o.id);await page.keyboard.down('w');await expect.poll(async()=>!!(await snapshot(page)).orders.ranger).toBe(false);await page.keyboard.up('w');});
      20 | test('E switching cancels Aim and resumes old order; blocked held W never revives',async({page})=>{await begin(page);await page.keyboard.press('2');const o=await order(page);await page.keyboard.press('f');await page.keyboard.down('w');await page.keyboard.press('1');expect((await snapshot(page)).aim).toBeUndefined();expect((await snapshot(page)).orders.ranger.id).toBe(o.id);await page.keyboard.press('Space');await page.waitForTimeout(150);expect((await snapshot(page)).units[0].direct).toBeUndefined();await page.keyboard.up('w');await page.keyboard.down('w');await expect.poll(async()=>(await snapshot(page)).units[0].direct?.direction.y).toBe(-1);await page.keyboard.up('w');});
        at E:\WORLDCREATOR\XingHaiHuiLang\Origin\game\tests\t036-debug.spec.ts:17:1286

    Error Context: ..\work\browser-results\t036-debug-B-avatars-and-w-5300e-erves-Aim-and-never-attacks\error-context.md

  2) tests\t036-debug.spec.ts:17:1 › B avatars and world bodies switch once, same actor preserves Aim and never attacks 

    Error: expect(received).toBe(expected) // Object.is equality

    Expected: "hunter"
    Received: "ranger"

      15 | async function worldBody(page:Page,id:string){await page.waitForTimeout(250);return page.evaluate(id=>{const p=(window as any).prototype,u=p.state.units.find((u:any)=>u.id===id),q=p.project(u.drawPos||u.pos);for(let dy=-80;dy<=10;dy+=4)for(let dx=-28;dx<=28;dx+=4){const hit={x:q.x+dx,y:q.y+dy};if([[-6,0],[6,0],[0,-6],[0,6]].every(([x,y])=>p.scene.pick(hit.x+x,hit.y+y).unitId===id&&document.elementFromPoint(hit.x+x,hit.y+y)?.closest('#scene')))return hit;}throw Error('body not pickable');},id);}
      16 | async function order(page:Page){await page.keyboard.press('f');const t=await ground(page);await page.mouse.move(t.q.x,t.q.y);await page.waitForTimeout(80);await page.mouse.click(t.q.x,t.q.y);await expect.poll(async()=>Object.keys((await snapshot(page)).orders).length).toBeGreaterThan(0);return (await snapshot(page)).orders[(await snapshot(page)).direct];}
    > 17 | test('B avatars and world bodies switch once, same actor preserves Aim and never attacks',async({page})=>{await begin(page);await page.locator('[data-unit="ranger"]').click();expect((await snapshot(page)).direct).toBe('ranger');await page.keyboard.press('f');const aim=(await snapshot(page)).aim;await page.locator('[data-unit="ranger"]').click();expect((await snapshot(page)).aim).toEqual(aim);await page.keyboard.press('Escape');await page.waitForTimeout(1200);const q=await worldBody(page,'hunter');console.log('PROBE-before',await page.evaluate(q=>{const p=(window as any).prototype;const rows:any[]=[];(window as any).probeRows=rows;for(const type of ['pointerdown','pointerup'])window.addEventListener(type,e=>{const x=(e as PointerEvent).clientX,y=(e as PointerEvent).clientY;rows.push({type,x,y,target:(e.target as HTMLElement).tagName,hit:p.scene.pick(x,y),direct:p.state.controlledBodyId,wheel:p.wheel});},true);return {q,hit:p.scene.pick(q.x,q.y),floor:p.scene.pick(Math.floor(q.x),Math.floor(q.y)),round:p.scene.pick(Math.round(q.x),Math.round(q.y)),paused:document.querySelector('[data-action="pause"]')?.textContent};},q));await page.mouse.click(q.x,q.y);console.log('PROBE-after',await page.evaluate(()=>(window as any).probeRows));expect((await snapshot(page)).direct).toBe('hunter');expect((await snapshot(page)).stats.basicStagesStarted||0).toBe(0);await expect(page.locator('#command-skills')).toHaveCount(0);await expect(page.locator('#path-aim-button')).toHaveCount(0);await expect(page.locator('#control-status')).toContainText('猎人');});
         |                                                                                                                                                                                                                                                                                                                                                                                                                                                                                                                                                                                                                                                                                                                                                                                                                                                                                                                                                                                                                                                                                                                                                                                                                                                                                                                                      ^
      18 | test('C real skill keys and mobility use current actor resources only',async({page})=>{await begin(page,'ines');await page.evaluate(async()=>{const s=(window as any).prototype.state,{skillState}=await import('/src/core/progression.ts' as string);const p=s.units.find((u:any)=>u.id==='ines');p.skillSlots=['pain','sanctuary',null];skillState(p,'pain').counter=3;skillState(p,'sanctuary').cd=0;});await page.keyboard.press('2');await page.keyboard.press('Space');await page.keyboard.press('e');expect((await snapshot(page)).units[1].skills.pain.counter).toBe(0);await page.keyboard.press('r');await expect.poll(async()=>(await snapshot(page)).stats.skills).toBe(2);await page.keyboard.press('1');expect((await snapshot(page)).units[1].skills.sanctuary.run).toBeDefined();await page.keyboard.press('2');await page.keyboard.down('w');await page.waitForTimeout(100);await page.keyboard.up('w');expect((await snapshot(page)).units[1].skills.sanctuary.run).toBeUndefined();const t=await ground(page);await page.mouse.move(t.q.x,t.q.y);await page.keyboard.press('Shift');await expect.poll(async()=>(await snapshot(page)).stats.evadeUses).toBe(1);expect((await snapshot(page)).units[0].blink).toBe(10);await page.keyboard.press('1');await expect(page.locator('#mobility-name')).toContainText('瞬影');});
      19 | test('D F order survives switch and another actor Basic; only successful own W cancels',async({page})=>{await begin(page);await page.keyboard.press('2');const o=await order(page);await page.keyboard.press('1');expect((await snapshot(page)).orders.ranger.id).toBe(o.id);await page.keyboard.press('Space');const t=await ground(page);await page.mouse.click(t.q.x,t.q.y);await expect.poll(async()=>(await snapshot(page)).stats.basicStagesStarted).toBe(1);expect((await snapshot(page)).orders.ranger.id).toBe(o.id);await page.keyboard.press('2');expect((await snapshot(page)).orders.ranger.id).toBe(o.id);await page.keyboard.down('w');await expect.poll(async()=>!!(await snapshot(page)).orders.ranger).toBe(false);await page.keyboard.up('w');});
      20 | test('E switching cancels Aim and resumes old order; blocked held W never revives',async({page})=>{await begin(page);await page.keyboard.press('2');const o=await order(page);await page.keyboard.press('f');await page.keyboard.down('w');await page.keyboard.press('1');expect((await snapshot(page)).aim).toBeUndefined();expect((await snapshot(page)).orders.ranger.id).toBe(o.id);await page.keyboard.press('Space');await page.waitForTimeout(150);expect((await snapshot(page)).units[0].direct).toBeUndefined();await page.keyboard.up('w');await page.keyboard.down('w');await expect.poll(async()=>(await snapshot(page)).units[0].direct?.direction.y).toBe(-1);await page.keyboard.up('w');});
        at E:\WORLDCREATOR\XingHaiHuiLang\Origin\game\tests\t036-debug.spec.ts:17:1286

    Error Context: ..\work\browser-results\t036-debug-B-avatars-and-w-5300e-erves-Aim-and-never-attacks-repeat1\error-context.md

  3) tests\t036-debug.spec.ts:17:1 › B avatars and world bodies switch once, same actor preserves Aim and never attacks 

    Error: expect(received).toBe(expected) // Object.is equality

    Expected: "hunter"
    Received: "ranger"

      15 | async function worldBody(page:Page,id:string){await page.waitForTimeout(250);return page.evaluate(id=>{const p=(window as any).prototype,u=p.state.units.find((u:any)=>u.id===id),q=p.project(u.drawPos||u.pos);for(let dy=-80;dy<=10;dy+=4)for(let dx=-28;dx<=28;dx+=4){const hit={x:q.x+dx,y:q.y+dy};if([[-6,0],[6,0],[0,-6],[0,6]].every(([x,y])=>p.scene.pick(hit.x+x,hit.y+y).unitId===id&&document.elementFromPoint(hit.x+x,hit.y+y)?.closest('#scene')))return hit;}throw Error('body not pickable');},id);}
      16 | async function order(page:Page){await page.keyboard.press('f');const t=await ground(page);await page.mouse.move(t.q.x,t.q.y);await page.waitForTimeout(80);await page.mouse.click(t.q.x,t.q.y);await expect.poll(async()=>Object.keys((await snapshot(page)).orders).length).toBeGreaterThan(0);return (await snapshot(page)).orders[(await snapshot(page)).direct];}
    > 17 | test('B avatars and world bodies switch once, same actor preserves Aim and never attacks',async({page})=>{await begin(page);await page.locator('[data-unit="ranger"]').click();expect((await snapshot(page)).direct).toBe('ranger');await page.keyboard.press('f');const aim=(await snapshot(page)).aim;await page.locator('[data-unit="ranger"]').click();expect((await snapshot(page)).aim).toEqual(aim);await page.keyboard.press('Escape');await page.waitForTimeout(1200);const q=await worldBody(page,'hunter');console.log('PROBE-before',await page.evaluate(q=>{const p=(window as any).prototype;const rows:any[]=[];(window as any).probeRows=rows;for(const type of ['pointerdown','pointerup'])window.addEventListener(type,e=>{const x=(e as PointerEvent).clientX,y=(e as PointerEvent).clientY;rows.push({type,x,y,target:(e.target as HTMLElement).tagName,hit:p.scene.pick(x,y),direct:p.state.controlledBodyId,wheel:p.wheel});},true);return {q,hit:p.scene.pick(q.x,q.y),floor:p.scene.pick(Math.floor(q.x),Math.floor(q.y)),round:p.scene.pick(Math.round(q.x),Math.round(q.y)),paused:document.querySelector('[data-action="pause"]')?.textContent};},q));await page.mouse.click(q.x,q.y);console.log('PROBE-after',await page.evaluate(()=>(window as any).probeRows));expect((await snapshot(page)).direct).toBe('hunter');expect((await snapshot(page)).stats.basicStagesStarted||0).toBe(0);await expect(page.locator('#command-skills')).toHaveCount(0);await expect(page.locator('#path-aim-button')).toHaveCount(0);await expect(page.locator('#control-status')).toContainText('猎人');});
         |                                                                                                                                                                                                                                                                                                                                                                                                                                                                                                                                                                                                                                                                                                                                                                                                                                                                                                                                                                                                                                                                                                                                                                                                                                                                                                                                      ^
      18 | test('C real skill keys and mobility use current actor resources only',async({page})=>{await begin(page,'ines');await page.evaluate(async()=>{const s=(window as any).prototype.state,{skillState}=await import('/src/core/progression.ts' as string);const p=s.units.find((u:any)=>u.id==='ines');p.skillSlots=['pain','sanctuary',null];skillState(p,'pain').counter=3;skillState(p,'sanctuary').cd=0;});await page.keyboard.press('2');await page.keyboard.press('Space');await page.keyboard.press('e');expect((await snapshot(page)).units[1].skills.pain.counter).toBe(0);await page.keyboard.press('r');await expect.poll(async()=>(await snapshot(page)).stats.skills).toBe(2);await page.keyboard.press('1');expect((await snapshot(page)).units[1].skills.sanctuary.run).toBeDefined();await page.keyboard.press('2');await page.keyboard.down('w');await page.waitForTimeout(100);await page.keyboard.up('w');expect((await snapshot(page)).units[1].skills.sanctuary.run).toBeUndefined();const t=await ground(page);await page.mouse.move(t.q.x,t.q.y);await page.keyboard.press('Shift');await expect.poll(async()=>(await snapshot(page)).stats.evadeUses).toBe(1);expect((await snapshot(page)).units[0].blink).toBe(10);await page.keyboard.press('1');await expect(page.locator('#mobility-name')).toContainText('瞬影');});
      19 | test('D F order survives switch and another actor Basic; only successful own W cancels',async({page})=>{await begin(page);await page.keyboard.press('2');const o=await order(page);await page.keyboard.press('1');expect((await snapshot(page)).orders.ranger.id).toBe(o.id);await page.keyboard.press('Space');const t=await ground(page);await page.mouse.click(t.q.x,t.q.y);await expect.poll(async()=>(await snapshot(page)).stats.basicStagesStarted).toBe(1);expect((await snapshot(page)).orders.ranger.id).toBe(o.id);await page.keyboard.press('2');expect((await snapshot(page)).orders.ranger.id).toBe(o.id);await page.keyboard.down('w');await expect.poll(async()=>!!(await snapshot(page)).orders.ranger).toBe(false);await page.keyboard.up('w');});
      20 | test('E switching cancels Aim and resumes old order; blocked held W never revives',async({page})=>{await begin(page);await page.keyboard.press('2');const o=await order(page);await page.keyboard.press('f');await page.keyboard.down('w');await page.keyboard.press('1');expect((await snapshot(page)).aim).toBeUndefined();expect((await snapshot(page)).orders.ranger.id).toBe(o.id);await page.keyboard.press('Space');await page.waitForTimeout(150);expect((await snapshot(page)).units[0].direct).toBeUndefined();await page.keyboard.up('w');await page.keyboard.down('w');await expect.poll(async()=>(await snapshot(page)).units[0].direct?.direction.y).toBe(-1);await page.keyboard.up('w');});
        at E:\WORLDCREATOR\XingHaiHuiLang\Origin\game\tests\t036-debug.spec.ts:17:1286

    Error Context: ..\work\browser-results\t036-debug-B-avatars-and-w-5300e-erves-Aim-and-never-attacks-repeat2\error-context.md

  3 failed
    tests\t036-debug.spec.ts:17:1 › B avatars and world bodies switch once, same actor preserves Aim and never attacks 
    tests\t036-debug.spec.ts:17:1 › B avatars and world bodies switch once, same actor preserves Aim and never attacks 
    tests\t036-debug.spec.ts:17:1 › B avatars and world bodies switch once, same actor preserves Aim and never attacks 
