
Running 87 tests using 1 worker

(node:123040) Warning: The 'NO_COLOR' env is ignored due to the 'FORCE_COLOR' env being set.
(Use `node --trace-warnings ...` to show where the warning was created)
(node:123040) Warning: The 'NO_COLOR' env is ignored due to the 'FORCE_COLOR' env being set.
(Use `node --trace-warnings ...` to show where the warning was created)
  ok  1 tests\t029.spec.ts:11:1 › DirectMode requires explicit F before ground click movement (6.3s)
  ok  2 tests\t029.spec.ts:12:1 › world original click focuses, clicking current DirectActor clears without selection mirroring (7.7s)
  ok  3 tests\t029.spec.ts:14:1 › C/digits/avatars switch one Direct identity and update HUD/skills (11.5s)
  ok  4 tests\t029.spec.ts:15:1 › same W promotes and moves; failure still commits takeover (9.9s)
  ok  5 tests\t029.spec.ts:16:32 › same e promotes even empty/cooldown slot (8.6s)
  ok  6 tests\t029.spec.ts:16:32 › same r promotes even empty/cooldown slot (9.8s)
  ok  7 tests\t029.spec.ts:16:32 › same t promotes even empty/cooldown slot (8.7s)
  ok  8 tests\t029.spec.ts:17:1 › Shift depleted still promotes; Escape clears focus, higher modal keeps it (10.6s)
  ok  9 tests\t029.spec.ts:18:1 › Command ground click issues no path; real clock expires retaining focus and camera primary (8.6s)
  ok 10 tests\t029.spec.ts:19:60 › same e promotes and executes a nonempty ready slot (9.4s)
  ok 11 tests\t029.spec.ts:19:60 › same r promotes and executes a nonempty ready slot (9.2s)
  ok 12 tests\t029.spec.ts:19:60 › same t promotes and executes a nonempty ready slot (9.2s)
  ok 13 tests\t029.spec.ts:20:1 › Shift ready promotes and spends one actual partner charge (10.7s)
  ok 14 tests\t029.spec.ts:21:1 › world skill button keeps DirectActor while focus continues and ground preview is absent (18.1s)
  ok 15 tests\t029.spec.ts:22:1 › modal UI blocks focus and all direct takeover keys; paused only blocks direct actions (9.4s)
  ok 16 tests\t029.spec.ts:23:1 › clone inspection leaves focus and DirectActor independent (10.3s)
  ok 17 tests\t030.spec.ts:13:44 › official Aim escapes via real w and retains takeover on rejected action (9.5s)
  ok 18 tests\t030.spec.ts:13:44 › official Aim escapes via real e and retains takeover on rejected action (8.6s)
  ok 19 tests\t030.spec.ts:13:44 › official Aim escapes via real r and retains takeover on rejected action (8.9s)
  ok 20 tests\t030.spec.ts:13:44 › official Aim escapes via real t and retains takeover on rejected action (8.7s)
  ok 21 tests\t030.spec.ts:13:44 › official Aim escapes via real Shift and retains takeover on rejected action (9.8s)
  ok 22 tests\t030.spec.ts:14:60 › Aim escape via e executes the same ready skill slot (8.6s)
  ok 23 tests\t030.spec.ts:14:60 › Aim escape via r executes the same ready skill slot (8.1s)
  ok 24 tests\t030.spec.ts:14:60 › Aim escape via t executes the same ready skill slot (8.0s)
  ok 25 tests\t030.spec.ts:15:1 › Shift from Aim uses one real Evade charge (10.5s)
  ok 26 tests\t030.spec.ts:16:1 › Escape cancels only Aim; modal and paused takeover remain guarded (9.4s)
  ok 27 tests\t030.spec.ts:17:1 › offhand follows Direct while Direct Aim holds player identity (9.0s)
  ok 28 tests\t030.spec.ts:18:1 › real pending Basic resolves once while Aim blocks its next start (11.2s)
  ok 29 tests\t030.spec.ts:19:1 › reserved Focus remains in real Ability area and takes damage (14.0s)
  ok 30 tests\t031.spec.ts:9:1 › without Aim both modes have no passive preview or ground move; Direct F commits once (11.9s)
  ok 31 tests\t031.spec.ts:10:1 › Command button owns preview/confirm, preserves focus and F does not restart clock (11.4s)
  ok 32 tests\t031.spec.ts:11:1 › busy preview stays visible, refused confirm stays Aim; readiness requires a fresh click (10.4s)
  ok 33 tests\t031.spec.ts:12:1 › RMB cancels only Aim, then Escape clears focus; UI feature click cancels Aim and opens immediately (9.5s)
  ok 34 tests\t031.spec.ts:13:1 › PathAim model click confirms instead of changing Focus; blocked destination remains Aim (9.1s)
  ok 35 tests\t031.spec.ts:14:85 › direct Aim same-key escape w (10.3s)
  ok 36 tests\t031.spec.ts:14:85 › direct Aim same-key escape e (8.6s)
  ok 37 tests\t031.spec.ts:14:85 › direct Aim same-key escape r (9.7s)
  ok 38 tests\t031.spec.ts:14:85 › direct Aim same-key escape t (10.3s)
  ok 39 tests\t031.spec.ts:14:85 › direct Aim same-key escape Shift (8.8s)
  ok 40 tests\t031.spec.ts:14:85 › command Aim same-key escape w (10.0s)
  ok 41 tests\t031.spec.ts:14:85 › command Aim same-key escape e (9.3s)
  ok 42 tests\t031.spec.ts:14:85 › command Aim same-key escape r (8.7s)
  ok 43 tests\t031.spec.ts:14:85 › command Aim same-key escape t (8.9s)
  ok 44 tests\t031.spec.ts:14:85 › command Aim same-key escape Shift (9.5s)
  ok 45 tests\t031.spec.ts:15:55 › scene clone click remains exclusively Path Confirm (9.3s)
  ok 46 tests\t031.spec.ts:15:55 › scene enemy click remains exclusively Path Confirm (9.1s)
  ok 47 tests\t031.spec.ts:15:55 › scene campfire click remains exclusively Path Confirm (6.9s)
  ok 48 tests\t031.spec.ts:15:55 › scene exit click remains exclusively Path Confirm (7.6s)
  ok 49 tests\t031.spec.ts:16:1 › focus hotkeys cancel existing Aim without automatically aiming the replacement (8.5s)
  ok 50 tests\t031.spec.ts:17:1 › existing player buttons preempt Aim in the same click (9.2s)
  ok 51 tests\t031.spec.ts:19:1 › real campfire button preempts Aim and exit flow remains available (9.1s)
  ok 52 tests\t031.spec.ts:21:1 › real RMB cancellation releases AI to replan from current leader, without restoring old route (9.1s)
  ok 53 tests\t032.spec.ts:11:1 › A real Command F/LMB order walks to arrival without Follow stealing it (17.1s)
  ok 54 tests\t032.spec.ts:12:1 › B re-Aim freezes original order; RMB resumes from live position (10.0s)
  ok 55 tests\t032.spec.ts:13:1 › C confirming B replaces A for only its actor (8.0s)
  ok 56 tests\t032.spec.ts:14:1 › D WASD takeover cancels; release never restores old order (8.5s)
  ok 57 tests\t032.spec.ts:15:1 › E failed skill/no-charge Blink preserves the existing order (7.9s)
  ok 58 tests\t032.spec.ts:16:1 › F actual Break2 impact retains order and recovers from the displaced body (10.9s)
  ok 59 tests\t032.spec.ts:17:1 › G two bodies keep separate orders in the same frame (6.9s)
  ok 60 tests\t032.spec.ts:18:1 › H Focus clear/switch preserves the actor-owned order; capture real view (9.7s)
  ok 61 tests\t033.spec.ts:14:1 › C/D real second click authorizes A2 and a short pre-input consumes once (17.3s)
  ok 62 tests\t033.spec.ts:15:1 › A/B/E one real click grants one stage, hold/drag/UI never repeat it (15.8s)
  ok 63 tests\t033.spec.ts:16:1 › G Command world LMB promotes and commits one whiff in same input (10.0s)
  ok 64 tests\t033.spec.ts:17:1 › H PathAim click only confirms Order, N pause and blur clear buffered input (9.7s)
  ok 65 tests\t033.spec.ts:18:1 › D01 Direct Aim never creates CommandDefense or slowdown (8.6s)
  ok 66 tests\t033.spec.ts:19:1 › D02 real reverse takeover/C allows actual Al Evade with one charge (10.3s)
  ok 67 tests\t033.spec.ts:20:1 › D11 Order survives identity switch and stationary Direct Path confirmation (9.6s)
{"release":{"id":46,"at":0.416699999999998,"pending":{"targetId":"","remaining":-0.04999999999999817,"facing":"north","basic":true}},"sounds":[{"name":"shot","time":0.416699999999998,"context":"running","muted":false}],"actor":1.3666666269302383,"hit":0}
  ok 68 tests\t034.spec.ts:12:1 › empty swing Release keeps animation and requests one sound without Hit (12.6s)
  ok 69 tests\t034.spec.ts:22:1 › Ines Command Pain rechecks marks, then Sanctuary casts without Direct takeover (10.5s)
  ok 70 tests\t034.spec.ts:23:1 › Al real E toggles current mode; Direct bar remains read-only (16.2s)
  ok 71 tests\t034.spec.ts:24:1 › RMB cancels Skill only and restores Order; F replaces Skill, Esc exits one layer (9.0s)
  ok 72 tests\t034.spec.ts:25:1 › offhand AI remains normal during Direct SkillAim; confirmation stays on Al (10.5s)
  ok 73 tests\t034.spec.ts:26:1 › pause and blur invalidate SkillAim with no stale cast (10.5s)
{"kind":"hit","started":0.1,"at":0.47329999999999744,"release":{"id":46,"at":0.35489999999999783,"pending":{"targetId":"defense-threat","remaining":-0.004899999999997816,"facing":"west","basic":true}},"sounds":[{"name":"shot","time":0.35489999999999783,"context":"running"}],"hits":1,"enemy":9979.2,"animation":1.3433666269302393}
  ok 74 tests\t034.spec.ts:29:67 › Basic presentation hit (11.5s)
{"kind":"target-leaves","started":0.1,"at":0.4167000000000007,"release":{"id":46,"at":0.3667000000000007,"pending":{"targetId":"defense-threat","remaining":-0.0167000000000007,"facing":"west","basic":true}},"sounds":[{"name":"shot","time":0.3667000000000007,"context":"running"}],"hits":0,"enemy":10000,"animation":1.3999666269302358}
  ok 75 tests\t034.spec.ts:29:67 › Basic presentation target-leaves (11.1s)
{"kind":"W-cancel","started":0.11660000000000037,"at":0.11660000000000037,"sounds":[],"hits":0,"animation":0}
  ok 76 tests\t034.spec.ts:29:67 › Basic presentation W-cancel (9.7s)
{"kind":"focus-slow","started":0.1,"at":0.5832999999999993,"release":{"id":46,"at":0.38329999999999925,"pending":{"targetId":"","remaining":-0.03329999999999926,"facing":"north","basic":true}},"sounds":[{"name":"shot","time":0.38329999999999925,"context":"running"}],"hits":0,"animation":1.2333666269302372}
  ok 77 tests\t034.spec.ts:29:67 › Basic presentation focus-slow (12.0s)
  ok 78 tests\t035.spec.ts:7:1 › A held W switches Direct immediately and diagonals transfer once (9.6s)
  x  79 tests\t035.spec.ts:17:1 › B avatars and world bodies switch once, same actor preserves Aim and never attacks (13.2s)
(node:4000) Warning: The 'NO_COLOR' env is ignored due to the 'FORCE_COLOR' env being set.
(Use `node --trace-warnings ...` to show where the warning was created)
(node:4000) Warning: The 'NO_COLOR' env is ignored due to the 'FORCE_COLOR' env being set.
(Use `node --trace-warnings ...` to show where the warning was created)
  ok 80 tests\t035.spec.ts:18:1 › C real skill keys and mobility use current actor resources only (8.5s)
  ok 81 tests\t035.spec.ts:19:1 › D F order survives switch and another actor Basic; only successful own W cancels (10.8s)
  ok 82 tests\t035.spec.ts:20:1 › E switching cancels Aim and resumes old order; blocked held W never revives (10.7s)
  ok 83 tests\t035.spec.ts:21:1 › F real heavy Ability restores offhand AI; switch back removes ordinary AI route (11.6s)
  ok 84 tests\t035.spec.ts:22:1 › G committed Basic releases once after switch; old buffered click never replays (12.0s)
  ok 85 tests\t035.spec.ts:23:1 › H natural controls and modal retain one authority and normal time speed (13.6s)
  ok 86 tests\t035.spec.ts:26:1 › I summon Aim retains existing slow time while switching alone does not (11.0s)
  ok 87 tests\t035.spec.ts:27:1 › J Tower still accepts absolute original selection 3 and 4 (6.0s)


  1) tests\t035.spec.ts:17:1 › B avatars and world bodies switch once, same actor preserves Aim and never attacks 

    Error: expect(received).toBe(expected) // Object.is equality

    Expected: "hunter"
    Received: "ranger"

      15 | async function worldBody(page:Page,id:string){await page.waitForTimeout(250);return page.evaluate(id=>{const p=(window as any).prototype,u=p.state.units.find((u:any)=>u.id===id),q=p.project(u.drawPos||u.pos);for(let dy=-80;dy<=10;dy+=4)for(let dx=-28;dx<=28;dx+=4){const hit={x:q.x+dx,y:q.y+dy};if([[-6,0],[6,0],[0,-6],[0,6]].every(([x,y])=>p.scene.pick(hit.x+x,hit.y+y).unitId===id&&document.elementFromPoint(hit.x+x,hit.y+y)?.closest('#scene')))return hit;}throw Error('body not pickable');},id);}
      16 | async function order(page:Page){await page.keyboard.press('f');const t=await ground(page);await page.mouse.move(t.q.x,t.q.y);await page.waitForTimeout(80);await page.mouse.click(t.q.x,t.q.y);await expect.poll(async()=>Object.keys((await snapshot(page)).orders).length).toBeGreaterThan(0);return (await snapshot(page)).orders[(await snapshot(page)).direct];}
    > 17 | test('B avatars and world bodies switch once, same actor preserves Aim and never attacks',async({page})=>{await begin(page);await page.locator('[data-unit="ranger"]').click();expect((await snapshot(page)).direct).toBe('ranger');await page.keyboard.press('f');const aim=(await snapshot(page)).aim;await page.locator('[data-unit="ranger"]').click();expect((await snapshot(page)).aim).toEqual(aim);await page.keyboard.press('Escape');await page.waitForTimeout(1200);const q=await worldBody(page,'hunter');await page.mouse.click(q.x,q.y);expect((await snapshot(page)).direct).toBe('hunter');expect((await snapshot(page)).stats.basicStagesStarted||0).toBe(0);await expect(page.locator('#command-skills')).toHaveCount(0);await expect(page.locator('#path-aim-button')).toHaveCount(0);await expect(page.locator('#control-status')).toContainText('猎人');});
         |                                                                                                                                                                                                                                                                                                                                                                                                                                                                                                                                                                                             ^
      18 | test('C real skill keys and mobility use current actor resources only',async({page})=>{await begin(page,'ines');await page.evaluate(async()=>{const s=(window as any).prototype.state,{skillState}=await import('/src/core/progression.ts' as string);const p=s.units.find((u:any)=>u.id==='ines');p.skillSlots=['pain','sanctuary',null];skillState(p,'pain').counter=3;skillState(p,'sanctuary').cd=0;});await page.keyboard.press('2');await page.keyboard.press('Space');await page.keyboard.press('e');expect((await snapshot(page)).units[1].skills.pain.counter).toBe(0);await page.keyboard.press('r');await expect.poll(async()=>(await snapshot(page)).stats.skills).toBe(2);await page.keyboard.press('1');expect((await snapshot(page)).units[1].skills.sanctuary.run).toBeDefined();await page.keyboard.press('2');await page.keyboard.down('w');await page.waitForTimeout(100);await page.keyboard.up('w');expect((await snapshot(page)).units[1].skills.sanctuary.run).toBeUndefined();const t=await ground(page);await page.mouse.move(t.q.x,t.q.y);await page.keyboard.press('Shift');await expect.poll(async()=>(await snapshot(page)).stats.evadeUses).toBe(1);expect((await snapshot(page)).units[0].blink).toBe(10);await page.keyboard.press('1');await expect(page.locator('#mobility-name')).toContainText('瞬影');});
      19 | test('D F order survives switch and another actor Basic; only successful own W cancels',async({page})=>{await begin(page);await page.keyboard.press('2');const o=await order(page);await page.keyboard.press('1');expect((await snapshot(page)).orders.ranger.id).toBe(o.id);await page.keyboard.press('Space');const t=await ground(page);await page.mouse.click(t.q.x,t.q.y);await expect.poll(async()=>(await snapshot(page)).stats.basicStagesStarted).toBe(1);expect((await snapshot(page)).orders.ranger.id).toBe(o.id);await page.keyboard.press('2');expect((await snapshot(page)).orders.ranger.id).toBe(o.id);await page.keyboard.down('w');await expect.poll(async()=>!!(await snapshot(page)).orders.ranger).toBe(false);await page.keyboard.up('w');});
      20 | test('E switching cancels Aim and resumes old order; blocked held W never revives',async({page})=>{await begin(page);await page.keyboard.press('2');const o=await order(page);await page.keyboard.press('f');await page.keyboard.down('w');await page.keyboard.press('1');expect((await snapshot(page)).aim).toBeUndefined();expect((await snapshot(page)).orders.ranger.id).toBe(o.id);await page.keyboard.press('Space');await page.waitForTimeout(150);expect((await snapshot(page)).units[0].direct).toBeUndefined();await page.keyboard.up('w');await page.keyboard.down('w');await expect.poll(async()=>(await snapshot(page)).units[0].direct?.direction.y).toBe(-1);await page.keyboard.up('w');});
        at E:\WORLDCREATOR\XingHaiHuiLang\Origin\game\tests\t035.spec.ts:17:573

    Error Context: ..\work\browser-results\t035-B-avatars-and-world-b-30e48-erves-Aim-and-never-attacks\error-context.md

  1 failed
    tests\t035.spec.ts:17:1 › B avatars and world bodies switch once, same actor preserves Aim and never attacks 
  86 passed (14.7m)
