
Running 1 test using 1 worker

(node:88724) Warning: The 'NO_COLOR' env is ignored due to the 'FORCE_COLOR' env being set.
(Use `node --trace-warnings ...` to show where the warning was created)
(node:88724) Warning: The 'NO_COLOR' env is ignored due to the 'FORCE_COLOR' env being set.
(Use `node --trace-warnings ...` to show where the warning was created)
  x  1 tests\t036.spec.ts:15:1 › S4 frozen nonnearest target changes actual hit; target marker and death finish are real (13.3s)


  1) tests\t036.spec.ts:15:1 › S4 frozen nonnearest target changes actual hit; target marker and death finish are real 

    Error: expect(locator).toBeVisible() failed

    Locator: locator('#tactic-target-marker')
    Expected: visible
    Timeout: 5000ms
    Error: element(s) not found

    Call log:
      - Expect "toBeVisible" locator('#tactic-target-marker') with timeout 5000ms
      - waiting for locator('#tactic-target-marker')


      13 | test('S7 same F cancels wheel and starts explicit Path Aim; clamped open never auto-selects',async({page})=>{await begin(page);await page.mouse.move(12,20);const b=(await wheel(page))!;expect(b.x).toBeGreaterThanOrEqual(0);expect(b.y).toBeGreaterThanOrEqual(0);await page.keyboard.up('g');expect(await page.evaluate(()=>(window as any).prototype.state.partyTactics?.ranger)).toBeUndefined();await wheel(page);await page.keyboard.press('f');await expect(page.locator('#tactic-wheel')).toBeHidden();expect(await page.evaluate(()=>(window as any).prototype.state.explorationControl.aim.kind)).toBe('path');await page.keyboard.up('g');await page.keyboard.down('g');await expect(page.locator('#tactic-wheel')).toBeHidden();await page.keyboard.up('g');expect(await page.evaluate(()=>(window as any).prototype.state.explorationControl.aim.kind)).toBe('path');});
      14 | async function enemies(page:Page){await page.evaluate(async()=>{const {createGame,command}=await import('/src/core/engine.ts' as any);const fresh=createGame();command(fresh,{type:'selectJourney',journey:'exploration'});command(fresh,{type:'selectExplorationCompanion',id:'ranger'});command(fresh,{type:'carry',gold:0,vitality:0});const e=structuredClone(fresh.units.find((u:any)=>u.role==='heavy'));const s=(window as any).prototype.state;e.id='wheel-focus';e.name='指定守卫';e.pos=e.drawPos={x:14,y:10};e.encounterRoom=1;e.enemyMotion='engaged';e.pursuitTargetId='hunter';e.enemySense.home={...e.pos};e.path=[];e.ready=0;e.hp=e.maxHp=10000;e.statuses=[{kind:'stun',remaining:100,power:0}];e.enemyCombat.abilityReadyAt=100;const near=structuredClone(e);near.id='closer';near.name='近处守卫';near.pos=near.drawPos={x:12,y:10};s.units.push(e,near);s.exploration.definition.encounters=[{room:1,name:'fixture',tier:'strong',enemyIds:[e.id,near.id],center:{x:13,y:10},tacticalRadius:6.5}];s.context='explorationBattle';s.exploration.lastActivity=s.time;const p=s.units.find((u:any)=>u.id==='ranger');p.pos=p.drawPos={x:11,y:10};p.attackTimer=0;p.weapons[0].range=5;});await page.waitForTimeout(300);}
    > 15 | test('S4 frozen nonnearest target changes actual hit; target marker and death finish are real',async({page})=>{await begin(page);await enemies(page);const q=await page.evaluate(async()=>{const {unitAt}=await import('/src/core/spatial.ts' as any);const p=(window as any).prototype,e=p.state.units.find((u:any)=>u.id==='wheel-focus'),q=p.project(e.drawPos);for(let dy=-90;dy<=90;dy+=5)for(let dx=-80;dx<=80;dx+=5){const x=q.x+dx,y=q.y+dy;if(!document.elementFromPoint(x,y)?.closest('#scene'))continue;const hit=p.scene.pick(x,y);if((hit.unitId||hit.tile&&unitAt(p.state,hit.tile)?.id)===e.id)return {x,y};}throw Error(JSON.stringify({q,hit:p.scene.pick(q.x,q.y),e,ctx:p.state.context}));});await page.mouse.move(q.x,q.y);const b=(await wheel(page))!;expect(await page.evaluate(()=>(window as any).prototype.wheel.targetId)).toBe('wheel-focus');await expect(page.locator('#tactic-target-marker')).toBeVisible();await page.mouse.move(b.x+b.width-25,b.y+b.height/2);await page.keyboard.up('g');const at=await page.evaluate(()=>(window as any).prototype.state.time);await expect.poll(()=>page.evaluate(at=>(window as any).prototype.state.combatEvents?.filter((e:any)=>e.sourceId==='ranger'&&e.kind==='basic'&&e.at>=at).at(-1)?.targetId,at),{timeout:15000}).toBe('wheel-focus');await page.evaluate(()=>{(window as any).prototype.state.units.find((u:any)=>u.id==='wheel-focus').life='dead';});await expect.poll(()=>page.evaluate(()=>(window as any).prototype.state.partyTactics?.ranger)).toBeUndefined();});
         |                                                                                                                                                                                                                                                                                                                                                                                                                                                                                                                                                                                                                                                                                                                                                                                                                                                                                                                               ^
      16 | test('S5 cautious still attacks; free clears only tactical preference',async({page})=>{await begin(page);await enemies(page);await choose(page,'cautious');await expect.poll(()=>page.evaluate(()=>(window as any).prototype.state.combatEvents?.some((e:any)=>e.sourceId==='ranger'&&e.kind==='basic')),{timeout:15000}).toBe(true);expect(await page.evaluate(()=>(window as any).prototype.state.units[1].aiTendency)).toBe('default');await choose(page,'free');expect(await page.evaluate(()=>(window as any).prototype.state.partyTactics?.ranger)).toBeUndefined();});
      17 |
        at E:\WORLDCREATOR\XingHaiHuiLang\Origin\game\tests\t036.spec.ts:15:895

    Error Context: ..\work\browser-results\t036-S4-frozen-nonnearest--9dae3-r-and-death-finish-are-real\error-context.md

  1 failed
    tests\t036.spec.ts:15:1 › S4 frozen nonnearest target changes actual hit; target marker and death finish are real 
