
 RUN  v4.1.11 E:/WORLDCREATOR/XingHaiHuiLang/Origin/game

 ✓ tests/t036.test.ts > rally walks the offhand to the live controlled actor without switching or teleporting 232ms
 ✓ tests/t036.test.ts > cautious and free preserve precise orders; rally replaces only recipient order once 18ms
 ✓ tests/t036.test.ts > invalid focus and stale control session have zero order/tactic side effects 24ms
 ✓ tests/t036.test.ts > pending rally preserves committed basic and cautious clears on receiver invalidation 15ms
 ✓ tests/t036.test.ts > focus affects the actual committed Basic even with a closer enemy on the same ray 125ms
 ✓ tests/t036.test.ts > focus remembered route never follows hidden live coordinates; expires without retargeting 16ms
 ✓ tests/t036.test.ts > focus ends on target dead and keeps a subsequent actor-owned route 18ms
 ✓ tests/t036.test.ts > focus ends on target return and keeps a subsequent actor-owned route 19ms
 ✓ tests/t036.test.ts > focus ends on target inactive and keeps a subsequent actor-owned route 18ms
 ✓ tests/t036.test.ts > successful F order clears rally/focus and preserves cautious preference 15ms
 ✓ tests/t036.test.ts > cautious overlays profile weights, still contributes safe attacks, never rewrites tendency 26ms
 ✓ tests/t036.test.ts > rally refuses new autonomous Basic and retains real Ability defense before resuming 51ms
 ✓ tests/t036.test.ts > busy waiting does not burn blocked rally budget; true obstruction terminates with feedback 585ms
 ✓ tests/t036.test.ts > rally arrival cannot succeed through a wall and the controlled partner can command Hunter 18ms
 ✓ tests/t036.test.ts > focus candidates use committed manual Basic, not buffers, and never guess a nearest target 16ms
 ✓ tests/t036.test.ts > invalid clone recipient rejects without changing orders 17ms
 ✓ tests/t036.test.ts > invalid enemy recipient rejects without changing orders 15ms
 ✓ tests/t036.test.ts > invalid reserve recipient rejects without changing orders 15ms
 ✓ tests/t036.test.ts > invalid downed recipient rejects without changing orders 14ms
 ✓ tests/t036.test.ts > invalid shadow recipient rejects without changing orders 14ms
 ✓ tests/t036.test.ts > high-level task rejects offensive tactics but free/cautious do not interrupt it 16ms
 ✓ tests/t036.test.ts > focus timeout cleans its ordinary AI route and never restores an old target 22ms

 Test Files  1 passed (1)
      Tests  22 passed (22)
   Start at  05:52:57
   Duration  1.90s (transform 385ms, setup 0ms, import 469ms, tests 1.31s, environment 0ms)

