
 RUN  v4.1.11 E:/WORLDCREATOR/XingHaiHuiLang/Origin/game

 ❯ tests/t036.test.ts (26 tests | 1 failed) 1371ms
   × cautious pending status becomes active and cleanup also works outside exploration 20ms

⎯⎯⎯⎯⎯⎯⎯ Failed Tests 1 ⎯⎯⎯⎯⎯⎯⎯

 FAIL  tests/t036.test.ts > cautious pending status becomes active and cleanup also works outside exploration
AssertionError: expected { kind: 'cautious', …(10) } to be undefined

- Expected:
undefined

+ Received:
{
  "blockedFor": 0,
  "budget": 0,
  "execution": "active",
  "issuedAt": 0,
  "issuerId": "hunter",
  "kind": "cautious",
  "lastKnownTarget": undefined,
  "lastTick": 0,
  "nextDecision": 0,
  "recipientId": "ines",
  "targetId": undefined,
}

 ❯ tests/t036.test.ts:27:318


⎯⎯⎯⎯⎯⎯⎯⎯⎯⎯⎯⎯⎯⎯⎯⎯⎯⎯⎯⎯⎯⎯⎯⎯[1/1]⎯


 Test Files  1 failed (1)
      Tests  1 failed | 25 passed (26)
   Start at  06:00:24
   Duration  1.89s (transform 344ms, setup 0ms, import 417ms, tests 1.37s, environment 0ms)

