
 RUN  v4.1.11 E:/WORLDCREATOR/XingHaiHuiLang/Origin/game

 ❯ tests/t036.test.ts (4 tests | 3 failed) 95ms
   × rally walks the offhand to the live controlled actor without switching or teleporting 34ms
   × cautious and free preserve precise orders; rally replaces only recipient order once 20ms
   × pending rally preserves committed basic and cautious clears on receiver invalidation 15ms

⎯⎯⎯⎯⎯⎯⎯ Failed Tests 3 ⎯⎯⎯⎯⎯⎯⎯

 FAIL  tests/t036.test.ts > rally walks the offhand to the live controlled actor without switching or teleporting
AssertionError: expected false to be true // Object.is equality

- Expected
+ Received

- true
+ false

 ❯ tests/t036.test.ts:6:155


⎯⎯⎯⎯⎯⎯⎯⎯⎯⎯⎯⎯⎯⎯⎯⎯⎯⎯⎯⎯⎯⎯⎯⎯[1/3]⎯

 FAIL  tests/t036.test.ts > cautious and free preserve precise orders; rally replaces only recipient order once
AssertionError: expected false to be true // Object.is equality

- Expected
+ Received

- true
+ false

 ❯ tests/t036.test.ts:7:332


⎯⎯⎯⎯⎯⎯⎯⎯⎯⎯⎯⎯⎯⎯⎯⎯⎯⎯⎯⎯⎯⎯⎯⎯[2/3]⎯

 FAIL  tests/t036.test.ts > pending rally preserves committed basic and cautious clears on receiver invalidation
AssertionError: expected false to be true // Object.is equality

- Expected
+ Received

- true
+ false

 ❯ tests/t036.test.ts:9:251


⎯⎯⎯⎯⎯⎯⎯⎯⎯⎯⎯⎯⎯⎯⎯⎯⎯⎯⎯⎯⎯⎯⎯⎯[3/3]⎯


 Test Files  1 failed (1)
      Tests  3 failed | 1 passed (4)
   Start at  03:59:16
   Duration  629ms (transform 347ms, setup 0ms, import 423ms, tests 95ms, environment 0ms)

