
Running 51 tests using 1 worker

(node:23016) Warning: The 'NO_COLOR' env is ignored due to the 'FORCE_COLOR' env being set.
(Use `node --trace-warnings ...` to show where the warning was created)
(node:23016) Warning: The 'NO_COLOR' env is ignored due to the 'FORCE_COLOR' env being set.
(Use `node --trace-warnings ...` to show where the warning was created)
  ok  1 game\tests\browser.spec.ts:3:1 › start renders a battlefield and pause stops simulation (3.0s)
  ok  2 game\tests\browser.spec.ts:13:1 › click move submits without direction confirmation (2.5s)
  ok  3 game\tests\browser.spec.ts:18:1 › deployment warmup then deploy and quick drag commits without direction dialog (11.7s)
  ok  4 game\tests\browser.spec.ts:34:1 › refresh keeps scene and exclusive cards and invalid card use keeps hand (2.3s)
  ok  5 game\tests\browser.spec.ts:44:1 › node reentry preparation cannot reset the expedition through mode selection (2.1s)
  ok  6 game\tests\browser.spec.ts:50:1 › right click cancels interaction and returns normal speed (3.1s)
  ok  7 game\tests\build.spec.ts:3:1 › prebattle skill selection and in-battle purchases use normal UI (7.7s)
  ok  8 game\tests\build.spec.ts:11:1 › compact build panel is usable and blocks movement input (3.1s)
  ok  9 game\tests\build.spec.ts:15:1 › prebattle dual professions preserve preferences, real battle swaps refresh the equipped skill (13.1s)
  ok 10 game\tests\build.spec.ts:25:1 › unlock presets enforce caps without discarding already purchased branches (6.3s)
  ok 11 game\tests\build.spec.ts:29:1 › changing the initial test mode does not refund purchases or erase configured skills (5.0s)
  ok 12 game\tests\continuous-scenes.spec.ts:3:1 › exploration fixture renders real enemies and ignores copy targets (2.6s)
  ok 13 game\tests\continuous-scenes.spec.ts:8:1 › fractional selected model supports card targeting, circular preview and cancellation (4.1s)
  ok 14 game\tests\continuous.spec.ts:2:1 › continuous mouse deployment and movement preserve the clicked surface point (8.4s)
  ok 15 game\tests\feedback.spec.ts:4:1 › drag held shows planned route before release (8.5s)
  ok 16 game\tests\feedback.spec.ts:11:1 › downed companion has nearby rescue that sends hunter (3.3s)
  ok 17 game\tests\feedback.spec.ts:16:1 › card chain follows cursor and cancels without consumption (3.2s)
  ok 18 game\tests\feedback.spec.ts:23:1 › card resolves only the indicated target, not a stale selection (3.5s)
  ok 19 game\tests\personal.spec.ts:3:1 › number selection and held WASD preserve selected character, release and blur stop movement (4.8s)
  ok 20 game\tests\personal.spec.ts:4:1 › E keeps selection, stops held movement and does not silently resume; pause survives right cancel (2.9s)
  ok 21 game\tests\personal.spec.ts:5:1 › mouse-only blink, separate copy control and healthy shadow return use actual buttons (4.1s)
  ok 22 game\tests\personal.spec.ts:6:1 › Shift uses held direction and cannot blink hunter while another character selected (2.0s)
  ok 23 game\tests\personal.spec.ts:7:1 › real map keyboard recall, redeployment and explicit casualty rescue form one loop (4.2s)
  ok 24 game\tests\personal.spec.ts:22:1 › menu interruption requires release and press again; right cancel keeps submitted recall (3.6s)
  ok 25 game\tests\personal.spec.ts:26:1 › compact reduced-motion controls remain reachable and render ten reserve marks (2.7s)
  ok 26 game\tests\revision2.spec.ts:4:1 › click move has no direction stage and blank click clears slow time (2.6s)
  ok 27 game\tests\revision2.spec.ts:8:1 › selected character shows portrait and clickable millisecond filled skill (4.0s)
  ok 28 game\tests\revision2.spec.ts:12:1 › pointing move at crystal no longer offers retired retreat (2.4s)
  ok 29 game\tests\revision2.spec.ts:16:1 › card tray and skill controls are large enough to interact (2.4s)
  ok 30 game\tests\revision2.spec.ts:19:1 › new movement after pointing at crystal remains ordinary movement (2.6s)
  ok 31 game\tests\revision2.spec.ts:23:1 › refreshing away selected card releases orphaned slow targeting (3.0s)
  ok 32 game\tests\revision2.spec.ts:26:1 › short support skill starts with a nearly full duration fill (3.2s)
  ok 33 game\tests\revision3.spec.ts:4:1 › hand remains scene deck exclusive after appended scene cards (2.3s)
  ok 34 game\tests\revision3.spec.ts:8:1 › casting from selection exits slow mode and same tile second click cancels (4.3s)
  ok 35 game\tests\revision3.spec.ts:12:1 › manual draw consumes fragments and replaces four deck cards keeping other groups (2.0s)
  ok 36 game\tests\revision3.spec.ts:17:1 › switching to double speed exits selected slow mode and successful mouse casting returns to normal speed (4.0s)
  ok 37 game\tests\revision4.spec.ts:4:1 › only detail skill hover changes attack preview to skill preview (4.9s)
  ok 38 game\tests\revision4.spec.ts:7:1 › a real enemy death emits fragment flight and credits only once (3.3s)
  ok 39 game\tests\revision5.spec.ts:3:1 › selected model has operational world skill while detail is descriptive (3.2s)
  ok 40 game\tests\revision5.spec.ts:7:1 › dash waits for a second directional choice without consuming on target selection (3.5s)
  ok 41 game\tests\revision6.spec.ts:3:1 › all supplied ally skeletons load and render (2.2s)
  ok 42 game\tests\revision6.spec.ts:8:1 › direct roster drag deploys without a preceding click (6.9s)
  ok 43 game\tests\revision6.spec.ts:14:1 › dash chooses a sector and confirms outside the arrow button (3.7s)
  ok 44 game\tests\revision6.spec.ts:21:1 › right click cancels an avatar drag without deploying on release (6.5s)
  ok 45 game\tests\revision6.spec.ts:26:1 › reduced motion keeps drawing immediate without card flight (3.0s)
  ok 46 game\tests\revision6.spec.ts:30:1 › draw preserves retained card nodes and animates the new hand (2.3s)
  ok 47 game\tests\revision6.spec.ts:36:1 › immovable originals and clones never preview a movement arrow (8.4s)
  ok 48 game\tests\revision6.spec.ts:45:1 › prepared actors use real skeletons immediately and hide immovable direction markers (2.4s)
  ok 49 game\tests\start.spec.ts:2:1 › start removes the blocking briefing before the next rendered frame (2.3s)
  ok 50 game\tests\t005.spec.ts:2:1 › direct movement renders run and blocked movement idles (2.7s)
  ok 51 game\tests\t005.spec.ts:13:1 › avatar does not summon; summon strip supports drag and click (13.1s)

  51 passed (3.7m)
