
Running 2 tests using 1 worker

(node:73072) Warning: The 'NO_COLOR' env is ignored due to the 'FORCE_COLOR' env being set.
(Use `node --trace-warnings ...` to show where the warning was created)
(node:73072) Warning: The 'NO_COLOR' env is ignored due to the 'FORCE_COLOR' env being set.
(Use `node --trace-warnings ...` to show where the warning was created)
  x  1 tests\t035.spec.ts:26:1 › I summon Aim retains existing slow time while switching alone does not (8.8s)
(node:39652) Warning: The 'NO_COLOR' env is ignored due to the 'FORCE_COLOR' env being set.
(Use `node --trace-warnings ...` to show where the warning was created)
(node:39652) Warning: The 'NO_COLOR' env is ignored due to the 'FORCE_COLOR' env being set.
(Use `node --trace-warnings ...` to show where the warning was created)
  x  2 tests\t035.spec.ts:27:1 › J Tower still accepts absolute original selection 3 and 4 (4.4s)


  1) tests\t035.spec.ts:26:1 › I summon Aim retains existing slow time while switching alone does not 

    Error: expect(received).toBeGreaterThan(expected)

    Expected: > 0.25
    Received:   0.15000000000000002

      24 |
      25 | // Preserve pre-existing modal timing and Tower controls outside the simplified exploration identity.
    > 26 | test('I summon Aim retains existing slow time while switching alone does not',async({page})=>{await begin(page);await page.evaluate(()=>{(window as any).prototype.state.fragments=40;});await page.keyboard.press('Space');const time=()=>page.evaluate(()=>(window as any).prototype.state.time);await page.locator('[data-clone="hunter"]').click();const a=await time();await page.waitForTimeout(500);expect((await time())-a).toBeLessThan(.2);await page.keyboard.press('Escape');const b=await time();await page.waitForTimeout(500);expect((await time())-b).toBeGreaterThan(.25);});
         |                                                                                                                                                                                                                                                                                                                                                                                                                                                                                                                                                                       ^
      27 | test('J Tower still accepts absolute original selection 3 and 4',async({page})=>{await page.goto('/');await page.locator('[data-action="carry"]').click();await page.locator('[data-action="start"]').click();await page.locator('[data-action="pause"]').click();await page.evaluate(()=>{const s=(window as any).prototype.state;s.units=s.units.filter((u:any)=>u.team==='ally');for(const u of s.units){u.life='active';u.ready=0;u.shadowResident=false;}});await page.keyboard.press('Space');for(const key of ['3','4']){await page.keyboard.press(key);expect(await page.evaluate(()=>(window as any).prototype.interaction.selectedId)).toBe(await page.evaluate(n=>(window as any).prototype.state.units[Number(n)-1].id,key));}});
      28 |
        at E:\WORLDCREATOR\XingHaiHuiLang\Origin\game\tests\t035.spec.ts:26:551

    Error Context: ..\work\browser-results\t035-I-summon-Aim-retains--aac58-le-switching-alone-does-not\error-context.md

  2) tests\t035.spec.ts:27:1 › J Tower still accepts absolute original selection 3 and 4 ───────────

    Error: expect(received).toBe(expected) // Object.is equality

    Expected: "ines"
    Received: null

      25 | // Preserve pre-existing modal timing and Tower controls outside the simplified exploration identity.
      26 | test('I summon Aim retains existing slow time while switching alone does not',async({page})=>{await begin(page);await page.evaluate(()=>{(window as any).prototype.state.fragments=40;});await page.keyboard.press('Space');const time=()=>page.evaluate(()=>(window as any).prototype.state.time);await page.locator('[data-clone="hunter"]').click();const a=await time();await page.waitForTimeout(500);expect((await time())-a).toBeLessThan(.2);await page.keyboard.press('Escape');const b=await time();await page.waitForTimeout(500);expect((await time())-b).toBeGreaterThan(.25);});
    > 27 | test('J Tower still accepts absolute original selection 3 and 4',async({page})=>{await page.goto('/');await page.locator('[data-action="carry"]').click();await page.locator('[data-action="start"]').click();await page.locator('[data-action="pause"]').click();await page.evaluate(()=>{const s=(window as any).prototype.state;s.units=s.units.filter((u:any)=>u.team==='ally');for(const u of s.units){u.life='active';u.ready=0;u.shadowResident=false;}});await page.keyboard.press('Space');for(const key of ['3','4']){await page.keyboard.press(key);expect(await page.evaluate(()=>(window as any).prototype.interaction.selectedId)).toBe(await page.evaluate(n=>(window as any).prototype.state.units[Number(n)-1].id,key));}});
         |                                                                                                                                                                                                                                                                                                                                                                                                                                                                                                                                                                                                                                                  ^
      28 |
        at E:\WORLDCREATOR\XingHaiHuiLang\Origin\game\tests\t035.spec.ts:27:626

    Error Context: ..\work\browser-results\t035-J-Tower-still-accepts-85106--original-selection-3-and-4\error-context.md

  2 failed
    tests\t035.spec.ts:26:1 › I summon Aim retains existing slow time while switching alone does not 
    tests\t035.spec.ts:27:1 › J Tower still accepts absolute original selection 3 and 4 ────────────
