
Running 1 test using 1 worker

(node:124028) Warning: The 'NO_COLOR' env is ignored due to the 'FORCE_COLOR' env being set.
(Use `node --trace-warnings ...` to show where the warning was created)
(node:124028) Warning: The 'NO_COLOR' env is ignored due to the 'FORCE_COLOR' env being set.
(Use `node --trace-warnings ...` to show where the warning was created)
  x  1 game\tests\t035.spec.ts:7:1 › A held W switches Direct immediately and diagonals transfer once (12.5s)


  1) game\tests\t035.spec.ts:7:1 › A held W switches Direct immediately and diagonals transfer once 

    Error: expect(received).toBe(expected) // Object.is equality

    Expected: "ranger"
    Received: "hunter"

    Call Log:
    - Timeout 5000ms exceeded while waiting on the predicate

      5 |  await page.evaluate(()=>{const s=(window as any).prototype.state;s.units=s.units.filter((u:any)=>u.team==='ally'&&(u.id==='hunter'||u.id===s.explorationCompanionId));s.tiles.forEach((t:any)=>{t.obstacle=false;t.layer=0;});for(const u of s.units){u.ready=0;u.stagger=0;u.path=[];u.destination=null;u.attackTimer=0;u.skillSlots=[null,null,null];u.weapons.forEach((w:any)=>w.weight=0);u.hp=u.maxHp=10000;}s.units[0].pos={x:15,y:10};s.units[0].drawPos={x:15,y:10};s.units[1].pos={x:10,y:10};s.units[1].drawPos={x:10,y:10};s.context='explorationBattle';});await page.waitForTimeout(1200);}
      6 |
    > 7 | test('A held W switches Direct immediately and diagonals transfer once',async({page})=>{await begin(page);await page.keyboard.press('Space');await page.keyboard.down('w');await page.keyboard.press('c');await expect.poll(()=>page.evaluate(()=>(window as any).prototype.state.controlledBodyId)).toBe('ranger');await expect.poll(()=>page.evaluate(()=>(window as any).prototype.state.units.find((u:any)=>u.id==='ranger').direct?.direction.y)).toBe(-1);await page.keyboard.down('d');await page.keyboard.press('c');await expect.poll(()=>page.evaluate(()=>(window as any).prototype.state.controlledBodyId)).toBe('hunter');await expect.poll(()=>page.evaluate(()=>(window as any).prototype.state.units[0].direct?.direction.x)).toBeGreaterThan(0);await page.keyboard.up('w');await page.keyboard.up('d');});
        |                                                                                                                                                                                                                                                                                                      ^
      8 |
        at E:\WORLDCREATOR\XingHaiHuiLang\Origin\game\tests\t035.spec.ts:7:294

    Error Context: work\browser-results\t035-A-held-W-switches-Dir-ad8d3-and-diagonals-transfer-once\error-context.md

  1 failed
    game\tests\t035.spec.ts:7:1 › A held W switches Direct immediately and diagonals transfer once ─
