
Running 25 tests using 1 worker

(node:105184) Warning: The 'NO_COLOR' env is ignored due to the 'FORCE_COLOR' env being set.
(Use `node --trace-warnings ...` to show where the warning was created)
(node:105184) Warning: The 'NO_COLOR' env is ignored due to the 'FORCE_COLOR' env being set.
(Use `node --trace-warnings ...` to show where the warning was created)
  ok  1 tests\personal.spec.ts:4:1 › number selection and held WASD preserve selected character, release and blur stop movement (6.4s)
  ok  2 tests\personal.spec.ts:5:1 › E keeps selection, stops held movement and does not silently resume; pause survives right cancel (5.9s)
  x   3 tests\personal.spec.ts:6:1 › mouse-only blink, separate copy control and healthy shadow return use actual buttons (12.5s)
(node:101532) Warning: The 'NO_COLOR' env is ignored due to the 'FORCE_COLOR' env being set.
(Use `node --trace-warnings ...` to show where the warning was created)
(node:101532) Warning: The 'NO_COLOR' env is ignored due to the 'FORCE_COLOR' env being set.
(Use `node --trace-warnings ...` to show where the warning was created)
  ok  4 tests\personal.spec.ts:7:1 › Shift uses held direction and cannot blink hunter while another character selected (3.7s)
  ok  5 tests\personal.spec.ts:8:1 › real map keyboard recall, redeployment and explicit casualty rescue form one loop (6.9s)
  ok  6 tests\personal.spec.ts:23:1 › menu interruption requires release and press again; right cancel keeps submitted recall (7.9s)
  ok  7 tests\personal.spec.ts:27:1 › compact reduced-motion controls remain reachable and render ten reserve marks (6.2s)
  ok  8 tests\t017.spec.ts:7:34 › full viewport centers the tower and fits the ground at 1920x1080 (12.1s)
  ok  9 tests\t017.spec.ts:7:34 › full viewport centers the tower and fits the ground at 1600x900 (10.4s)
  ok 10 tests\t017.spec.ts:7:34 › full viewport centers the tower and fits the ground at 1440x1000 (9.8s)
  ok 11 tests\t017.spec.ts:7:34 › full viewport centers the tower and fits the ground at 1280x720 (9.3s)
  ok 12 tests\t017.spec.ts:11:1 › visible HUD backgrounds consume input while transparent HUD space remains a world surface (6.4s)
  ok 13 tests\t017.spec.ts:15:1 › captured roster drag released over HUD cannot deploy into the valid ground behind it (17.2s)
  ok 14 tests\t017.spec.ts:20:39 › tower UI toggles and sale drag never change a static world's projection (23.2s)
  ok 15 tests\t017.spec.ts:20:39 › explore UI toggles and sale drag never change a static world's projection (13.5s)
  ok 16 tests\t017.spec.ts:29:35 › exploration retains paused hunter follow and bounded companion offset, reduced=false (11.5s)
  ok 17 tests\t017.spec.ts:29:35 › exploration retains paused hunter follow and bounded companion offset, reduced=true (8.9s)
  ok 18 tests\t017.spec.ts:34:1 › workbench tower shares the full viewport fit and centered world (7.7s)
  ok 19 tests\t018.spec.ts:3:1 › standalone imported map, hand drawer, campfire restoration and exit victory (13.5s)
  ok 20 tests\t018.spec.ts:24:1 › drawer locks for selected cards and imported corridors accept actual movement (11.3s)
  ok 21 tests\t020.spec.ts:6:1 › real C and numbers change DirectActor even paused; clone observation keeps skill and control (12.7s)
  ok 22 tests\t020.spec.ts:14:1 › modal aim and panels block quick control without canceling the action (12.4s)
  ok 23 tests\t020.spec.ts:20:1 › camera follows current primary with capped offset, smooth switching and fixed projection (20.2s)
  x  24 tests\t020.spec.ts:28:1 › skill input stays on controlled companion and incapacitation updates control without revival theft (14.2s)
(node:102404) Warning: The 'NO_COLOR' env is ignored due to the 'FORCE_COLOR' env being set.
(Use `node --trace-warnings ...` to show where the warning was created)
(node:102404) Warning: The 'NO_COLOR' env is ignored due to the 'FORCE_COLOR' env being set.
(Use `node --trace-warnings ...` to show where the warning was created)
  ok 25 tests\t020.spec.ts:33:1 › blink, item, drag, economy and exit confirmation retain exclusive input (11.4s)


  1) tests\personal.spec.ts:6:1 › mouse-only blink, separate copy control and healthy shadow return use actual buttons 

    Error: expect(locator).toHaveText(expected) failed

    Locator:  locator('#blink-stock')
    Expected: "9 / 10"
    Received: "10 / 10"
    Timeout:  5000ms

    Call log:
      - Expect "toHaveText" locator('#blink-stock') with timeout 5000ms
      - waiting for locator('#blink-stock')
        12 × locator resolved to <b id="blink-stock">10 / 10</b>
           - unexpected value "10 / 10"


      4 | test('number selection and held WASD preserve selected character, release and blur stop movement',async({page})=>{await start(page);await page.keyboard.press('1');await expect(page.locator('#time-mode')).toContainText('0.1');const x=await page.evaluate(()=>(window as any).prototype.state.units[0].pos.x);await page.keyboard.down('d');await expect.poll(()=>page.evaluate(()=>(window as any).prototype.state.units[0].pos.x)).toBeGreaterThan(x+.15);await page.keyboard.up('d');await expect(page.locator('#control-status')).toContainText('猎人');const after=await page.evaluate(()=>(window as any).prototype.state.units[0].pos.x);expect(after).toBeGreaterThan(x+.15);expect(await page.evaluate(()=>(window as any).prototype.interaction.selectedId)).toBe('hunter');await page.waitForTimeout(200);expect(await page.evaluate(()=>(window as any).prototype.state.units[0].pos.x)).toBeCloseTo(after,3);await page.keyboard.down('a');await page.evaluate(()=>window.dispatchEvent(new Event('blur')));const p=await page.evaluate(()=>(window as any).prototype.state.units[0].pos.x);await page.waitForTimeout(250);expect(await page.evaluate(()=>(window as any).prototype.state.units[0].pos.x)).toBeCloseTo(p,3);await page.keyboard.up('a');});
      5 | test('E keeps selection, stops held movement and does not silently resume; pause survives right cancel',async({page})=>{await start(page);await page.evaluate(()=>(window as any).prototype.state.units[0].skillCd=0);await page.keyboard.press('1');await page.keyboard.down('d');await page.waitForTimeout(100);await page.keyboard.press('e');expect(await page.evaluate(()=>(window as any).prototype.interaction.selectedId)).toBe('hunter');const p=await page.evaluate(()=>(window as any).prototype.state.units[0].pos.x);await page.waitForTimeout(200);expect(await page.evaluate(()=>(window as any).prototype.state.units[0].pos.x)).toBeCloseTo(p,3);expect(await page.evaluate(()=>(window as any).prototype.state.units[0].skillTime)).toBeGreaterThan(0);await page.keyboard.up('d');await page.keyboard.press('Space');await page.mouse.click(800,400,{button:'right'});await expect(page.locator('#time-mode')).toHaveText('战术暂停');});
    > 6 | test('mouse-only blink, separate copy control and healthy shadow return use actual buttons',async({page})=>{await start(page);await page.locator('[data-unit="hunter"]').click();await page.locator('[data-action="blink"]').click();const to=await page.evaluate(()=>(window as any).prototype.project({x:3,y:4}));await page.mouse.click(to.x,to.y);await expect(page.locator('#blink-stock')).toHaveText('9 / 10');await page.locator('[data-unit="ines"]').click();const p=await page.evaluate(()=>(window as any).prototype.project({x:4,y:4}));await page.mouse.click(p.x,p.y);await page.locator('[data-unit="ines"]').click();await expect(page.locator('#unit-detail')).toContainText('伊内丝');await page.locator('[data-extract="ines"]').click();await page.evaluate(async()=>{const {step}=await import('/src/core/engine.ts' as string);step((window as any).prototype.state,1.2);});await expect.poll(()=>page.evaluate(()=>(window as any).prototype.state.units.find((u:any)=>u.id==='ines').life)).toBe('withdrawn');await expect(page.locator('#life-ines')).toContainText('始动');await expect(page.locator('#crystal-retreat')).toBeHidden();});
        |                                                                                                                                                                                                                                                                                                                                                                                                  ^
      7 | test('Shift uses held direction and cannot blink hunter while another character selected',async({page})=>{await start(page);await page.keyboard.down('d');await page.keyboard.press('Shift');await page.keyboard.up('d');await expect(page.locator('#blink-stock')).toHaveText('9 / 10');await page.keyboard.press('2');await page.keyboard.press('Shift');await expect(page.locator('#blink-stock')).toHaveText('9 / 10');});
      8 | test('real map keyboard recall, redeployment and explicit casualty rescue form one loop',async({page})=>{
      9 |  await start(page);await page.keyboard.press('3');const p=await page.evaluate(()=>(window as any).prototype.project({x:3,y:4}));await page.mouse.click(p.x,p.y);
        at E:\WORLDCREATOR\XingHaiHuiLang\Origin\game\tests\personal.spec.ts:6:386

    Error Context: ..\work\browser-results\personal-mouse-only-blink--b6e1e-w-return-use-actual-buttons\error-context.md

  2) tests\t020.spec.ts:28:1 › skill input stays on controlled companion and incapacitation updates control without revival theft 

    Error: expect(received).toBe(expected) // Object.is equality

    Expected: true
    Received: false

    Call Log:
    - Timeout 5000ms exceeded while waiting on the predicate

      27 |
      28 | test('skill input stays on controlled companion and incapacitation updates control without revival theft',async({page})=>{
    > 29 |  test.setTimeout(90000);await begin(page);await page.keyboard.press('2');await page.evaluate(async()=>{const p=(window as any).prototype,{command,cloneTiles}=await import('/src/core/engine.ts' as string);p.state.fragments=40;command(p.state,{type:'clone',id:'ines',to:cloneTiles(p.state,'ines')[0]});});await page.locator('[data-copy-select]').first().click();await page.locator('[data-action="pause"]').click();await page.evaluate(()=>{const s=(window as any).prototype.state;for(const u of s.units)if(u.id==='ines'||u.cloneOf==='ines')u.skillStates[u.skillId].counter=8;});await page.keyboard.press('e');await expect.poll(()=>page.evaluate(()=>{const u=(window as any).prototype.state.units.find((u:any)=>u.id==='ines');return u.skillStates[u.skillId].counter;})).toBe(0);expect(await page.evaluate(()=>{const u=(window as any).prototype.state.units.find((u:any)=>u.cloneOf==='ines');return u.skillStates[u.skillId].counter;})).toBe(8);await page.evaluate(()=>{const u=(window as any).prototype.state.units.find((u:any)=>u.id==='ines');u.skillStates[u.skillId].counter=8;});await page.locator('#world-skill [data-skill="ines"]').click();await expect.poll(()=>page.evaluate(()=>{const u=(window as any).prototype.state.units.find((u:any)=>u.id==='ines');return u.skillStates[u.skillId].counter;})).toBe(0);
         |                                                                                                                                                                                                                                                                                                                                                                                                                                                                                                                                                                                                                                                                                                                                                                                         ^
      30 |  await page.evaluate(()=>{const s=(window as any).prototype.state,a=s.units.find((u:any)=>u.id==='ines');a.life='downed';});await expect.poll(()=>actor(page)).toBe('hunter');await expect(page.locator('[data-unit="hunter"]')).toContainText('当前操控');await page.evaluate(()=>{const s=(window as any).prototype.state,a=s.units.find((u:any)=>u.id==='ines');a.life='active';a.hp=a.maxHp;});await expect(page.locator('[data-unit="ines"]')).toContainText('AI');expect(await actor(page)).toBe('hunter');
      31 | });
      32 |
        at E:\WORLDCREATOR\XingHaiHuiLang\Origin\game\tests\t020.spec.ts:29:761

    Error Context: ..\work\browser-results\t020-skill-input-stays-on--5ca7c-ntrol-without-revival-theft\error-context.md

  2 failed
    tests\personal.spec.ts:6:1 › mouse-only blink, separate copy control and healthy shadow return use actual buttons 
    tests\t020.spec.ts:28:1 › skill input stays on controlled companion and incapacitation updates control without revival theft 
  23 passed (4.7m)
