
> shadow-court-prototype@0.1.0 test
> vitest run


 RUN  v4.1.11 E:/WORLDCREATOR/XingHaiHuiLang/Origin/game

 ❯ tests/t012-normal.test.ts (1 test | 1 failed) 59526ms
   × normal resources complete short, rest and all twelve dark waves before unique banking 59525ms

⎯⎯⎯⎯⎯⎯⎯ Failed Tests 1 ⎯⎯⎯⎯⎯⎯⎯

 FAIL  tests/t012-normal.test.ts > normal resources complete short, rest and all twelve dark waves before unique banking
Error: Test timed out in 20000ms.
If this is a long-running test, pass a timeout value as the last argument or configure it globally with "testTimeout".
 ❯ tests/t012-normal.test.ts:7:1
      5| import {writeFileSync,mkdirSync} from 'node:fs';
      6|
      7| test('normal resources complete short, rest and all twelve dark waves …
       | ^
      8|  mkdirSync('../记录/验证/T-016',{recursive:true});
      9|  const s=createGame(),trace:any[]=[],waves:any[]=[];

⎯⎯⎯⎯⎯⎯⎯⎯⎯⎯⎯⎯⎯⎯⎯⎯⎯⎯⎯⎯⎯⎯⎯⎯[1/1]⎯


 Test Files  1 failed | 49 passed (50)
      Tests  1 failed | 533 passed (534)
   Start at  13:34:47
   Duration  61.18s (transform 15.35s, setup 0ms, import 29.15s, tests 82.04s, environment 5ms)

