
Running 26 tests using 1 worker

(node:106816) Warning: The 'NO_COLOR' env is ignored due to the 'FORCE_COLOR' env being set.
(Use `node --trace-warnings ...` to show where the warning was created)
(node:106816) Warning: The 'NO_COLOR' env is ignored due to the 'FORCE_COLOR' env being set.
(Use `node --trace-warnings ...` to show where the warning was created)
  ok  1 tests\personal.spec.ts:4:1 › number selection and held WASD preserve selected character, release and blur stop movement (6.6s)
  ok  2 tests\personal.spec.ts:5:1 › E keeps selection, stops held movement and does not silently resume; pause survives right cancel (5.6s)
  x   3 tests\personal.spec.ts:6:1 › mouse-only blink, separate copy control and healthy shadow return use actual buttons (30.2s)
(node:78744) Warning: The 'NO_COLOR' env is ignored due to the 'FORCE_COLOR' env being set.
(Use `node --trace-warnings ...` to show where the warning was created)
(node:78744) Warning: The 'NO_COLOR' env is ignored due to the 'FORCE_COLOR' env being set.
(Use `node --trace-warnings ...` to show where the warning was created)
  ok  4 tests\personal.spec.ts:7:1 › Shift uses held direction and cannot blink hunter while another character selected (3.7s)
  ok  5 tests\personal.spec.ts:8:1 › real map keyboard recall, redeployment and explicit casualty rescue form one loop (6.1s)
  ok  6 tests\personal.spec.ts:23:1 › menu interruption requires release and press again; right cancel keeps submitted recall (7.0s)
  ok  7 tests\personal.spec.ts:27:1 › compact reduced-motion controls remain reachable and render ten reserve marks (5.5s)
  ok  8 tests\t010-controls.spec.ts:3:1 › copy selected labels its existing Q action as destruction instead of shadow recall (9.4s)
  ok  9 tests\t016-playtest-fix.spec.ts:3:1 › held WASD stops at broken posture and resumes only while physically held after recovery (7.1s)
  ok 10 tests\t016-playtest-fix.spec.ts:13:1 › shieldguard Brace is visible in the existing developer panel (7.0s)
  ok 11 tests\t017.spec.ts:7:34 › full viewport centers the tower and fits the ground at 1920x1080 (12.7s)
  ok 12 tests\t017.spec.ts:7:34 › full viewport centers the tower and fits the ground at 1600x900 (10.0s)
  ok 13 tests\t017.spec.ts:7:34 › full viewport centers the tower and fits the ground at 1440x1000 (16.1s)
  ok 14 tests\t017.spec.ts:7:34 › full viewport centers the tower and fits the ground at 1280x720 (19.3s)
  ok 15 tests\t017.spec.ts:11:1 › visible HUD backgrounds consume input while transparent HUD space remains a world surface (10.1s)
  x  16 tests\t017.spec.ts:15:1 › captured roster drag released over HUD cannot deploy into the valid ground behind it (31.8s)
(node:108972) Warning: The 'NO_COLOR' env is ignored due to the 'FORCE_COLOR' env being set.
(Use `node --trace-warnings ...` to show where the warning was created)
(node:108972) Warning: The 'NO_COLOR' env is ignored due to the 'FORCE_COLOR' env being set.
(Use `node --trace-warnings ...` to show where the warning was created)
  ok 17 tests\t017.spec.ts:20:39 › tower UI toggles and sale drag never change a static world's projection (27.0s)
  x  18 tests\t017.spec.ts:20:39 › explore UI toggles and sale drag never change a static world's projection (10.7s)
(node:110208) Warning: The 'NO_COLOR' env is ignored due to the 'FORCE_COLOR' env being set.
(Use `node --trace-warnings ...` to show where the warning was created)
(node:110208) Warning: The 'NO_COLOR' env is ignored due to the 'FORCE_COLOR' env being set.
(Use `node --trace-warnings ...` to show where the warning was created)
  ok 19 tests\t017.spec.ts:29:35 › exploration retains paused hunter follow and bounded companion offset, reduced=false (9.3s)
  ok 20 tests\t017.spec.ts:29:35 › exploration retains paused hunter follow and bounded companion offset, reduced=true (8.9s)
  ok 21 tests\t017.spec.ts:34:1 › workbench tower shares the full viewport fit and centered world (7.7s)
  x  22 tests\t018.spec.ts:3:1 › standalone imported map, hand drawer, campfire restoration and exit victory (13.2s)
(node:112056) Warning: The 'NO_COLOR' env is ignored due to the 'FORCE_COLOR' env being set.
(Use `node --trace-warnings ...` to show where the warning was created)
(node:112056) Warning: The 'NO_COLOR' env is ignored due to the 'FORCE_COLOR' env being set.
(Use `node --trace-warnings ...` to show where the warning was created)
  ok 23 tests\t018.spec.ts:24:1 › drawer locks for selected cards and imported corridors accept actual movement (7.3s)
  ok 24 tests\t019.spec.ts:5:1 › departure requires one companion and permits changing it before leaving (9.9s)
  ok 25 tests\t019.spec.ts:11:1 › two-person roster and clones survive a completed run and a different companion next run (16.7s)
  ok 26 tests\t019.spec.ts:22:1 › real-time WASD and seeded encounter debug evidence use EC01 tuning (13.5s)


  1) tests\personal.spec.ts:6:1 › mouse-only blink, separate copy control and healthy shadow return use actual buttons 

    Test timeout of 30000ms exceeded.

    Error: locator.click: Test timeout of 30000ms exceeded.
    Call log:
      - waiting for locator('[data-action="blink"]')
        - locator resolved to <button id="blink-button" data-action="blink">…</button>
      - attempting click action
        2 × waiting for element to be visible, enabled and stable
          - element is not visible
        - retrying click action
        - waiting 20ms
        2 × waiting for element to be visible, enabled and stable
          - element is not visible
        - retrying click action
          - waiting 100ms
        18 × waiting for element to be visible, enabled and stable
           - element is not visible
         - retrying click action
           - waiting 500ms


      4 | test('number selection and held WASD preserve selected character, release and blur stop movement',async({page})=>{await start(page);await page.keyboard.press('1');await expect(page.locator('#time-mode')).toContainText('0.1');const x=await page.evaluate(()=>(window as any).prototype.state.units[0].pos.x);await page.keyboard.down('d');await expect.poll(()=>page.evaluate(()=>(window as any).prototype.state.units[0].pos.x)).toBeGreaterThan(x+.15);await page.keyboard.up('d');await expect(page.locator('#control-status')).toContainText('猎人');const after=await page.evaluate(()=>(window as any).prototype.state.units[0].pos.x);expect(after).toBeGreaterThan(x+.15);expect(await page.evaluate(()=>(window as any).prototype.interaction.selectedId)).toBe('hunter');await page.waitForTimeout(200);expect(await page.evaluate(()=>(window as any).prototype.state.units[0].pos.x)).toBeCloseTo(after,3);await page.keyboard.down('a');await page.evaluate(()=>window.dispatchEvent(new Event('blur')));const p=await page.evaluate(()=>(window as any).prototype.state.units[0].pos.x);await page.waitForTimeout(250);expect(await page.evaluate(()=>(window as any).prototype.state.units[0].pos.x)).toBeCloseTo(p,3);await page.keyboard.up('a');});
      5 | test('E keeps selection, stops held movement and does not silently resume; pause survives right cancel',async({page})=>{await start(page);await page.evaluate(()=>(window as any).prototype.state.units[0].skillCd=0);await page.keyboard.press('1');await page.keyboard.down('d');await page.waitForTimeout(100);await page.keyboard.press('e');expect(await page.evaluate(()=>(window as any).prototype.interaction.selectedId)).toBe('hunter');const p=await page.evaluate(()=>(window as any).prototype.state.units[0].pos.x);await page.waitForTimeout(200);expect(await page.evaluate(()=>(window as any).prototype.state.units[0].pos.x)).toBeCloseTo(p,3);expect(await page.evaluate(()=>(window as any).prototype.state.units[0].skillTime)).toBeGreaterThan(0);await page.keyboard.up('d');await page.keyboard.press('Space');await page.mouse.click(800,400,{button:'right'});await expect(page.locator('#time-mode')).toHaveText('战术暂停');});
    > 6 | test('mouse-only blink, separate copy control and healthy shadow return use actual buttons',async({page})=>{await start(page);await page.locator('[data-action="blink"]').click();const to=await page.evaluate(()=>(window as any).prototype.project({x:3,y:4}));await page.mouse.click(to.x,to.y);await expect(page.locator('#blink-stock')).toHaveText('9 / 10');await page.locator('[data-unit="ines"]').click();const p=await page.evaluate(()=>(window as any).prototype.project({x:4,y:4}));await page.mouse.click(p.x,p.y);await page.locator('[data-unit="ines"]').click();await expect(page.locator('#unit-detail')).toContainText('伊内丝');await page.locator('[data-extract="ines"]').click();await page.evaluate(async()=>{const {step}=await import('/src/core/engine.ts' as string);step((window as any).prototype.state,1.2);});await expect.poll(()=>page.evaluate(()=>(window as any).prototype.state.units.find((u:any)=>u.id==='ines').life)).toBe('withdrawn');await expect(page.locator('#life-ines')).toContainText('始动');await expect(page.locator('#crystal-retreat')).toBeHidden();});
        |                                                                                                                                                                           ^
      7 | test('Shift uses held direction and cannot blink hunter while another character selected',async({page})=>{await start(page);await page.keyboard.down('d');await page.keyboard.press('Shift');await page.keyboard.up('d');await expect(page.locator('#blink-stock')).toHaveText('9 / 10');await page.keyboard.press('2');await page.keyboard.press('Shift');await expect(page.locator('#blink-stock')).toHaveText('9 / 10');});
      8 | test('real map keyboard recall, redeployment and explicit casualty rescue form one loop',async({page})=>{
      9 |  await start(page);await page.keyboard.press('3');const p=await page.evaluate(()=>(window as any).prototype.project({x:3,y:4}));await page.mouse.click(p.x,p.y);
        at E:\WORLDCREATOR\XingHaiHuiLang\Origin\game\tests\personal.spec.ts:6:171

    Error Context: ..\work\browser-results\personal-mouse-only-blink--b6e1e-w-return-use-actual-buttons\error-context.md

  2) tests\t017.spec.ts:15:1 › captured roster drag released over HUD cannot deploy into the valid ground behind it 

    Test timeout of 30000ms exceeded.

    Error: mouse.move: Test timeout of 30000ms exceeded.

      14 |
      15 | test('captured roster drag released over HUD cannot deploy into the valid ground behind it',async({page})=>{
    > 16 |  await page.setViewportSize({width:1280,height:720});await tower(page);await page.evaluate(async()=>{const {step}=await import('/src/core/engine.ts' as string);step((window as any).prototype.state,10.1);});const drop=await page.evaluate(async()=>{const p=(window as any).prototype,s=p.state,u=s.units.find((u:any)=>u.id==='ines'),{canDeployAt}=await import('/src/core/engine.ts' as string);return s.tiles.filter((q:any)=>canDeployAt(s,q,u)).map((q:any)=>({...p.project(q),tile:q})).find((q:any)=>document.elementFromPoint(q.x,q.y)?.closest('.bottom-dock')&&p.scene.pick(q.x,q.y).tile);});expect(drop,'fixture must expose actual ground underneath the HUD').toBeTruthy();const from=await page.locator('[data-unit="ines"]').boundingBox();await page.mouse.move(from!.x+from!.width/2,from!.y+from!.height/2);await page.mouse.down();await page.mouse.move(drop.x,drop.y,{steps:12});await page.mouse.up();expect(await page.evaluate(()=>(window as any).prototype.state.units.find((u:any)=>u.id==='ines').life)).toBe('reserve');
         |                                                                                                                                                                                                                                                                                                                                                                                                                                                                                                                                                                                                                                                                                                                                                                                                                                                                             ^
      17 | });
      18 |
      19 | async function explore(page:Page){await page.goto('/');await page.locator('[data-action="carry"]').click();await page.evaluate(()=>{const s=(window as any).prototype.state;s.completed.push(1);s.phase='nodes';});await page.locator('[data-node="4"]').click();await page.locator('[data-action="pause"]').click();}
        at E:\WORLDCREATOR\XingHaiHuiLang\Origin\game\tests\t017.spec.ts:16:845

    Error Context: ..\work\browser-results\t017-captured-roster-drag--b8ee6--the-valid-ground-behind-it\error-context.md

  3) tests\t017.spec.ts:20:39 › explore UI toggles and sale drag never change a static world's projection 

    Error: locator.click: Error: strict mode violation: locator('[data-action="backpack"]') resolved to 2 elements:
        1) <button class="text-btn" data-action="backpack">…</button> aka getByRole('button', { name: '行囊' })
        2) <button data-action="backpack">关闭</button> aka getByRole('button', { name: '关闭' })

    Call log:
      - waiting for locator('[data-action="backpack"]')


      20 | for(const mode of ['tower','explore'])test(`${mode} UI toggles and sale drag never change a static world's projection`,async({page})=>{
      21 |  await (mode==='tower'?tower(page):explore(page));const before=await projection(page),rows:any[]=[];const unchanged=async(label:string)=>{const after=await projection(page);expect(after.matrix).toEqual(before.matrix);expect(Math.abs(after.center.x-before.center.x)).toBeLessThan(.01);expect(Math.abs(after.center.y-before.center.y)).toBeLessThan(.01);rows.push({label,...after});};
    > 22 |  for(const action of ['backpack','debug']){await page.locator(`[data-action="${action}"]`).click();await unchanged(action+' on');await page.locator(`[data-action="${action}"]`).click();await unchanged(action+' off');}
         |                                                                                                                                                                                  ^
      23 |  await page.getByRole('button',{name:'职业与构筑',exact:true}).click();await expect(page.locator('#build-panel')).toBeVisible();await unchanged('build on');await page.locator('[data-action="close-build"]').click();await unchanged('build off');
      24 |  await page.locator('[data-unit="hunter"]').click();await expect(page.locator('#unit-detail')).toBeVisible();await expect(page.locator('#world-skill [data-skill]')).toBeVisible();await unchanged('detail and world skill on');const skill=await page.evaluate(()=>{const p=(window as any).prototype,h=p.state.units[0],q=p.project(h.drawPos||h.pos),el=document.querySelector('#world-skill') as HTMLElement;return {q,left:parseFloat(el.style.left),top:parseFloat(el.style.top)};});expect(skill.left-skill.q.x).toBeCloseTo(22,3);expect(skill.top-skill.q.y).toBeCloseTo(-47,3);
      25 |  await page.keyboard.press('Tab');await expect(page.locator('#tactical-hand')).toHaveAttribute('aria-hidden','false');await page.locator('[data-card]').first().click();await expect(page.locator('#notice')).not.toBeEmpty();await unchanged('card aim and notice');await page.mouse.click(700,350,{button:'right'});await unchanged('detail and world skill off');
        at E:\WORLDCREATOR\XingHaiHuiLang\Origin\game\tests\t017.spec.ts:22:178

    Error Context: ..\work\browser-results\t017-explore-UI-toggles-an-7526b-a-static-world-s-projection\error-context.md

  4) tests\t018.spec.ts:3:1 › standalone imported map, hand drawer, campfire restoration and exit victory 

    Error: expect(locator).toBeHidden() failed

    Locator:  locator('#personal-controls')
    Expected: hidden
    Received: visible
    Timeout:  5000ms

    Call log:
      - Expect "toBeHidden" locator('#personal-controls') with timeout 5000ms
      - waiting for locator('#personal-controls')
        11 × locator resolved to <section id="personal-controls">…</section>
           - unexpected value "visible"


       8 |  await expect.poll(()=>page.evaluate(()=>(window as any).prototype.scene.terrain.userData.loaded),{timeout:45000}).toBe(true);
       9 |  expect(await page.evaluate(()=>(window as any).prototype.scene.terrain.userData.importedInstances)).toBe(3275);
    > 10 |  await expect(page.locator('#tactical-hand')).toHaveAttribute('aria-hidden','true');await expect(page.locator('#personal-controls')).toBeHidden();
         |                                                                                                                                      ^
      11 |  const projection=()=>page.evaluate(()=>[...(window as any).prototype.scene.camera.projectionMatrix.elements]);const before=await projection();
      12 |  await page.keyboard.press('Tab');await expect(page.locator('#tactical-hand')).toHaveAttribute('aria-hidden','false');expect(await projection()).toEqual(before);
      13 |  await page.keyboard.press('Tab');await expect(page.locator('#tactical-hand')).toHaveAttribute('aria-hidden','true');
        at E:\WORLDCREATOR\XingHaiHuiLang\Origin\game\tests\t018.spec.ts:10:134

    Error Context: ..\work\browser-results\t018-standalone-imported-m-172a1-estoration-and-exit-victory\error-context.md

  4 failed
    tests\personal.spec.ts:6:1 › mouse-only blink, separate copy control and healthy shadow return use actual buttons 
    tests\t017.spec.ts:15:1 › captured roster drag released over HUD cannot deploy into the valid ground behind it 
    tests\t017.spec.ts:20:39 › explore UI toggles and sale drag never change a static world's projection 
    tests\t018.spec.ts:3:1 › standalone imported map, hand drawer, campfire restoration and exit victory 
  22 passed (5.4m)
